Archive member included to satisfy reference by file (symbol)

/opt/devkitpro/portlibs/3ds/lib/libbox2d.a(b2_polygon_shape.cpp.obj)
                              main.o (b2PolygonShape::SetAsBox(float, float))
/opt/devkitpro/portlibs/3ds/lib/libbox2d.a(b2_block_allocator.cpp.obj)
                              /opt/devkitpro/portlibs/3ds/lib/libbox2d.a(b2_polygon_shape.cpp.obj) (b2BlockAllocator::Allocate(int))
/opt/devkitpro/portlibs/3ds/lib/libbox2d.a(b2_settings.cpp.obj)
                              /opt/devkitpro/portlibs/3ds/lib/libbox2d.a(b2_block_allocator.cpp.obj) (b2Alloc_Default(int))
/opt/devkitpro/portlibs/3ds/lib/libbox2d.a(b2_body.cpp.obj)
                              main.o (b2Body::CreateFixture(b2FixtureDef const*))
/opt/devkitpro/portlibs/3ds/lib/libbox2d.a(b2_contact_manager.cpp.obj)
                              /opt/devkitpro/portlibs/3ds/lib/libbox2d.a(b2_body.cpp.obj) (b2ContactManager::Destroy(b2Contact*))
/opt/devkitpro/portlibs/3ds/lib/libbox2d.a(b2_fixture.cpp.obj)
                              /opt/devkitpro/portlibs/3ds/lib/libbox2d.a(b2_body.cpp.obj) (b2Fixture::b2Fixture())
/opt/devkitpro/portlibs/3ds/lib/libbox2d.a(b2_world.cpp.obj)
                              main.o (b2World::b2World(b2Vec2 const&))
/opt/devkitpro/portlibs/3ds/lib/libbox2d.a(b2_world_callbacks.cpp.obj)
                              /opt/devkitpro/portlibs/3ds/lib/libbox2d.a(b2_contact_manager.cpp.obj) (vtable for b2ContactFilter)
/opt/devkitpro/portlibs/3ds/lib/libbox2d.a(b2_broad_phase.cpp.obj)
                              /opt/devkitpro/portlibs/3ds/lib/libbox2d.a(b2_contact_manager.cpp.obj) (b2BroadPhase::b2BroadPhase())
/opt/devkitpro/portlibs/3ds/lib/libbox2d.a(b2_distance.cpp.obj)
                              /opt/devkitpro/portlibs/3ds/lib/libbox2d.a(b2_world.cpp.obj) (b2DistanceProxy::Set(b2Shape const*, int))
/opt/devkitpro/portlibs/3ds/lib/libbox2d.a(b2_dynamic_tree.cpp.obj)
                              /opt/devkitpro/portlibs/3ds/lib/libbox2d.a(b2_broad_phase.cpp.obj) (b2DynamicTree::b2DynamicTree())
/opt/devkitpro/portlibs/3ds/lib/libbox2d.a(b2_time_of_impact.cpp.obj)
                              /opt/devkitpro/portlibs/3ds/lib/libbox2d.a(b2_world.cpp.obj) (b2TimeOfImpact(b2TOIOutput*, b2TOIInput const*))
/opt/devkitpro/portlibs/3ds/lib/libbox2d.a(b2_draw.cpp.obj)
                              /opt/devkitpro/portlibs/3ds/lib/libbox2d.a(b2_world.cpp.obj) (b2Draw::GetFlags() const)
/opt/devkitpro/portlibs/3ds/lib/libbox2d.a(b2_math.cpp.obj)
                              /opt/devkitpro/portlibs/3ds/lib/libbox2d.a(b2_body.cpp.obj) (b2Vec2_zero)
/opt/devkitpro/portlibs/3ds/lib/libbox2d.a(b2_stack_allocator.cpp.obj)
                              /opt/devkitpro/portlibs/3ds/lib/libbox2d.a(b2_world.cpp.obj) (b2StackAllocator::b2StackAllocator())
/opt/devkitpro/portlibs/3ds/lib/libbox2d.a(b2_timer.cpp.obj)
                              /opt/devkitpro/portlibs/3ds/lib/libbox2d.a(b2_world.cpp.obj) (b2Timer::b2Timer())
/opt/devkitpro/portlibs/3ds/lib/libbox2d.a(b2_contact.cpp.obj)
                              /opt/devkitpro/portlibs/3ds/lib/libbox2d.a(b2_contact_manager.cpp.obj) (b2Contact::Create(b2Fixture*, int, b2Fixture*, int, b2BlockAllocator*))
/opt/devkitpro/portlibs/3ds/lib/libbox2d.a(b2_edge_circle_contact.cpp.obj)
                              /opt/devkitpro/portlibs/3ds/lib/libbox2d.a(b2_contact.cpp.obj) (b2EdgeAndCircleContact::Destroy(b2Contact*, b2BlockAllocator*))
/opt/devkitpro/portlibs/3ds/lib/libbox2d.a(b2_edge_polygon_contact.cpp.obj)
                              /opt/devkitpro/portlibs/3ds/lib/libbox2d.a(b2_contact.cpp.obj) (b2EdgeAndPolygonContact::Destroy(b2Contact*, b2BlockAllocator*))
/opt/devkitpro/portlibs/3ds/lib/libbox2d.a(b2_island.cpp.obj)
                              /opt/devkitpro/portlibs/3ds/lib/libbox2d.a(b2_world.cpp.obj) (b2Island::b2Island(int, int, int, b2StackAllocator*, b2ContactListener*))
/opt/devkitpro/portlibs/3ds/lib/libbox2d.a(b2_joint.cpp.obj)
                              /opt/devkitpro/portlibs/3ds/lib/libbox2d.a(b2_world.cpp.obj) (b2Joint::Create(b2JointDef const*, b2BlockAllocator*))
/opt/devkitpro/portlibs/3ds/lib/libbox2d.a(b2_motor_joint.cpp.obj)
                              /opt/devkitpro/portlibs/3ds/lib/libbox2d.a(b2_joint.cpp.obj) (b2MotorJoint::b2MotorJoint(b2MotorJointDef const*))
/opt/devkitpro/portlibs/3ds/lib/libbox2d.a(b2_mouse_joint.cpp.obj)
                              /opt/devkitpro/portlibs/3ds/lib/libbox2d.a(b2_joint.cpp.obj) (b2MouseJoint::b2MouseJoint(b2MouseJointDef const*))
/opt/devkitpro/portlibs/3ds/lib/libbox2d.a(b2_polygon_circle_contact.cpp.obj)
                              /opt/devkitpro/portlibs/3ds/lib/libbox2d.a(b2_contact.cpp.obj) (b2PolygonAndCircleContact::Destroy(b2Contact*, b2BlockAllocator*))
/opt/devkitpro/portlibs/3ds/lib/libbox2d.a(b2_polygon_contact.cpp.obj)
[...]
Memory Configuration

Name             Origin             Length             Attributes
*default*        0x00000000         0xffffffff

Linker script and memory map

                0x00000000                        __sync_synchronize = __sync_synchronize_dmb
                0x00100000                        PROVIDE (__start__ = 0x100000)
                0x00100000                        . = __start__

.text           0x00100000    0x2da54
 *(.crt0)
 .crt0          0x00100000       0x94 /opt/devkitpro/devkitARM/bin/../lib/gcc/arm-none-eabi/14.2.0/../../../../arm-none-eabi/lib/armv6k/fpu/3dsx_crt0.o
                0x00100000                _start
                0x00100008                __service_ptr
                0x0010000c                __apt_appid
                0x00100010                __heap_size
                0x00100014                __linear_heap_size
                0x00100018                __system_arglist
                0x0010001c                __system_runflags
 *(.init)
 .init          0x00100094        0xc /opt/devkitpro/devkitARM/bin/../lib/gcc/arm-none-eabi/14.2.0/armv6k/fpu/crti.o
                0x00100094                _init
 .init          0x001000a0        0xc /opt/devkitpro/devkitARM/bin/../lib/gcc/arm-none-eabi/14.2.0/armv6k/fpu/crtn.o
                0x001000ac                        . = ALIGN (0x4)
 *(.text)
 .text          0x001000ac      0x20c /opt/devkitpro/devkitARM/bin/../lib/gcc/arm-none-eabi/14.2.0/armv6k/fpu/libgcc.a(_udivsi3.o)
                0x001000ac                __udivsi3
                0x001000ac                __aeabi_uidiv
                0x00100298                __aeabi_uidivmod
 .text          0x001002b8      0x240 /opt/devkitpro/devkitARM/bin/../lib/gcc/arm-none-eabi/14.2.0/armv6k/fpu/libgcc.a(_divsi3.o)
                0x001002b8                __aeabi_idiv
                0x001002b8                __divsi3
                0x001004d8                __aeabi_idivmod
 .text          0x001004f8        0x4 /opt/devkitpro/devkitARM/bin/../lib/gcc/arm-none-eabi/14.2.0/armv6k/fpu/libgcc.a(_dvmd_tls.o)
                0x001004f8                __aeabi_ldiv0
                0x001004f8                __aeabi_idiv0
 .text          0x001004fc      0x3c0 /opt/devkitpro/devkitARM/bin/../lib/gcc/arm-none-eabi/14.2.0/armv6k/fpu/libgcc.a(_arm_addsubdf3.o)
                0x001004fc                __aeabi_drsub
                0x00100504                __aeabi_dsub
                0x00100504                __subdf3
                0x00100508                __adddf3
                0x00100508                __aeabi_dadd
                0x001007b4                __aeabi_ui2d
                0x001007b4                __floatunsidf
                0x001007d8                __floatsidf
                0x001007d8                __aeabi_i2d
                0x00100800                __extendsfdf2
                0x00100800                __aeabi_f2d
                0x00100848                __aeabi_ul2d
                0x00100848                __floatundidf
                0x0010085c                __floatdidf
                0x0010085c                __aeabi_l2d
 .text          0x001008bc       0x3c /opt/devkitpro/devkitARM/bin/../lib/gcc/arm-none-eabi/14.2.0/armv6k/fpu/libgcc.a(_aeabi_uldivmod.o)
                0x001008bc                __aeabi_uldivmod
 .text          0x001008f8      0x1a8 /opt/devkitpro/devkitARM/bin/../lib/gcc/arm-none-eabi/14.2.0/armv6k/fpu/libgcc.a(libunwind.o)
                0x001008f8                __restore_core_regs
                0x001008f8                restore_core_regs
                0x0010090c                __gnu_Unwind_Restore_VFP
                0x00100914                __gnu_Unwind_Save_VFP
                0x0010091c                __gnu_Unwind_Restore_VFP_D
                0x00100924                __gnu_Unwind_Save_VFP_D
                0x0010092c                __gnu_Unwind_Restore_VFP_D_16_to_31
                0x00100934                __gnu_Unwind_Save_VFP_D_16_to_31
                0x0010093c                __gnu_Unwind_Restore_WMMXD
                0x00100980                __gnu_Unwind_Save_WMMXD
                0x001009c4                __gnu_Unwind_Restore_WMMXC
                0x001009d8                __gnu_Unwind_Save_WMMXC
                0x001009ec                ___Unwind_RaiseException
                0x001009ec                _Unwind_RaiseException
                0x00100a10                ___Unwind_Resume
                0x00100a10                _Unwind_Resume
                0x00100a34                _Unwind_Resume_or_Rethrow
                0x00100a34                ___Unwind_Resume_or_Rethrow
                0x00100a58                ___Unwind_ForcedUnwind
                0x00100a58                _Unwind_ForcedUnwind
                0x00100a7c                _Unwind_Backtrace
                0x00100a7c                ___Unwind_Backtrace
 .text          0x00100aa0      0x390 /opt/devkitpro/devkitARM/bin/../lib/gcc/arm-none-eabi/14.2.0/../../../../arm-none-eabi/lib/armv6k/fpu/libg.a(libc_a-strcmp.o)
                0x00100aa8                strcmp
 *(.text.*)
 .text.__do_global_dtors_aux
                0x00100e30       0x40 /opt/devkitpro/devkitARM/bin/../lib/gcc/arm-none-eabi/14.2.0/armv6k/fpu/crtbegin.o
 .text.frame_dummy
                0x00100e70       0x2c /opt/devkitpro/devkitARM/bin/../lib/gcc/arm-none-eabi/14.2.0/armv6k/fpu/crtbegin.o
 *fill*         0x00100e9c        0x4 
 .text.startup.main
                0x00100ea0      0x7c4 main.o
                0x00100ea0                main
 .text._ZNK14b2PolygonShape13GetChildCountEv
                0x00101664        0x8 /opt/devkitpro/portlibs/3ds/lib/libbox2d.a(b2_polygon_shape.cpp.obj)
                0x00101664                b2PolygonShape::GetChildCount() const
 .text._ZNK14b2PolygonShape9TestPointERK11b2TransformRK6b2Vec2
                0x0010166c       0x90 /opt/devkitpro/portlibs/3ds/lib/libbox2d.a(b2_polygon_shape.cpp.obj)
                0x0010166c                b2PolygonShape::TestPoint(b2Transform const&, b2Vec2 const&) const
 .text._ZN14b2PolygonShapeD2Ev
                0x001016fc        0x4 /opt/devkitpro/portlibs/3ds/lib/libbox2d.a(b2_polygon_shape.cpp.obj)
                0x001016fc                b2PolygonShape::~b2PolygonShape()
                0x001016fc                b2PolygonShape::~b2PolygonShape()
 .text._ZNK14b2PolygonShape5CloneEP16b2BlockAllocator
                0x00101700       0xd0 /opt/devkitpro/portlibs/3ds/lib/libbox2d.a(b2_polygon_shape.cpp.obj)
                0x00101700                b2PolygonShape::Clone(b2BlockAllocator*) const
 .text._ZNK14b2PolygonShape11ComputeMassEP10b2MassDataf
                0x001017d0      0x190 /opt/devkitpro/portlibs/3ds/lib/libbox2d.a(b2_polygon_shape.cpp.obj)
                0x001017d0                b2PolygonShape::ComputeMass(b2MassData*, float) const
 .text._ZNK14b2PolygonShape7RayCastEP15b2RayCastOutputRK14b2RayCastInputRK11b2Transformi
                0x00101960      0x1bc /opt/devkitpro/portlibs/3ds/lib/libbox2d.a(b2_polygon_shape.cpp.obj)
                0x00101960                b2PolygonShape::RayCast(b2RayCastOutput*, b2RayCastInput const&, b2Transform const&, int) const
 .text._ZN14b2PolygonShapeD0Ev
                0x00101b1c       0x14 /opt/devkitpro/portlibs/3ds/lib/libbox2d.a(b2_polygon_shape.cpp.obj)
                0x00101b1c                b2PolygonShape::~b2PolygonShape()
 .text._ZNK14b2PolygonShape11ComputeAABBEP6b2AABBRK11b2Transformi
                0x00101b30       0xe0 /opt/devkitpro/portlibs/3ds/lib/libbox2d.a(b2_polygon_shape.cpp.obj)
                0x00101b30                b2PolygonShape::ComputeAABB(b2AABB*, b2Transform const&, int) const
 .text._ZN14b2PolygonShape8SetAsBoxEff
                0x00101c10       0x6c /opt/devkitpro/portlibs/3ds/lib/libbox2d.a(b2_polygon_shape.cpp.obj)
                0x00101c10                b2PolygonShape::SetAsBox(float, float)
 .text._ZN16b2BlockAllocatorC2Ev
                0x00101c7c       0x48 /opt/devkitpro/portlibs/3ds/lib/libbox2d.a(b2_block_allocator.cpp.obj)
                0x00101c7c                b2BlockAllocator::b2BlockAllocator()
                0x00101c7c                b2BlockAllocator::b2BlockAllocator()
 .text._ZN16b2BlockAllocatorD2Ev
                0x00101cc4       0x48 /opt/devkitpro/portlibs/3ds/lib/libbox2d.a(b2_block_allocator.cpp.obj)
                0x00101cc4                b2BlockAllocator::~b2BlockAllocator()
                0x00101cc4                b2BlockAllocator::~b2BlockAllocator()
 .text._ZN16b2BlockAllocator8AllocateEi
                0x00101d0c      0x1a0 /opt/devkitpro/portlibs/3ds/lib/libbox2d.a(b2_block_allocator.cpp.obj)
                0x00101d0c                b2BlockAllocator::Allocate(int)
 .text._ZN16b2BlockAllocator4FreeEPvi
                0x00101eac       0x88 /opt/devkitpro/portlibs/3ds/lib/libbox2d.a(b2_block_allocator.cpp.obj)
                0x00101eac                b2BlockAllocator::Free(void*, int)
 .text.startup._GLOBAL__sub_I__ZN16b2BlockAllocatorC2Ev
                0x00101f34       0x78 /opt/devkitpro/portlibs/3ds/lib/libbox2d.a(b2_block_allocator.cpp.obj)
 .text._Z15b2Alloc_Defaulti
                0x00101fac        0x4 /opt/devkitpro/portlibs/3ds/lib/libbox2d.a(b2_settings.cpp.obj)
                0x00101fac                b2Alloc_Default(int)
 .text._Z14b2Free_DefaultPv
                0x00101fb0        0x4 /opt/devkitpro/portlibs/3ds/lib/libbox2d.a(b2_settings.cpp.obj)
                0x00101fb0                b2Free_Default(void*)
 .text._ZN6b2BodyC2EPK9b2BodyDefP7b2World
                0x00101fb4      0x2a8 /opt/devkitpro/portlibs/3ds/lib/libbox2d.a(b2_body.cpp.obj)
                0x00101fb4                b2Body::b2Body(b2BodyDef const*, b2World*)
                0x00101fb4                b2Body::b2Body(b2BodyDef const*, b2World*)
 .text._ZN6b2BodyD2Ev
                0x0010225c        0x4 /opt/devkitpro/portlibs/3ds/lib/libbox2d.a(b2_body.cpp.obj)
                0x0010225c                b2Body::~b2Body()
                0x0010225c                b2Body::~b2Body()
 .text._ZN6b2Body13ResetMassDataEv
                0x00102260      0x22c /opt/devkitpro/portlibs/3ds/lib/libbox2d.a(b2_body.cpp.obj)
                0x00102260                b2Body::ResetMassData()
 .text._ZN6b2Body13CreateFixtureEPK12b2FixtureDef
                0x0010248c       0xd8 /opt/devkitpro/portlibs/3ds/lib/libbox2d.a(b2_body.cpp.obj)
                0x0010248c                b2Body::CreateFixture(b2FixtureDef const*)
 .text._ZN6b2Body13CreateFixtureEPK7b2Shapef
                0x00102564       0x58 /opt/devkitpro/portlibs/3ds/lib/libbox2d.a(b2_body.cpp.obj)
                0x00102564                b2Body::CreateFixture(b2Shape const*, float)
 .text._ZNK6b2Body13ShouldCollideEPKS_
                0x001025bc       0x6c /opt/devkitpro/portlibs/3ds/lib/libbox2d.a(b2_body.cpp.obj)
                0x001025bc                b2Body::ShouldCollide(b2Body const*) const
 .text._ZN6b2Body19SynchronizeFixturesEv
                0x00102628       0xec /opt/devkitpro/portlibs/3ds/lib/libbox2d.a(b2_body.cpp.obj)
                0x00102628                b2Body::SynchronizeFixtures()
 .text._ZN17b2ContactListenerD2Ev
                0x00102714        0x4 /opt/devkitpro/portlibs/3ds/lib/libbox2d.a(b2_contact_manager.cpp.obj)
                0x00102714                b2ContactListener::~b2ContactListener()
                0x00102714                b2ContactListener::~b2ContactListener()
 .text._ZN17b2ContactListener12BeginContactEP9b2Contact
                0x00102718        0x4 /opt/devkitpro/portlibs/3ds/lib/libbox2d.a(b2_contact_manager.cpp.obj)
                0x00102718                b2ContactListener::BeginContact(b2Contact*)
 .text._ZN17b2ContactListener10EndContactEP9b2Contact
                0x0010271c        0x4 /opt/devkitpro/portlibs/3ds/lib/libbox2d.a(b2_contact_manager.cpp.obj)
                0x0010271c                b2ContactListener::EndContact(b2Contact*)
 .text._ZN17b2ContactListener8PreSolveEP9b2ContactPK10b2Manifold
                0x00102720        0x4 /opt/devkitpro/portlibs/3ds/lib/libbox2d.a(b2_contact_manager.cpp.obj)
                0x00102720                b2ContactListener::PreSolve(b2Contact*, b2Manifold const*)
 .text._ZN17b2ContactListener9PostSolveEP9b2ContactPK16b2ContactImpulse
                0x00102724        0x4 /opt/devkitpro/portlibs/3ds/lib/libbox2d.a(b2_contact_manager.cpp.obj)
                0x00102724                b2ContactListener::PostSolve(b2Contact*, b2ContactImpulse const*)
 .text._ZN17b2ContactListenerD0Ev
                0x00102728       0x14 /opt/devkitpro/portlibs/3ds/lib/libbox2d.a(b2_contact_manager.cpp.obj)
                0x00102728                b2ContactListener::~b2ContactListener()
 .text._ZN16b2ContactManagerC2Ev
                0x0010273c       0x3c /opt/devkitpro/portlibs/3ds/lib/libbox2d.a(b2_contact_manager.cpp.obj)
                0x0010273c                b2ContactManager::b2ContactManager()
                0x0010273c                b2ContactManager::b2ContactManager()
 .text._ZN16b2ContactManager7DestroyEP9b2Contact
                0x00102778       0xec /opt/devkitpro/portlibs/3ds/lib/libbox2d.a(b2_contact_manager.cpp.obj)
                0x00102778                b2ContactManager::Destroy(b2Contact*)
 .text._ZN16b2ContactManager7CollideEv
                0x00102864      0x1d0 /opt/devkitpro/portlibs/3ds/lib/libbox2d.a(b2_contact_manager.cpp.obj)
                0x00102864                b2ContactManager::Collide()
 .text._ZN16b2ContactManager7AddPairEPvS0_
                0x00102a34      0x184 /opt/devkitpro/portlibs/3ds/lib/libbox2d.a(b2_contact_manager.cpp.obj)
                0x00102a34                b2ContactManager::AddPair(void*, void*)
 .text._ZNK13b2DynamicTree5QueryI12b2BroadPhaseEEvPT_RK6b2AABB
                0x00102bb8      0x208 /opt/devkitpro/portlibs/3ds/lib/libbox2d.a(b2_contact_manager.cpp.obj)
                0x00102bb8                void b2DynamicTree::Query<b2BroadPhase>(b2BroadPhase*, b2AABB const&) const
 .text._ZN12b2BroadPhase11UpdatePairsI16b2ContactManagerEEvPT_
                0x00102dc0      0x1ac /opt/devkitpro/portlibs/3ds/lib/libbox2d.a(b2_contact_manager.cpp.obj)
                0x00102dc0                void b2BroadPhase::UpdatePairs<b2ContactManager>(b2ContactManager*)
 .text._ZN16b2ContactManager15FindNewContactsEv
                0x00102f6c       0x10 /opt/devkitpro/portlibs/3ds/lib/libbox2d.a(b2_contact_manager.cpp.obj)
                0x00102f6c                b2ContactManager::FindNewContacts()
 .text._ZN9b2FixtureC2Ev
                0x00102f7c       0x38 /opt/devkitpro/portlibs/3ds/lib/libbox2d.a(b2_fixture.cpp.obj)
                0x00102f7c                b2Fixture::b2Fixture()
                0x00102f7c                b2Fixture::b2Fixture()
 .text._ZN9b2Fixture6CreateEP16b2BlockAllocatorP6b2BodyPK12b2FixtureDef
                0x00102fb4       0xd0 /opt/devkitpro/portlibs/3ds/lib/libbox2d.a(b2_fixture.cpp.obj)
                0x00102fb4                b2Fixture::Create(b2BlockAllocator*, b2Body*, b2FixtureDef const*)
 .text._ZN9b2Fixture7DestroyEP16b2BlockAllocator
                0x00103084      0x138 /opt/devkitpro/portlibs/3ds/lib/libbox2d.a(b2_fixture.cpp.obj)
                0x00103084                b2Fixture::Destroy(b2BlockAllocator*)
 .text._ZN9b2Fixture13CreateProxiesEP12b2BroadPhaseRK11b2Transform
                0x001031bc       0xb0 /opt/devkitpro/portlibs/3ds/lib/libbox2d.a(b2_fixture.cpp.obj)
                0x001031bc                b2Fixture::CreateProxies(b2BroadPhase*, b2Transform const&)
 .text._ZN9b2Fixture14DestroyProxiesEP12b2BroadPhase
                0x0010326c       0x5c /opt/devkitpro/portlibs/3ds/lib/libbox2d.a(b2_fixture.cpp.obj)
                0x0010326c                b2Fixture::DestroyProxies(b2BroadPhase*)
 .text._ZN9b2Fixture11SynchronizeEP12b2BroadPhaseRK11b2TransformS4_
                0x001032c8      0x150 /opt/devkitpro/portlibs/3ds/lib/libbox2d.a(b2_fixture.cpp.obj)
                0x001032c8                b2Fixture::Synchronize(b2BroadPhase*, b2Transform const&, b2Transform const&)
 .text._ZN7b2WorldC2ERK6b2Vec2
                0x00103418       0xb0 /opt/devkitpro/portlibs/3ds/lib/libbox2d.a(b2_world.cpp.obj)
                0x00103418                b2World::b2World(b2Vec2 const&)
                0x00103418                b2World::b2World(b2Vec2 const&)
 .text._ZN7b2WorldD2Ev
                0x001034c8       0x74 /opt/devkitpro/portlibs/3ds/lib/libbox2d.a(b2_world.cpp.obj)
                0x001034c8                b2World::~b2World()
                0x001034c8                b2World::~b2World()
 .text._ZN7b2World10CreateBodyEPK9b2BodyDef
                0x0010353c       0x80 /opt/devkitpro/portlibs/3ds/lib/libbox2d.a(b2_world.cpp.obj)
                0x0010353c                b2World::CreateBody(b2BodyDef const*)
 .text._ZN7b2World12DestroyJointEP7b2Joint
                0x001035bc      0x18c /opt/devkitpro/portlibs/3ds/lib/libbox2d.a(b2_world.cpp.obj)
                0x001035bc                b2World::DestroyJoint(b2Joint*)
 .text._ZN7b2World11DestroyBodyEP6b2Body
                0x00103748      0x1b4 /opt/devkitpro/portlibs/3ds/lib/libbox2d.a(b2_world.cpp.obj)
                0x00103748                b2World::DestroyBody(b2Body*)
 .text._ZN7b2World5SolveERK10b2TimeStep
                0x001038fc      0x4b0 /opt/devkitpro/portlibs/3ds/lib/libbox2d.a(b2_world.cpp.obj)
                0x001038fc                b2World::Solve(b2TimeStep const&)
 .text._ZN7b2World8SolveTOIERK10b2TimeStep
                0x00103dac      0xc34 /opt/devkitpro/portlibs/3ds/lib/libbox2d.a(b2_world.cpp.obj)
                0x00103dac                b2World::SolveTOI(b2TimeStep const&)
 .text._ZN7b2World4StepEfii
                0x001049e0      0x198 /opt/devkitpro/portlibs/3ds/lib/libbox2d.a(b2_world.cpp.obj)
                0x001049e0                b2World::Step(float, int, int)
 .text._ZN15b2ContactFilterD2Ev
                0x00104b78        0x4 /opt/devkitpro/portlibs/3ds/lib/libbox2d.a(b2_world_callbacks.cpp.obj)
                0x00104b78                b2ContactFilter::~b2ContactFilter()
                0x00104b78                b2ContactFilter::~b2ContactFilter()
 .text._ZN15b2ContactFilter13ShouldCollideEP9b2FixtureS1_
                0x00104b7c       0x5c /opt/devkitpro/portlibs/3ds/lib/libbox2d.a(b2_world_callbacks.cpp.obj)
                0x00104b7c                b2ContactFilter::ShouldCollide(b2Fixture*, b2Fixture*)
 .text._ZN15b2ContactFilterD0Ev
                0x00104bd8       0x14 /opt/devkitpro/portlibs/3ds/lib/libbox2d.a(b2_world_callbacks.cpp.obj)
                0x00104bd8                b2ContactFilter::~b2ContactFilter()
 .text._ZN12b2BroadPhaseC2Ev
                0x00104bec       0x58 /opt/devkitpro/portlibs/3ds/lib/libbox2d.a(b2_broad_phase.cpp.obj)
                0x00104bec                b2BroadPhase::b2BroadPhase()
                0x00104bec                b2BroadPhase::b2BroadPhase()
 .text._ZN12b2BroadPhaseD2Ev
                0x00104c44       0x28 /opt/devkitpro/portlibs/3ds/lib/libbox2d.a(b2_broad_phase.cpp.obj)
                0x00104c44                b2BroadPhase::~b2BroadPhase()
                0x00104c44                b2BroadPhase::~b2BroadPhase()
 .text._ZN12b2BroadPhase11CreateProxyERK6b2AABBPv
                0x00104c6c       0x80 /opt/devkitpro/portlibs/3ds/lib/libbox2d.a(b2_broad_phase.cpp.obj)
                0x00104c6c                b2BroadPhase::CreateProxy(b2AABB const&, void*)
 .text._ZN12b2BroadPhase12DestroyProxyEi
                0x00104cec       0x50 /opt/devkitpro/portlibs/3ds/lib/libbox2d.a(b2_broad_phase.cpp.obj)
                0x00104cec                b2BroadPhase::DestroyProxy(int)
 .text._ZN12b2BroadPhase10BufferMoveEi
                0x00104d3c       0x6c /opt/devkitpro/portlibs/3ds/lib/libbox2d.a(b2_broad_phase.cpp.obj)
                0x00104d3c                b2BroadPhase::BufferMove(int)
 .text._ZN12b2BroadPhase9MoveProxyEiRK6b2AABBRK6b2Vec2
                0x00104da8       0x28 /opt/devkitpro/portlibs/3ds/lib/libbox2d.a(b2_broad_phase.cpp.obj)
                0x00104da8                b2BroadPhase::MoveProxy(int, b2AABB const&, b2Vec2 const&)
 .text._ZN12b2BroadPhase13QueryCallbackEi
                0x00104dd0       0xf4 /opt/devkitpro/portlibs/3ds/lib/libbox2d.a(b2_broad_phase.cpp.obj)
                0x00104dd0                b2BroadPhase::QueryCallback(int)
 .text._ZNK15b2DistanceProxy9GetVertexEi.part.0
                0x00104ec4       0x24 /opt/devkitpro/portlibs/3ds/lib/libbox2d.a(b2_distance.cpp.obj)
 .text._ZN15b2DistanceProxy3SetEPK7b2Shapei
                0x00104ee8      0x10c /opt/devkitpro/portlibs/3ds/lib/libbox2d.a(b2_distance.cpp.obj)
                0x00104ee8                b2DistanceProxy::Set(b2Shape const*, int)
 .text._ZN9b2Simplex9ReadCacheEPK14b2SimplexCachePK15b2DistanceProxyRK11b2TransformS5_S8_
                0x00104ff4      0x2fc /opt/devkitpro/portlibs/3ds/lib/libbox2d.a(b2_distance.cpp.obj)
                0x00104ff4                b2Simplex::ReadCache(b2SimplexCache const*, b2DistanceProxy const*, b2Transform const&, b2DistanceProxy const*, b2Transform const&)
 .text._ZN9b2Simplex6Solve2Ev
                0x001052f0       0xb8 /opt/devkitpro/portlibs/3ds/lib/libbox2d.a(b2_distance.cpp.obj)
                0x001052f0                b2Simplex::Solve2()
 .text._ZN9b2Simplex6Solve3Ev
                0x001053a8      0x264 /opt/devkitpro/portlibs/3ds/lib/libbox2d.a(b2_distance.cpp.obj)
                0x001053a8                b2Simplex::Solve3()
 .text._Z10b2DistanceP16b2DistanceOutputP14b2SimplexCachePK15b2DistanceInput
                0x0010560c      0x738 /opt/devkitpro/portlibs/3ds/lib/libbox2d.a(b2_distance.cpp.obj)
                0x0010560c                b2Distance(b2DistanceOutput*, b2SimplexCache*, b2DistanceInput const*)
 .text._ZN13b2DynamicTreeC2Ev
                0x00105d44       0xa4 /opt/devkitpro/portlibs/3ds/lib/libbox2d.a(b2_dynamic_tree.cpp.obj)
                0x00105d44                b2DynamicTree::b2DynamicTree()
                0x00105d44                b2DynamicTree::b2DynamicTree()
 .text._ZN13b2DynamicTreeD2Ev
                0x00105de8       0x18 /opt/devkitpro/portlibs/3ds/lib/libbox2d.a(b2_dynamic_tree.cpp.obj)
                0x00105de8                b2DynamicTree::~b2DynamicTree()
                0x00105de8                b2DynamicTree::~b2DynamicTree()
 .text._ZN13b2DynamicTree12AllocateNodeEv
                0x00105e00      0x12c /opt/devkitpro/portlibs/3ds/lib/libbox2d.a(b2_dynamic_tree.cpp.obj)
                0x00105e00                b2DynamicTree::AllocateNode()
 .text._ZN13b2DynamicTree8FreeNodeEi
                0x00105f2c       0x88 /opt/devkitpro/portlibs/3ds/lib/libbox2d.a(b2_dynamic_tree.cpp.obj)
                0x00105f2c                b2DynamicTree::FreeNode(int)
 .text._ZN13b2DynamicTree7BalanceEi
                0x00105fb4      0x658 /opt/devkitpro/portlibs/3ds/lib/libbox2d.a(b2_dynamic_tree.cpp.obj)
                0x00105fb4                b2DynamicTree::Balance(int)
 .text._ZN13b2DynamicTree10InsertLeafEi
                0x0010660c      0x4b4 /opt/devkitpro/portlibs/3ds/lib/libbox2d.a(b2_dynamic_tree.cpp.obj)
                0x0010660c                b2DynamicTree::InsertLeaf(int)
 .text._ZN13b2DynamicTree11CreateProxyERK6b2AABBPv
                0x00106ac0       0x84 /opt/devkitpro/portlibs/3ds/lib/libbox2d.a(b2_dynamic_tree.cpp.obj)
                0x00106ac0                b2DynamicTree::CreateProxy(b2AABB const&, void*)
 .text._ZN13b2DynamicTree10RemoveLeafEi
                0x00106b44      0x150 /opt/devkitpro/portlibs/3ds/lib/libbox2d.a(b2_dynamic_tree.cpp.obj)
                0x00106b44                b2DynamicTree::RemoveLeaf(int)
 .text._ZN13b2DynamicTree12DestroyProxyEi
                0x00106c94       0xe4 /opt/devkitpro/portlibs/3ds/lib/libbox2d.a(b2_dynamic_tree.cpp.obj)
                0x00106c94                b2DynamicTree::DestroyProxy(int)
 .text._ZN13b2DynamicTree9MoveProxyEiRK6b2AABBRK6b2Vec2
                0x00106d78      0x1ac /opt/devkitpro/portlibs/3ds/lib/libbox2d.a(b2_dynamic_tree.cpp.obj)
                0x00106d78                b2DynamicTree::MoveProxy(int, b2AABB const&, b2Vec2 const&)
 .text._ZNK15b2DistanceProxy9GetVertexEi.part.0
                0x00106f24       0x24 /opt/devkitpro/portlibs/3ds/lib/libbox2d.a(b2_time_of_impact.cpp.obj)
 .text._ZNK20b2SeparationFunction17FindMinSeparationEPiS0_f
                0x00106f48      0x4bc /opt/devkitpro/portlibs/3ds/lib/libbox2d.a(b2_time_of_impact.cpp.obj)
                0x00106f48                b2SeparationFunction::FindMinSeparation(int*, int*, float) const
 .text._ZNK20b2SeparationFunction8EvaluateEiif
                0x00107404      0x304 /opt/devkitpro/portlibs/3ds/lib/libbox2d.a(b2_time_of_impact.cpp.obj)
                0x00107404                b2SeparationFunction::Evaluate(int, int, float) const
 .text._Z14b2TimeOfImpactP11b2TOIOutputPK10b2TOIInput
                0x00107708      0xaf0 /opt/devkitpro/portlibs/3ds/lib/libbox2d.a(b2_time_of_impact.cpp.obj)
                0x00107708                b2TimeOfImpact(b2TOIOutput*, b2TOIInput const*)
 .text.startup._GLOBAL__sub_I_b2Vec2_zero
                0x001081f8       0x18 /opt/devkitpro/portlibs/3ds/lib/libbox2d.a(b2_math.cpp.obj)
 .text._ZN16b2StackAllocatorC2Ev
                0x00108210       0x1c /opt/devkitpro/portlibs/3ds/lib/libbox2d.a(b2_stack_allocator.cpp.obj)
                0x00108210                b2StackAllocator::b2StackAllocator()
                0x00108210                b2StackAllocator::b2StackAllocator()
 .text._ZN16b2StackAllocatorD2Ev
                0x0010822c       0x58 /opt/devkitpro/portlibs/3ds/lib/libbox2d.a(b2_stack_allocator.cpp.obj)
                0x0010822c                b2StackAllocator::~b2StackAllocator()
                0x0010822c                b2StackAllocator::~b2StackAllocator()
 .text._ZN16b2StackAllocator8AllocateEi
                0x00108284       0xb0 /opt/devkitpro/portlibs/3ds/lib/libbox2d.a(b2_stack_allocator.cpp.obj)
                0x00108284                b2StackAllocator::Allocate(int)
 .text._ZN16b2StackAllocator4FreeEPv
                0x00108334       0xb0 /opt/devkitpro/portlibs/3ds/lib/libbox2d.a(b2_stack_allocator.cpp.obj)
                0x00108334                b2StackAllocator::Free(void*)
 .text._ZN7b2TimerC2Ev
                0x001083e4        0x4 /opt/devkitpro/portlibs/3ds/lib/libbox2d.a(b2_timer.cpp.obj)
                0x001083e4                b2Timer::b2Timer()
                0x001083e4                b2Timer::b2Timer()
 .text._ZN7b2Timer5ResetEv
                0x001083e8        0x4 /opt/devkitpro/portlibs/3ds/lib/libbox2d.a(b2_timer.cpp.obj)
                0x001083e8                b2Timer::Reset()
 .text._ZNK7b2Timer15GetMillisecondsEv
                0x001083ec        0xc /opt/devkitpro/portlibs/3ds/lib/libbox2d.a(b2_timer.cpp.obj)
                0x001083ec                b2Timer::GetMilliseconds() const
 .text._ZN9b2Contact19InitializeRegistersEv
                0x001083f8      0x118 /opt/devkitpro/portlibs/3ds/lib/libbox2d.a(b2_contact.cpp.obj)
                0x001083f8                b2Contact::InitializeRegisters()
 .text._ZN9b2Contact6CreateEP9b2FixtureiS1_iP16b2BlockAllocator
                0x00108510      0x10c /opt/devkitpro/portlibs/3ds/lib/libbox2d.a(b2_contact.cpp.obj)
                0x00108510                b2Contact::Create(b2Fixture*, int, b2Fixture*, int, b2BlockAllocator*)
 .text._ZN9b2Contact7DestroyEPS_P16b2BlockAllocator
                0x0010861c      0x120 /opt/devkitpro/portlibs/3ds/lib/libbox2d.a(b2_contact.cpp.obj)
                0x0010861c                b2Contact::Destroy(b2Contact*, b2BlockAllocator*)
 .text._ZN9b2ContactC2EP9b2FixtureiS1_i
                0x0010873c       0xd8 /opt/devkitpro/portlibs/3ds/lib/libbox2d.a(b2_contact.cpp.obj)
                0x0010873c                b2Contact::b2Contact(b2Fixture*, int, b2Fixture*, int)
                0x0010873c                b2Contact::b2Contact(b2Fixture*, int, b2Fixture*, int)
 .text._ZN9b2Contact6UpdateEP17b2ContactListener
                0x00108814      0x280 /opt/devkitpro/portlibs/3ds/lib/libbox2d.a(b2_contact.cpp.obj)
                0x00108814                b2Contact::Update(b2ContactListener*)
 .text._ZN22b2EdgeAndCircleContactD2Ev
                0x00108a94        0x4 /opt/devkitpro/portlibs/3ds/lib/libbox2d.a(b2_edge_circle_contact.cpp.obj)
                0x00108a94                b2EdgeAndCircleContact::~b2EdgeAndCircleContact()
                0x00108a94                b2EdgeAndCircleContact::~b2EdgeAndCircleContact()
 .text._ZN22b2EdgeAndCircleContactD0Ev
                0x00108a98       0x14 /opt/devkitpro/portlibs/3ds/lib/libbox2d.a(b2_edge_circle_contact.cpp.obj)
                0x00108a98                b2EdgeAndCircleContact::~b2EdgeAndCircleContact()
 .text._ZN22b2EdgeAndCircleContact8EvaluateEP10b2ManifoldRK11b2TransformS4_
                0x00108aac       0x34 /opt/devkitpro/portlibs/3ds/lib/libbox2d.a(b2_edge_circle_contact.cpp.obj)
                0x00108aac                b2EdgeAndCircleContact::Evaluate(b2Manifold*, b2Transform const&, b2Transform const&)
 .text._ZN22b2EdgeAndCircleContact7DestroyEP9b2ContactP16b2BlockAllocator
                0x00108ae0       0x40 /opt/devkitpro/portlibs/3ds/lib/libbox2d.a(b2_edge_circle_contact.cpp.obj)
                0x00108ae0                b2EdgeAndCircleContact::Destroy(b2Contact*, b2BlockAllocator*)
 .text._ZN22b2EdgeAndCircleContactC2EP9b2FixtureS1_
                0x00108b20       0x94 /opt/devkitpro/portlibs/3ds/lib/libbox2d.a(b2_edge_circle_contact.cpp.obj)
                0x00108b20                b2EdgeAndCircleContact::b2EdgeAndCircleContact(b2Fixture*, b2Fixture*)
                0x00108b20                b2EdgeAndCircleContact::b2EdgeAndCircleContact(b2Fixture*, b2Fixture*)
 .text._ZN22b2EdgeAndCircleContact6CreateEP9b2FixtureiS1_iP16b2BlockAllocator
                0x00108bb4       0x38 /opt/devkitpro/portlibs/3ds/lib/libbox2d.a(b2_edge_circle_contact.cpp.obj)
                0x00108bb4                b2EdgeAndCircleContact::Create(b2Fixture*, int, b2Fixture*, int, b2BlockAllocator*)
 .text._ZN23b2EdgeAndPolygonContactD2Ev
                0x00108bec        0x4 /opt/devkitpro/portlibs/3ds/lib/libbox2d.a(b2_edge_polygon_contact.cpp.obj)
                0x00108bec                b2EdgeAndPolygonContact::~b2EdgeAndPolygonContact()
                0x00108bec                b2EdgeAndPolygonContact::~b2EdgeAndPolygonContact()
 .text._ZN23b2EdgeAndPolygonContactD0Ev
                0x00108bf0       0x14 /opt/devkitpro/portlibs/3ds/lib/libbox2d.a(b2_edge_polygon_contact.cpp.obj)
                0x00108bf0                b2EdgeAndPolygonContact::~b2EdgeAndPolygonContact()
 .text._ZN23b2EdgeAndPolygonContact8EvaluateEP10b2ManifoldRK11b2TransformS4_
                0x00108c04       0x34 /opt/devkitpro/portlibs/3ds/lib/libbox2d.a(b2_edge_polygon_contact.cpp.obj)
                0x00108c04                b2EdgeAndPolygonContact::Evaluate(b2Manifold*, b2Transform const&, b2Transform const&)
 .text._ZN23b2EdgeAndPolygonContact7DestroyEP9b2ContactP16b2BlockAllocator
                0x00108c38       0x40 /opt/devkitpro/portlibs/3ds/lib/libbox2d.a(b2_edge_polygon_contact.cpp.obj)
                0x00108c38                b2EdgeAndPolygonContact::Destroy(b2Contact*, b2BlockAllocator*)
 .text._ZN23b2EdgeAndPolygonContactC2EP9b2FixtureS1_
                0x00108c78       0x94 /opt/devkitpro/portlibs/3ds/lib/libbox2d.a(b2_edge_polygon_contact.cpp.obj)
                0x00108c78                b2EdgeAndPolygonContact::b2EdgeAndPolygonContact(b2Fixture*, b2Fixture*)
                0x00108c78                b2EdgeAndPolygonContact::b2EdgeAndPolygonContact(b2Fixture*, b2Fixture*)
 .text._ZN23b2EdgeAndPolygonContact6CreateEP9b2FixtureiS1_iP16b2BlockAllocator
                0x00108d0c       0x38 /opt/devkitpro/portlibs/3ds/lib/libbox2d.a(b2_edge_polygon_contact.cpp.obj)
                0x00108d0c                b2EdgeAndPolygonContact::Create(b2Fixture*, int, b2Fixture*, int, b2BlockAllocator*)
 .text._ZN8b2Island6ReportEPK27b2ContactVelocityConstraint.part.0
                0x00108d44       0xa8 /opt/devkitpro/portlibs/3ds/lib/libbox2d.a(b2_island.cpp.obj)
 .text._ZN8b2IslandC2EiiiP16b2StackAllocatorP17b2ContactListener
                0x00108dec       0xb0 /opt/devkitpro/portlibs/3ds/lib/libbox2d.a(b2_island.cpp.obj)
                0x00108dec                b2Island::b2Island(int, int, int, b2StackAllocator*, b2ContactListener*)
                0x00108dec                b2Island::b2Island(int, int, int, b2StackAllocator*, b2ContactListener*)
 .text._ZN8b2IslandD2Ev
                0x00108e9c       0x4c /opt/devkitpro/portlibs/3ds/lib/libbox2d.a(b2_island.cpp.obj)
                0x00108e9c                b2Island::~b2Island()
                0x00108e9c                b2Island::~b2Island()
 .text._ZN8b2Island5SolveEP9b2ProfileRK10b2TimeStepRK6b2Vec2b
                0x00108ee8      0x634 /opt/devkitpro/portlibs/3ds/lib/libbox2d.a(b2_island.cpp.obj)
                0x00108ee8                b2Island::Solve(b2Profile*, b2TimeStep const&, b2Vec2 const&, bool)
 .text._ZN8b2Island8SolveTOIERK10b2TimeStepii
                0x0010951c      0x360 /opt/devkitpro/portlibs/3ds/lib/libbox2d.a(b2_island.cpp.obj)
                0x0010951c                b2Island::SolveTOI(b2TimeStep const&, int, int)
 .text._ZN7b2Joint7DestroyEPS_P16b2BlockAllocator
                0x0010987c      0x140 /opt/devkitpro/portlibs/3ds/lib/libbox2d.a(b2_joint.cpp.obj)
                0x0010987c                b2Joint::Destroy(b2Joint*, b2BlockAllocator*)
 .text._ZN25b2PolygonAndCircleContactD2Ev
                0x001099bc        0x4 /opt/devkitpro/portlibs/3ds/lib/libbox2d.a(b2_polygon_circle_contact.cpp.obj)
                0x001099bc                b2PolygonAndCircleContact::~b2PolygonAndCircleContact()
                0x001099bc                b2PolygonAndCircleContact::~b2PolygonAndCircleContact()
 .text._ZN25b2PolygonAndCircleContactD0Ev
                0x001099c0       0x14 /opt/devkitpro/portlibs/3ds/lib/libbox2d.a(b2_polygon_circle_contact.cpp.obj)
                0x001099c0                b2PolygonAndCircleContact::~b2PolygonAndCircleContact()
 .text._ZN25b2PolygonAndCircleContact8EvaluateEP10b2ManifoldRK11b2TransformS4_
                0x001099d4       0x34 /opt/devkitpro/portlibs/3ds/lib/libbox2d.a(b2_polygon_circle_contact.cpp.obj)
                0x001099d4                b2PolygonAndCircleContact::Evaluate(b2Manifold*, b2Transform const&, b2Transform const&)
 .text._ZN25b2PolygonAndCircleContact7DestroyEP9b2ContactP16b2BlockAllocator
                0x00109a08       0x40 /opt/devkitpro/portlibs/3ds/lib/libbox2d.a(b2_polygon_circle_contact.cpp.obj)
                0x00109a08                b2PolygonAndCircleContact::Destroy(b2Contact*, b2BlockAllocator*)
 .text._ZN25b2PolygonAndCircleContactC2EP9b2FixtureS1_
                0x00109a48       0x94 /opt/devkitpro/portlibs/3ds/lib/libbox2d.a(b2_polygon_circle_contact.cpp.obj)
                0x00109a48                b2PolygonAndCircleContact::b2PolygonAndCircleContact(b2Fixture*, b2Fixture*)
                0x00109a48                b2PolygonAndCircleContact::b2PolygonAndCircleContact(b2Fixture*, b2Fixture*)
 .text._ZN25b2PolygonAndCircleContact6CreateEP9b2FixtureiS1_iP16b2BlockAllocator
                0x00109adc       0x38 /opt/devkitpro/portlibs/3ds/lib/libbox2d.a(b2_polygon_circle_contact.cpp.obj)
                0x00109adc                b2PolygonAndCircleContact::Create(b2Fixture*, int, b2Fixture*, int, b2BlockAllocator*)
 .text._ZN16b2PolygonContactD2Ev
                0x00109b14        0x4 /opt/devkitpro/portlibs/3ds/lib/libbox2d.a(b2_polygon_contact.cpp.obj)
                0x00109b14                b2PolygonContact::~b2PolygonContact()
                0x00109b14                b2PolygonContact::~b2PolygonContact()
 .text._ZN16b2PolygonContactD0Ev
                0x00109b18       0x14 /opt/devkitpro/portlibs/3ds/lib/libbox2d.a(b2_polygon_contact.cpp.obj)
                0x00109b18                b2PolygonContact::~b2PolygonContact()
 .text._ZN16b2PolygonContact8EvaluateEP10b2ManifoldRK11b2TransformS4_
                0x00109b2c       0x34 /opt/devkitpro/portlibs/3ds/lib/libbox2d.a(b2_polygon_contact.cpp.obj)
                0x00109b2c                b2PolygonContact::Evaluate(b2Manifold*, b2Transform const&, b2Transform const&)
 .text._ZN16b2PolygonContact7DestroyEP9b2ContactP16b2BlockAllocator
                0x00109b60       0x40 /opt/devkitpro/portlibs/3ds/lib/libbox2d.a(b2_polygon_contact.cpp.obj)
                0x00109b60                b2PolygonContact::Destroy(b2Contact*, b2BlockAllocator*)
 .text._ZN16b2PolygonContactC2EP9b2FixtureS1_
                0x00109ba0       0x94 /opt/devkitpro/portlibs/3ds/lib/libbox2d.a(b2_polygon_contact.cpp.obj)
                0x00109ba0                b2PolygonContact::b2PolygonContact(b2Fixture*, b2Fixture*)
                0x00109ba0                b2PolygonContact::b2PolygonContact(b2Fixture*, b2Fixture*)
 .text._ZN16b2PolygonContact6CreateEP9b2FixtureiS1_iP16b2BlockAllocator
                0x00109c34       0x38 /opt/devkitpro/portlibs/3ds/lib/libbox2d.a(b2_polygon_contact.cpp.obj)
                0x00109c34                b2PolygonContact::Create(b2Fixture*, int, b2Fixture*, int, b2BlockAllocator*)
 .text._Z16b2CollideCirclesP10b2ManifoldPK13b2CircleShapeRK11b2TransformS3_S6_
                0x00109c6c       0xdc /opt/devkitpro/portlibs/3ds/lib/libbox2d.a(b2_collide_circle.cpp.obj)
                0x00109c6c                b2CollideCircles(b2Manifold*, b2CircleShape const*, b2Transform const&, b2CircleShape const*, b2Transform const&)
 .text._Z25b2CollidePolygonAndCircleP10b2ManifoldPK14b2PolygonShapeRK11b2TransformPK13b2CircleShapeS6_
                0x00109d48      0x39c /opt/devkitpro/portlibs/3ds/lib/libbox2d.a(b2_collide_circle.cpp.obj)
                0x00109d48                b2CollidePolygonAndCircle(b2Manifold*, b2PolygonShape const*, b2Transform const&, b2CircleShape const*, b2Transform const&)
 .text._Z22b2CollideEdgeAndCircleP10b2ManifoldPK11b2EdgeShapeRK11b2TransformPK13b2CircleShapeS6_
                0x0010a0e4      0x310 /opt/devkitpro/portlibs/3ds/lib/libbox2d.a(b2_collide_edge.cpp.obj)
                0x0010a0e4                b2CollideEdgeAndCircle(b2Manifold*, b2EdgeShape const*, b2Transform const&, b2CircleShape const*, b2Transform const&)
 .text._Z23b2CollideEdgeAndPolygonP10b2ManifoldPK11b2EdgeShapeRK11b2TransformPK14b2PolygonShapeS6_
                0x0010a3f4      0x840 /opt/devkitpro/portlibs/3ds/lib/libbox2d.a(b2_collide_edge.cpp.obj)
                0x0010a3f4                b2CollideEdgeAndPolygon(b2Manifold*, b2EdgeShape const*, b2Transform const&, b2PolygonShape const*, b2Transform const&)
 .text._ZL19b2FindMaxSeparationPiPK14b2PolygonShapeRK11b2TransformS2_S5_.constprop.0
                0x0010ac34      0x130 /opt/devkitpro/portlibs/3ds/lib/libbox2d.a(b2_collide_polygon.cpp.obj)
 .text._Z17b2CollidePolygonsP10b2ManifoldPK14b2PolygonShapeRK11b2TransformS3_S6_
                0x0010ad64      0x4c8 /opt/devkitpro/portlibs/3ds/lib/libbox2d.a(b2_collide_polygon.cpp.obj)
                0x0010ad64                b2CollidePolygons(b2Manifold*, b2PolygonShape const*, b2Transform const&, b2PolygonShape const*, b2Transform const&)
 .text._ZN15b2WorldManifold10InitializeEPK10b2ManifoldRK11b2TransformfS5_f
                0x0010b22c      0x3e8 /opt/devkitpro/portlibs/3ds/lib/libbox2d.a(b2_collision.cpp.obj)
                0x0010b22c                b2WorldManifold::Initialize(b2Manifold const*, b2Transform const&, float, b2Transform const&, float)
 .text._Z19b2ClipSegmentToLineP12b2ClipVertexPKS_RK6b2Vec2fi
                0x0010b614      0x108 /opt/devkitpro/portlibs/3ds/lib/libbox2d.a(b2_collision.cpp.obj)
                0x0010b614                b2ClipSegmentToLine(b2ClipVertex*, b2ClipVertex const*, b2Vec2 const&, float, int)
 .text._Z13b2TestOverlapPK7b2ShapeiS1_iRK11b2TransformS4_
                0x0010b71c       0xb8 /opt/devkitpro/portlibs/3ds/lib/libbox2d.a(b2_collision.cpp.obj)
                0x0010b71c                b2TestOverlap(b2Shape const*, int, b2Shape const*, int, b2Transform const&, b2Transform const&)
 .text._ZN23b2ChainAndCircleContactD2Ev
                0x0010b7d4        0x4 /opt/devkitpro/portlibs/3ds/lib/libbox2d.a(b2_chain_circle_contact.cpp.obj)
                0x0010b7d4                b2ChainAndCircleContact::~b2ChainAndCircleContact()
                0x0010b7d4                b2ChainAndCircleContact::~b2ChainAndCircleContact()
 .text._ZN23b2ChainAndCircleContactD0Ev
                0x0010b7d8       0x14 /opt/devkitpro/portlibs/3ds/lib/libbox2d.a(b2_chain_circle_contact.cpp.obj)
                0x0010b7d8                b2ChainAndCircleContact::~b2ChainAndCircleContact()
 .text._ZN23b2ChainAndCircleContact8EvaluateEP10b2ManifoldRK11b2TransformS4_
                0x0010b7ec       0x8c /opt/devkitpro/portlibs/3ds/lib/libbox2d.a(b2_chain_circle_contact.cpp.obj)
                0x0010b7ec                b2ChainAndCircleContact::Evaluate(b2Manifold*, b2Transform const&, b2Transform const&)
 .text._ZN23b2ChainAndCircleContact6CreateEP9b2FixtureiS1_iP16b2BlockAllocator
                0x0010b878       0xb8 /opt/devkitpro/portlibs/3ds/lib/libbox2d.a(b2_chain_circle_contact.cpp.obj)
                0x0010b878                b2ChainAndCircleContact::Create(b2Fixture*, int, b2Fixture*, int, b2BlockAllocator*)
 .text._ZN23b2ChainAndCircleContact7DestroyEP9b2ContactP16b2BlockAllocator
                0x0010b930       0x40 /opt/devkitpro/portlibs/3ds/lib/libbox2d.a(b2_chain_circle_contact.cpp.obj)
                0x0010b930                b2ChainAndCircleContact::Destroy(b2Contact*, b2BlockAllocator*)
 .text._ZN24b2ChainAndPolygonContactD2Ev
                0x0010b970        0x4 /opt/devkitpro/portlibs/3ds/lib/libbox2d.a(b2_chain_polygon_contact.cpp.obj)
                0x0010b970                b2ChainAndPolygonContact::~b2ChainAndPolygonContact()
                0x0010b970                b2ChainAndPolygonContact::~b2ChainAndPolygonContact()
 .text._ZN24b2ChainAndPolygonContactD0Ev
                0x0010b974       0x14 /opt/devkitpro/portlibs/3ds/lib/libbox2d.a(b2_chain_polygon_contact.cpp.obj)
                0x0010b974                b2ChainAndPolygonContact::~b2ChainAndPolygonContact()
 .text._ZN24b2ChainAndPolygonContact8EvaluateEP10b2ManifoldRK11b2TransformS4_
                0x0010b988       0x8c /opt/devkitpro/portlibs/3ds/lib/libbox2d.a(b2_chain_polygon_contact.cpp.obj)
                0x0010b988                b2ChainAndPolygonContact::Evaluate(b2Manifold*, b2Transform const&, b2Transform const&)
 .text._ZN24b2ChainAndPolygonContact6CreateEP9b2FixtureiS1_iP16b2BlockAllocator
                0x0010ba14       0xb8 /opt/devkitpro/portlibs/3ds/lib/libbox2d.a(b2_chain_polygon_contact.cpp.obj)
                0x0010ba14                b2ChainAndPolygonContact::Create(b2Fixture*, int, b2Fixture*, int, b2BlockAllocator*)
 .text._ZN24b2ChainAndPolygonContact7DestroyEP9b2ContactP16b2BlockAllocator
                0x0010bacc       0x40 /opt/devkitpro/portlibs/3ds/lib/libbox2d.a(b2_chain_polygon_contact.cpp.obj)
                0x0010bacc                b2ChainAndPolygonContact::Destroy(b2Contact*, b2BlockAllocator*)
 .text._ZN15b2CircleContactD2Ev
                0x0010bb0c        0x4 /opt/devkitpro/portlibs/3ds/lib/libbox2d.a(b2_circle_contact.cpp.obj)
                0x0010bb0c                b2CircleContact::~b2CircleContact()
                0x0010bb0c                b2CircleContact::~b2CircleContact()
 .text._ZN15b2CircleContactD0Ev
                0x0010bb10       0x14 /opt/devkitpro/portlibs/3ds/lib/libbox2d.a(b2_circle_contact.cpp.obj)
                0x0010bb10                b2CircleContact::~b2CircleContact()
 .text._ZN15b2CircleContact8EvaluateEP10b2ManifoldRK11b2TransformS4_
                0x0010bb24       0x34 /opt/devkitpro/portlibs/3ds/lib/libbox2d.a(b2_circle_contact.cpp.obj)
                0x0010bb24                b2CircleContact::Evaluate(b2Manifold*, b2Transform const&, b2Transform const&)
 .text._ZN15b2CircleContact7DestroyEP9b2ContactP16b2BlockAllocator
                0x0010bb58       0x40 /opt/devkitpro/portlibs/3ds/lib/libbox2d.a(b2_circle_contact.cpp.obj)
                0x0010bb58                b2CircleContact::Destroy(b2Contact*, b2BlockAllocator*)
 .text._ZN15b2CircleContactC2EP9b2FixtureS1_
                0x0010bb98       0x94 /opt/devkitpro/portlibs/3ds/lib/libbox2d.a(b2_circle_contact.cpp.obj)
                0x0010bb98                b2CircleContact::b2CircleContact(b2Fixture*, b2Fixture*)
                0x0010bb98                b2CircleContact::b2CircleContact(b2Fixture*, b2Fixture*)
 .text._ZN15b2CircleContact6CreateEP9b2FixtureiS1_iP16b2BlockAllocator
                0x0010bc2c       0x38 /opt/devkitpro/portlibs/3ds/lib/libbox2d.a(b2_circle_contact.cpp.obj)
                0x0010bc2c                b2CircleContact::Create(b2Fixture*, int, b2Fixture*, int, b2BlockAllocator*)
 .text._ZN15b2ContactSolverC2EP18b2ContactSolverDef
                0x0010bc64      0x2b0 /opt/devkitpro/portlibs/3ds/lib/libbox2d.a(b2_contact_solver.cpp.obj)
                0x0010bc64                b2ContactSolver::b2ContactSolver(b2ContactSolverDef*)
                0x0010bc64                b2ContactSolver::b2ContactSolver(b2ContactSolverDef*)
 .text._ZN15b2ContactSolverD2Ev
                0x0010bf14       0x24 /opt/devkitpro/portlibs/3ds/lib/libbox2d.a(b2_contact_solver.cpp.obj)
                0x0010bf14                b2ContactSolver::~b2ContactSolver()
                0x0010bf14                b2ContactSolver::~b2ContactSolver()
 .text._ZN15b2ContactSolver29InitializeVelocityConstraintsEv
                0x0010bf38      0x444 /opt/devkitpro/portlibs/3ds/lib/libbox2d.a(b2_contact_solver.cpp.obj)
                0x0010bf38                b2ContactSolver::InitializeVelocityConstraints()
 .text._ZN15b2ContactSolver9WarmStartEv
                0x0010c37c      0x114 /opt/devkitpro/portlibs/3ds/lib/libbox2d.a(b2_contact_solver.cpp.obj)
                0x0010c37c                b2ContactSolver::WarmStart()
 .text._ZN15b2ContactSolver24SolveVelocityConstraintsEv
                0x0010c490      0x570 /opt/devkitpro/portlibs/3ds/lib/libbox2d.a(b2_contact_solver.cpp.obj)
                0x0010c490                b2ContactSolver::SolveVelocityConstraints()
 .text._ZN15b2ContactSolver13StoreImpulsesEv
                0x0010ca00       0x68 /opt/devkitpro/portlibs/3ds/lib/libbox2d.a(b2_contact_solver.cpp.obj)
                0x0010ca00                b2ContactSolver::StoreImpulses()
 .text._ZN24b2PositionSolverManifold10InitializeEP27b2ContactPositionConstraintRK11b2TransformS4_i
                0x0010ca68      0x304 /opt/devkitpro/portlibs/3ds/lib/libbox2d.a(b2_contact_solver.cpp.obj)
                0x0010ca68                b2PositionSolverManifold::Initialize(b2ContactPositionConstraint*, b2Transform const&, b2Transform const&, int)
 .text._ZN15b2ContactSolver24SolvePositionConstraintsEv
                0x0010cd6c      0x2a4 /opt/devkitpro/portlibs/3ds/lib/libbox2d.a(b2_contact_solver.cpp.obj)
                0x0010cd6c                b2ContactSolver::SolvePositionConstraints()
 .text._ZN15b2ContactSolver27SolveTOIPositionConstraintsEii
                0x0010d010      0x2d8 /opt/devkitpro/portlibs/3ds/lib/libbox2d.a(b2_contact_solver.cpp.obj)
                0x0010d010                b2ContactSolver::SolveTOIPositionConstraints(int, int)
 .text._ZNK12b2ChainShape12GetChildEdgeEP11b2EdgeShapei
                0x0010d2e8       0xb8 /opt/devkitpro/portlibs/3ds/lib/libbox2d.a(b2_chain_shape.cpp.obj)
                0x0010d2e8                b2ChainShape::GetChildEdge(b2EdgeShape*, int) const
 .text._ZNK11b2EdgeShape13GetChildCountEv
                0x0010d3a0        0x8 /opt/devkitpro/portlibs/3ds/lib/libbox2d.a(b2_edge_shape.cpp.obj)
                0x0010d3a0                b2EdgeShape::GetChildCount() const
 .text._ZNK11b2EdgeShape9TestPointERK11b2TransformRK6b2Vec2
                0x0010d3a8        0x8 /opt/devkitpro/portlibs/3ds/lib/libbox2d.a(b2_edge_shape.cpp.obj)
                0x0010d3a8                b2EdgeShape::TestPoint(b2Transform const&, b2Vec2 const&) const
 .text._ZNK11b2EdgeShape11ComputeMassEP10b2MassDataf
                0x0010d3b0       0x40 /opt/devkitpro/portlibs/3ds/lib/libbox2d.a(b2_edge_shape.cpp.obj)
                0x0010d3b0                b2EdgeShape::ComputeMass(b2MassData*, float) const
 .text._ZN11b2EdgeShapeD2Ev
                0x0010d3f0        0x4 /opt/devkitpro/portlibs/3ds/lib/libbox2d.a(b2_edge_shape.cpp.obj)
                0x0010d3f0                b2EdgeShape::~b2EdgeShape()
                0x0010d3f0                b2EdgeShape::~b2EdgeShape()
 .text._ZNK11b2EdgeShape5CloneEP16b2BlockAllocator
                0x0010d3f4       0xb8 /opt/devkitpro/portlibs/3ds/lib/libbox2d.a(b2_edge_shape.cpp.obj)
                0x0010d3f4                b2EdgeShape::Clone(b2BlockAllocator*) const
 .text._ZN11b2EdgeShapeD0Ev
                0x0010d4ac       0x14 /opt/devkitpro/portlibs/3ds/lib/libbox2d.a(b2_edge_shape.cpp.obj)
                0x0010d4ac                b2EdgeShape::~b2EdgeShape()
 .text._ZNK11b2EdgeShape7RayCastEP15b2RayCastOutputRK14b2RayCastInputRK11b2Transformi
                0x0010d4c0      0x1cc /opt/devkitpro/portlibs/3ds/lib/libbox2d.a(b2_edge_shape.cpp.obj)
                0x0010d4c0                b2EdgeShape::RayCast(b2RayCastOutput*, b2RayCastInput const&, b2Transform const&, int) const
 .text._ZNK11b2EdgeShape11ComputeAABBEP6b2AABBRK11b2Transformi
                0x0010d68c       0xb0 /opt/devkitpro/portlibs/3ds/lib/libbox2d.a(b2_edge_shape.cpp.obj)
                0x0010d68c                b2EdgeShape::ComputeAABB(b2AABB*, b2Transform const&, int) const
 .text.C2Di_FrameEndHook
                0x0010d73c       0x44 /opt/devkitpro/libctru/lib/libcitro2d.a(base.o)
 .text.C2D_Init
                0x0010d780      0x36c /opt/devkitpro/libctru/lib/libcitro2d.a(base.o)
                0x0010d780                C2D_Init
 .text.C2D_Fini
                0x0010daec       0x4c /opt/devkitpro/libctru/lib/libcitro2d.a(base.o)
                0x0010daec                C2D_Fini
 .text.C2D_Prepare
                0x0010db38       0xb8 /opt/devkitpro/libctru/lib/libcitro2d.a(base.o)
                0x0010db38                C2D_Prepare
 .text.C2D_Flush
                0x0010dbf0       0x48 /opt/devkitpro/libctru/lib/libcitro2d.a(base.o)
                0x0010dbf0                C2D_Flush
 .text.C2D_SceneSize
                0x0010dc38      0x104 /opt/devkitpro/libctru/lib/libcitro2d.a(base.o)
                0x0010dc38                C2D_SceneSize
 .text.C2D_CreateScreenTarget
                0x0010dd3c       0x58 /opt/devkitpro/libctru/lib/libcitro2d.a(base.o)
                0x0010dd3c                C2D_CreateScreenTarget
 .text.C2D_TargetClear
                0x0010dd94       0x64 /opt/devkitpro/libctru/lib/libcitro2d.a(base.o)
                0x0010dd94                C2D_TargetClear
 .text.C2Di_AppendQuad
                0x0010ddf8       0x58 /opt/devkitpro/libctru/lib/libcitro2d.a(base.o)
                0x0010ddf8                C2Di_AppendQuad
 .text.C2Di_AppendVtx
                0x0010de50       0x40 /opt/devkitpro/libctru/lib/libcitro2d.a(base.o)
                0x0010de50                C2Di_AppendVtx
 .text.C2Di_Update
                0x0010de90      0x550 /opt/devkitpro/libctru/lib/libcitro2d.a(base.o)
                0x0010de90                C2Di_Update
 .text.C2D_DrawRectangle
                0x0010e3e0      0x158 /opt/devkitpro/libctru/lib/libcitro2d.a(base.o)
                0x0010e3e0                C2D_DrawRectangle
 .text.C2Di_GlyphComp
                0x0010e538       0x18 /opt/devkitpro/libctru/lib/libcitro2d.a(text.o)
 .text.C2Di_CalcLineWidths
                0x0010e550      0x140 /opt/devkitpro/libctru/lib/libcitro2d.a(text.o)
 .text.C2D_TextBufNew
                0x0010e690      0x1dc /opt/devkitpro/libctru/lib/libcitro2d.a(text.o)
                0x0010e690                C2D_TextBufNew
 .text.C2D_TextBufDelete
                0x0010e86c        0x4 /opt/devkitpro/libctru/lib/libcitro2d.a(text.o)
                0x0010e86c                C2D_TextBufDelete
 .text.C2D_TextBufClear
                0x0010e870        0xc /opt/devkitpro/libctru/lib/libcitro2d.a(text.o)
                0x0010e870                C2D_TextBufClear
 .text.C2D_TextFontParseLine
                0x0010e87c      0x1c8 /opt/devkitpro/libctru/lib/libcitro2d.a(text.o)
                0x0010e87c                C2D_TextFontParseLine
 .text.C2D_TextFontParse
                0x0010ea44       0xa8 /opt/devkitpro/libctru/lib/libcitro2d.a(text.o)
                0x0010ea44                C2D_TextFontParse
 .text.C2D_TextParse
                0x0010eaec       0x14 /opt/devkitpro/libctru/lib/libcitro2d.a(text.o)
                0x0010eaec                C2D_TextParse
 .text.C2D_TextOptimize
                0x0010eb00       0x30 /opt/devkitpro/libctru/lib/libcitro2d.a(text.o)
                0x0010eb00                C2D_TextOptimize
 .text.C2D_DrawText
                0x0010eb30      0xf6c /opt/devkitpro/libctru/lib/libcitro2d.a(text.o)
                0x0010eb30                C2D_DrawText
 .text.C2D_FontGlyphIndexFromCodePoint
                0x0010fa9c       0x44 /opt/devkitpro/libctru/lib/libcitro2d.a(font.o)
                0x0010fa9c                C2D_FontGlyphIndexFromCodePoint
 .text.C2D_FontCalcGlyphPos
                0x0010fae0       0x78 /opt/devkitpro/libctru/lib/libcitro2d.a(font.o)
                0x0010fae0                C2D_FontCalcGlyphPos
 .text.AttrInfo_Init
                0x0010fb58       0x28 /opt/devkitpro/libctru/lib/libcitro3d.a(attribs.o)
                0x0010fb58                AttrInfo_Init
 .text.AttrInfo_AddLoader
                0x0010fb80       0x94 /opt/devkitpro/libctru/lib/libcitro3d.a(attribs.o)
                0x0010fb80                AttrInfo_AddLoader
 .text.C3D_SetAttrInfo
                0x0010fc14       0x54 /opt/devkitpro/libctru/lib/libcitro3d.a(attribs.o)
                0x0010fc14                C3D_SetAttrInfo
 .text.C3Di_AttrInfoBind
                0x0010fc68       0x80 /opt/devkitpro/libctru/lib/libcitro3d.a(attribs.o)
                0x0010fc68                C3Di_AttrInfoBind
 .text.C3Di_LightEnvUpdate
                0x0010fce8        0x4 /opt/devkitpro/libctru/lib/libcitro3d.a(base.o)
                0x0010fce8                C3Di_LightEnvUpdate
 .text.C3Di_LightEnvDirty
                0x0010fcec        0x4 /opt/devkitpro/libctru/lib/libcitro3d.a(base.o)
                0x0010fcec                C3Di_LightEnvDirty
 .text.C3Di_AptEventHook
                0x0010fcf0       0xb4 /opt/devkitpro/libctru/lib/libcitro3d.a(base.o)
 .text.C3Di_GasUpdate
                0x0010fda4        0x4 /opt/devkitpro/libctru/lib/libcitro3d.a(base.o)
                0x0010fda4                C3Di_GasUpdate
 .text.C3D_Init
                0x0010fda8      0x1d0 /opt/devkitpro/libctru/lib/libcitro3d.a(base.o)
                0x0010fda8                C3D_Init
 .text.C3D_SetViewport
                0x0010ff78       0x98 /opt/devkitpro/libctru/lib/libcitro3d.a(base.o)
                0x0010ff78                C3D_SetViewport
 .text.C3Di_UpdateContext
                0x00110010      0x4e8 /opt/devkitpro/libctru/lib/libcitro3d.a(base.o)
                0x00110010                C3Di_UpdateContext
 .text.C3Di_SplitFrame
                0x001104f8       0xe0 /opt/devkitpro/libctru/lib/libcitro3d.a(base.o)
                0x001104f8                C3Di_SplitFrame
 .text.C3D_Fini
                0x001105d8       0x44 /opt/devkitpro/libctru/lib/libcitro3d.a(base.o)
                0x001105d8                C3D_Fini
 .text.C3D_BindProgram
                0x0011061c      0x194 /opt/devkitpro/libctru/lib/libcitro3d.a(base.o)
                0x0011061c                C3D_BindProgram
 .text.BufInfo_Init
                0x001107b0       0x24 /opt/devkitpro/libctru/lib/libcitro3d.a(buffers.o)
                0x001107b0                BufInfo_Init
 .text.BufInfo_Add
                0x001107d4       0x80 /opt/devkitpro/libctru/lib/libcitro3d.a(buffers.o)
                0x001107d4                BufInfo_Add
 .text.C3D_SetBufInfo
                0x00110854       0x3c /opt/devkitpro/libctru/lib/libcitro3d.a(buffers.o)
                0x00110854                C3D_SetBufInfo
 .text.C3Di_BufInfoBind
                0x00110890       0x48 /opt/devkitpro/libctru/lib/libcitro3d.a(buffers.o)
                0x00110890                C3Di_BufInfoBind
 .text.C3D_DrawElements
                0x001108d8      0x21c /opt/devkitpro/libctru/lib/libcitro3d.a(drawElements.o)
                0x001108d8                C3D_DrawElements
 .text.C3D_DepthMap
                0x00110af4       0x40 /opt/devkitpro/libctru/lib/libcitro3d.a(effect.o)
                0x00110af4                C3D_DepthMap
 .text.C3D_CullFace
                0x00110b34       0x1c /opt/devkitpro/libctru/lib/libcitro3d.a(effect.o)
                0x00110b34                C3D_CullFace
 .text.C3D_StencilTest
                0x00110b50       0x40 /opt/devkitpro/libctru/lib/libcitro3d.a(effect.o)
                0x00110b50                C3D_StencilTest
 .text.C3D_StencilOp
                0x00110b90       0x24 /opt/devkitpro/libctru/lib/libcitro3d.a(effect.o)
                0x00110b90                C3D_StencilOp
 .text.C3D_BlendingColor
                0x00110bb4       0x1c /opt/devkitpro/libctru/lib/libcitro3d.a(effect.o)
                0x00110bb4                C3D_BlendingColor
 .text.C3D_EarlyDepthTest
                0x00110bd0       0x24 /opt/devkitpro/libctru/lib/libcitro3d.a(effect.o)
                0x00110bd0                C3D_EarlyDepthTest
 .text.C3D_DepthTest
                0x00110bf4       0x2c /opt/devkitpro/libctru/lib/libcitro3d.a(effect.o)
                0x00110bf4                C3D_DepthTest
 .text.C3D_AlphaTest
                0x00110c20       0x2c /opt/devkitpro/libctru/lib/libcitro3d.a(effect.o)
                0x00110c20                C3D_AlphaTest
 .text.C3D_AlphaBlend
                0x00110c4c       0x50 /opt/devkitpro/libctru/lib/libcitro3d.a(effect.o)
                0x00110c4c                C3D_AlphaBlend
 .text.C3D_FragOpMode
                0x00110c9c       0x30 /opt/devkitpro/libctru/lib/libcitro3d.a(effect.o)
                0x00110c9c                C3D_FragOpMode
 .text.C3D_FragOpShadow
                0x00110ccc       0x44 /opt/devkitpro/libctru/lib/libcitro3d.a(effect.o)
                0x00110ccc                C3D_FragOpShadow
 .text.C3Di_EffectBind
                0x00110d10      0x1ac /opt/devkitpro/libctru/lib/libcitro3d.a(effect.o)
                0x00110d10                C3Di_EffectBind
 .text.C3D_CalcColorBufSize
                0x00110ebc       0x1c /opt/devkitpro/libctru/lib/libcitro3d.a(framebuffer.o)
                0x00110ebc                C3D_CalcColorBufSize
 .text.C3D_CalcDepthBufSize
                0x00110ed8       0x1c /opt/devkitpro/libctru/lib/libcitro3d.a(framebuffer.o)
                0x00110ed8                C3D_CalcDepthBufSize
 .text.C3D_SetFrameBuf
                0x00110ef4       0x44 /opt/devkitpro/libctru/lib/libcitro3d.a(framebuffer.o)
                0x00110ef4                C3D_SetFrameBuf
 .text.C3Di_FrameBufBind
                0x00110f38      0x16c /opt/devkitpro/libctru/lib/libcitro3d.a(framebuffer.o)
                0x00110f38                C3Di_FrameBufBind
 .text.C3D_FrameBufClear
                0x001110a4       0xc8 /opt/devkitpro/libctru/lib/libcitro3d.a(framebuffer.o)
                0x001110a4                C3D_FrameBufClear
 .text.C3D_FrameBufTransfer
                0x0011116c       0x44 /opt/devkitpro/libctru/lib/libcitro3d.a(framebuffer.o)
                0x0011116c                C3D_FrameBufTransfer
 .text.C3D_ImmSendAttrib
                0x001111b0       0xa8 /opt/devkitpro/libctru/lib/libcitro3d.a(immediate.o)
                0x001111b0                C3D_ImmSendAttrib
 .text.C3D_ProcTexInit
                0x00111258       0x70 /opt/devkitpro/libctru/lib/libcitro3d.a(proctex.o)
                0x00111258                C3D_ProcTexInit
 .text.C3D_ProcTexBind
                0x001112c8       0x54 /opt/devkitpro/libctru/lib/libcitro3d.a(proctex.o)
                0x001112c8                C3D_ProcTexBind
 .text.C3D_ProcTexLutBind
                0x0011131c       0x5c /opt/devkitpro/libctru/lib/libcitro3d.a(proctex.o)
                0x0011131c                C3D_ProcTexLutBind
 .text.ProcTexLut_FromArray
                0x00111378       0xa4 /opt/devkitpro/libctru/lib/libcitro3d.a(proctex.o)
                0x00111378                ProcTexLut_FromArray
 .text.C3Di_ProcTexUpdate
                0x0011141c      0x178 /opt/devkitpro/libctru/lib/libcitro3d.a(proctex.o)
                0x0011141c                C3Di_ProcTexUpdate
 .text.C3Di_ProcTexDirty
                0x00111594       0x68 /opt/devkitpro/libctru/lib/libcitro3d.a(proctex.o)
                0x00111594                C3Di_ProcTexDirty
 .text.onVBlank0
                0x001115fc       0x4c /opt/devkitpro/libctru/lib/libcitro3d.a(renderqueue.o)
 .text.onVBlank1
                0x00111648       0x4c /opt/devkitpro/libctru/lib/libcitro3d.a(renderqueue.o)
 .text.C3Di_RenderTargetDestroy
                0x00111694       0x80 /opt/devkitpro/libctru/lib/libcitro3d.a(renderqueue.o)
 .text.onQueueFinish
                0x00111714       0xf4 /opt/devkitpro/libctru/lib/libcitro3d.a(renderqueue.o)
 .text.C3Di_RenderQueueEnableVBlank
                0x00111808       0x38 /opt/devkitpro/libctru/lib/libcitro3d.a(renderqueue.o)
                0x00111808                C3Di_RenderQueueEnableVBlank
 .text.C3Di_RenderQueueDisableVBlank
                0x00111840       0x30 /opt/devkitpro/libctru/lib/libcitro3d.a(renderqueue.o)
                0x00111840                C3Di_RenderQueueDisableVBlank
 .text.C3Di_RenderQueueInit
                0x00111870       0x60 /opt/devkitpro/libctru/lib/libcitro3d.a(renderqueue.o)
                0x00111870                C3Di_RenderQueueInit
 .text.C3Di_RenderQueueExit
                0x001118d0       0xb4 /opt/devkitpro/libctru/lib/libcitro3d.a(renderqueue.o)
                0x001118d0                C3Di_RenderQueueExit
 .text.C3Di_RenderQueueWaitDone
                0x00111984       0x34 /opt/devkitpro/libctru/lib/libcitro3d.a(renderqueue.o)
                0x00111984                C3Di_RenderQueueWaitDone
 .text.C3D_FrameBegin
                0x001119b8       0xe8 /opt/devkitpro/libctru/lib/libcitro3d.a(renderqueue.o)
                0x001119b8                C3D_FrameBegin
 .text.C3D_FrameDrawOn
                0x00111aa0       0x48 /opt/devkitpro/libctru/lib/libcitro3d.a(renderqueue.o)
                0x00111aa0                C3D_FrameDrawOn
 .text.C3D_FrameSplit
                0x00111ae8       0x58 /opt/devkitpro/libctru/lib/libcitro3d.a(renderqueue.o)
                0x00111ae8                C3D_FrameSplit
 .text.C3D_FrameEnd
                0x00111b40      0x1d0 /opt/devkitpro/libctru/lib/libcitro3d.a(renderqueue.o)
                0x00111b40                C3D_FrameEnd
 .text.C3D_FrameEndHook
                0x00111d10       0x1c /opt/devkitpro/libctru/lib/libcitro3d.a(renderqueue.o)
                0x00111d10                C3D_FrameEndHook
 .text.C3D_RenderTargetCreate
                0x00111d2c      0x170 /opt/devkitpro/libctru/lib/libcitro3d.a(renderqueue.o)
                0x00111d2c                C3D_RenderTargetCreate
 .text.C3D_RenderTargetSetOutput
                0x00111e9c       0xa8 /opt/devkitpro/libctru/lib/libcitro3d.a(renderqueue.o)
                0x00111e9c                C3D_RenderTargetSetOutput
 .text.C3D_GetTexEnv
                0x00111f44       0x34 /opt/devkitpro/libctru/lib/libcitro3d.a(texenv.o)
                0x00111f44                C3D_GetTexEnv
 .text.C3Di_TexEnvBind
                0x00111f78       0x24 /opt/devkitpro/libctru/lib/libcitro3d.a(texenv.o)
                0x00111f78                C3Di_TexEnvBind
 .text.C3D_TexBind
                0x00111f9c       0x44 /opt/devkitpro/libctru/lib/libcitro3d.a(texture.o)
                0x00111f9c                C3D_TexBind
 .text.C3Di_SetTex
                0x00111fe0      0x14c /opt/devkitpro/libctru/lib/libcitro3d.a(texture.o)
                0x00111fe0                C3Di_SetTex
 .text.C3D_UpdateUniforms
                0x0011212c      0x290 /opt/devkitpro/libctru/lib/libcitro3d.a(uniforms.o)
                0x0011212c                C3D_UpdateUniforms
 .text.C3Di_DirtyUniforms
                0x001123bc       0xc0 /opt/devkitpro/libctru/lib/libcitro3d.a(uniforms.o)
                0x001123bc                C3Di_DirtyUniforms
 .text.C3Di_LoadShaderUniforms
                0x0011247c       0xd8 /opt/devkitpro/libctru/lib/libcitro3d.a(uniforms.o)
                0x0011247c                C3Di_LoadShaderUniforms
 .text.C3Di_ClearShaderUniforms
                0x00112554       0x28 /opt/devkitpro/libctru/lib/libcitro3d.a(uniforms.o)
                0x00112554                C3Di_ClearShaderUniforms
 .text.Mtx_Ortho
                0x0011257c       0xcc /opt/devkitpro/libctru/lib/libcitro3d.a(mtx_ortho.o)
                0x0011257c                Mtx_Ortho
 .text.Mtx_OrthoTilt
                0x00112648       0xcc /opt/devkitpro/libctru/lib/libcitro3d.a(mtx_orthotilt.o)
                0x00112648                Mtx_OrthoTilt
 .text._ZL21addrMapNodeComparatorPK11rbtree_nodeS1_
                0x00112714       0x24 /opt/devkitpro/libctru/lib/libctru.a(linear.o)
 .text._ZL21addrMapNodeDestructorP11rbtree_node
                0x00112738        0x4 /opt/devkitpro/libctru/lib/libctru.a(linear.o)
 .text.linearMemAlign
                0x0011273c      0x120 /opt/devkitpro/libctru/lib/libctru.a(linear.o)
                0x0011273c                linearMemAlign
 .text.linearAlloc
                0x0011285c        0x8 /opt/devkitpro/libctru/lib/libctru.a(linear.o)
                0x0011285c                linearAlloc
 .text.linearFree
                0x00112864       0x5c /opt/devkitpro/libctru/lib/libctru.a(linear.o)
                0x00112864                linearFree
 .text._ZN7MemPool13CoalesceRightEP8MemBlock
                0x001128c0       0x84 /opt/devkitpro/libctru/lib/libctru.a(mem_pool.o)
                0x001128c0                MemPool::CoalesceRight(MemBlock*)
 .text._ZN7MemPool8AllocateER8MemChunkmi
                0x00112944      0x150 /opt/devkitpro/libctru/lib/libctru.a(mem_pool.o)
                0x00112944                MemPool::Allocate(MemChunk&, unsigned long, int)
 .text._ZN7MemPool10DeallocateERK8MemChunk
                0x00112a94       0xfc /opt/devkitpro/libctru/lib/libctru.a(mem_pool.o)
                0x00112a94                MemPool::Deallocate(MemChunk const&)
 .text._ZN7MemPool12GetFreeSpaceEv
                0x00112b90       0x30 /opt/devkitpro/libctru/lib/libctru.a(mem_pool.o)
                0x00112b90                MemPool::GetFreeSpace()
 .text._ZL21addrMapNodeComparatorPK11rbtree_nodeS1_
                0x00112bc0       0x24 /opt/devkitpro/libctru/lib/libctru.a(vram.o)
 .text._ZL21addrMapNodeDestructorP11rbtree_node
                0x00112be4        0x4 /opt/devkitpro/libctru/lib/libctru.a(vram.o)
 .text.vramMemAlignAt
                0x00112be8      0x244 /opt/devkitpro/libctru/lib/libctru.a(vram.o)
                0x00112be8                vramMemAlignAt
 .text.vramAlloc
                0x00112e2c        0xc /opt/devkitpro/libctru/lib/libctru.a(vram.o)
                0x00112e2c                vramAlloc
 .text.vramAllocAt
                0x00112e38        0xc /opt/devkitpro/libctru/lib/libctru.a(vram.o)
                0x00112e38                vramAllocAt
 .text.vramFree
                0x00112e44       0x90 /opt/devkitpro/libctru/lib/libctru.a(vram.o)
                0x00112e44                vramFree
 .text.fontEnsureMapped
                0x00112ed4       0x94 /opt/devkitpro/libctru/lib/libctru.a(font.o)
                0x00112ed4                fontEnsureMapped
 .text.fontGlyphIndexFromCodePoint
                0x00112f68      0x100 /opt/devkitpro/libctru/lib/libctru.a(font.o)
                0x00112f68                fontGlyphIndexFromCodePoint
 .text.fontCalcGlyphPos
                0x00113068      0x1ec /opt/devkitpro/libctru/lib/libctru.a(font.o)
                0x00113068                fontCalcGlyphPos
 .text.gfxPresentFramebuffer
                0x00113254       0xd0 /opt/devkitpro/libctru/lib/libctru.a(gfx.o)
 .text.gfxIsWide
                0x00113324       0x1c /opt/devkitpro/libctru/lib/libctru.a(gfx.o)
                0x00113324                gfxIsWide
 .text.gfxSetScreenFormat
                0x00113340       0xec /opt/devkitpro/libctru/lib/libctru.a(gfx.o)
                0x00113340                gfxSetScreenFormat
 .text.gfxInit  0x0011342c       0xd8 /opt/devkitpro/libctru/lib/libctru.a(gfx.o)
                0x0011342c                gfxInit
 .text.gfxInitDefault
                0x00113504       0x10 /opt/devkitpro/libctru/lib/libctru.a(gfx.o)
                0x00113504                gfxInitDefault
 .text.gfxExit  0x00113514       0xb4 /opt/devkitpro/libctru/lib/libctru.a(gfx.o)
                0x00113514                gfxExit
 .text.gfxGetFramebuffer
                0x001135c8       0xa0 /opt/devkitpro/libctru/lib/libctru.a(gfx.o)
                0x001135c8                gfxGetFramebuffer
 .text.gfxScreenSwapBuffers
                0x00113668       0x30 /opt/devkitpro/libctru/lib/libctru.a(gfx.o)
                0x00113668                gfxScreenSwapBuffers
 .text.osConvertVirtToPhys
                0x00113698       0x74 /opt/devkitpro/libctru/lib/libctru.a(os.o)
                0x00113698                osConvertVirtToPhys
 .text.__ctru_speedup_config
                0x0011370c       0x34 /opt/devkitpro/libctru/lib/libctru.a(os.o)
                0x0011370c                __ctru_speedup_config
 .text.GPUCMD_Add
                0x00113740      0x13c /opt/devkitpro/libctru/lib/libctru.a(gpu.o)
                0x00113740                GPUCMD_Add
 .text.GPUCMD_Split
                0x0011387c       0xb0 /opt/devkitpro/libctru/lib/libctru.a(gpu.o)
                0x0011387c                GPUCMD_Split
 .text.f32tof16
                0x0011392c       0x34 /opt/devkitpro/libctru/lib/libctru.a(gpu.o)
                0x0011392c                f32tof16
 .text.f32tof24
                0x00113960       0x34 /opt/devkitpro/libctru/lib/libctru.a(gpu.o)
                0x00113960                f32tof24
 .text.f32tof31
                0x00113994       0x38 /opt/devkitpro/libctru/lib/libctru.a(gpu.o)
                0x00113994                f32tof31
 .text.GX_BindQueue
                0x001139cc       0x10 /opt/devkitpro/libctru/lib/libctru.a(gx.o)
                0x001139cc                GX_BindQueue
 .text.GX_ProcessCommandList
                0x001139dc       0x78 /opt/devkitpro/libctru/lib/libctru.a(gx.o)
                0x001139dc                GX_ProcessCommandList
 .text.GX_MemoryFill
                0x00113a54       0x74 /opt/devkitpro/libctru/lib/libctru.a(gx.o)
                0x00113a54                GX_MemoryFill
 .text.GX_DisplayTransfer
                0x00113ac8       0x70 /opt/devkitpro/libctru/lib/libctru.a(gx.o)
                0x00113ac8                GX_DisplayTransfer
 .text.gxCmdQueueDoCommands.part.0
                0x00113b38       0x68 /opt/devkitpro/libctru/lib/libctru.a(gxqueue.o)
 .text.gxCmdQueueInterrupt
                0x00113ba0       0xc8 /opt/devkitpro/libctru/lib/libctru.a(gxqueue.o)
                0x00113ba0                gxCmdQueueInterrupt
 .text.gxCmdQueueClear
                0x00113c68       0x4c /opt/devkitpro/libctru/lib/libctru.a(gxqueue.o)
                0x00113c68                gxCmdQueueClear
 .text.gxCmdQueueAdd
                0x00113cb4       0xf8 /opt/devkitpro/libctru/lib/libctru.a(gxqueue.o)
                0x00113cb4                gxCmdQueueAdd
 .text.gxCmdQueueRun
                0x00113dac       0x80 /opt/devkitpro/libctru/lib/libctru.a(gxqueue.o)
                0x00113dac                gxCmdQueueRun
 .text.gxCmdQueueStop
                0x00113e2c       0x60 /opt/devkitpro/libctru/lib/libctru.a(gxqueue.o)
                0x00113e2c                gxCmdQueueStop
 .text.gxCmdQueueWait
                0x00113e8c       0x8c /opt/devkitpro/libctru/lib/libctru.a(gxqueue.o)
                0x00113e8c                gxCmdQueueWait
 .text.shaderInstanceInit
                0x00113f18      0x1d0 /opt/devkitpro/libctru/lib/libctru.a(shaderProgram.o)
                0x00113f18                shaderInstanceInit
 .text.shaderInstanceGetUniformLocation
                0x001140e8       0x18 /opt/devkitpro/libctru/lib/libctru.a(shaderProgram.o)
                0x001140e8                shaderInstanceGetUniformLocation
 .text.shaderProgramInit
                0x00114100       0x1c /opt/devkitpro/libctru/lib/libctru.a(shaderProgram.o)
                0x00114100                shaderProgramInit
 .text.shaderProgramFree
                0x0011411c       0x64 /opt/devkitpro/libctru/lib/libctru.a(shaderProgram.o)
                0x0011411c                shaderProgramFree
 .text.shaderProgramSetVsh
                0x00114180       0x80 /opt/devkitpro/libctru/lib/libctru.a(shaderProgram.o)
                0x00114180                shaderProgramSetVsh
 .text.shaderProgramConfigure
                0x00114200      0x8d0 /opt/devkitpro/libctru/lib/libctru.a(shaderProgram.o)
                0x00114200                shaderProgramConfigure
 .text.DVLE_GenerateOutmap.part.0
                0x00114ad0      0x1dc /opt/devkitpro/libctru/lib/libctru.a(shbin.o)
 .text.DVLB_ParseFile
                0x00114cac      0x1b0 /opt/devkitpro/libctru/lib/libctru.a(shbin.o)
                0x00114cac                DVLB_ParseFile
 .text.DVLB_Free
                0x00114e5c       0x38 /opt/devkitpro/libctru/lib/libctru.a(shbin.o)
                0x00114e5c                DVLB_Free
 .text.DVLE_GetUniformRegister
                0x00114e94       0x74 /opt/devkitpro/libctru/lib/libctru.a(shbin.o)
                0x00114e94                DVLE_GetUniformRegister
 .text.aptConvertScreenForCapture
                0x00114f08      0x1b0 /opt/devkitpro/libctru/lib/libctru.a(apt.o)
 .text.aptDspSleep
                0x001150b8        0x8 /opt/devkitpro/libctru/lib/libctru.a(apt.o)
                0x001150b8                aptDspSleep
 .text.aptDspWakeup
                0x001150c0        0x4 /opt/devkitpro/libctru/lib/libctru.a(apt.o)
                0x001150c0                aptDspWakeup
 .text.aptDspCancel
                0x001150c4        0x4 /opt/devkitpro/libctru/lib/libctru.a(apt.o)
                0x001150c4                aptDspCancel
 .text.aptSendCommand
                0x001150c8      0x158 /opt/devkitpro/libctru/lib/libctru.a(apt.o)
                0x001150c8                aptSendCommand
 .text.aptExitProcess
                0x00115220       0x44 /opt/devkitpro/libctru/lib/libctru.a(apt.o)
 .text.aptExit  0x00115264      0x380 /opt/devkitpro/libctru/lib/libctru.a(apt.o)
                0x00115264                aptExit
 .text.aptHandleSleep
                0x001155e4       0xd8 /opt/devkitpro/libctru/lib/libctru.a(apt.o)
                0x001155e4                aptHandleSleep
 .text.aptHook  0x001156bc       0x30 /opt/devkitpro/libctru/lib/libctru.a(apt.o)
                0x001156bc                aptHook
 .text.aptUnhook
                0x001156ec       0x30 /opt/devkitpro/libctru/lib/libctru.a(apt.o)
                0x001156ec                aptUnhook
 .text.APT_SleepIfShellClosed
                0x0011571c       0x84 /opt/devkitpro/libctru/lib/libctru.a(apt.o)
                0x0011571c                APT_SleepIfShellClosed
 .text.aptSetSleepAllowed
                0x001157a0       0x78 /opt/devkitpro/libctru/lib/libctru.a(apt.o)
                0x001157a0                aptSetSleepAllowed
 .text.APT_UnlockTransition
                0x00115818       0x84 /opt/devkitpro/libctru/lib/libctru.a(apt.o)
                0x00115818                APT_UnlockTransition
 *fill*         0x0011589c        0x4 
 .text.aptEventHandler
                0x001158a0      0x478 /opt/devkitpro/libctru/lib/libctru.a(apt.o)
 .text.APT_ReceiveParameter
                0x00115d18       0xb0 /opt/devkitpro/libctru/lib/libctru.a(apt.o)
                0x00115d18                APT_ReceiveParameter
 .text.aptReceiveParameter.constprop.0
                0x00115dc8       0xac /opt/devkitpro/libctru/lib/libctru.a(apt.o)
 *fill*         0x00115e74        0x4 
 .text.aptScreenTransfer
                0x00115e78      0x294 /opt/devkitpro/libctru/lib/libctru.a(apt.o)
 .text.aptWaitForWakeUp.isra.0
                0x0011610c      0x2c8 /opt/devkitpro/libctru/lib/libctru.a(apt.o)
 .text.aptJumpToHomeMenu
                0x001163d4       0xf4 /opt/devkitpro/libctru/lib/libctru.a(apt.o)
                0x001163d4                aptJumpToHomeMenu
 .text.aptMainLoop
                0x001164c8       0x48 /opt/devkitpro/libctru/lib/libctru.a(apt.o)
                0x001164c8                aptMainLoop
 .text.aptInit  0x00116510      0x22c /opt/devkitpro/libctru/lib/libctru.a(apt.o)
                0x00116510                aptInit
 .text.APT_CheckNew3DS
                0x0011673c       0x7c /opt/devkitpro/libctru/lib/libctru.a(apt.o)
                0x0011673c                APT_CheckNew3DS
 .text.APT_GetSharedFont
                0x001167b8       0x48 /opt/devkitpro/libctru/lib/libctru.a(apt.o)
                0x001167b8                APT_GetSharedFont
 .text.cfguInit
                0x00116800       0xa4 /opt/devkitpro/libctru/lib/libctru.a(cfgu.o)
                0x00116800                cfguInit
 .text.cfguExit
                0x001168a4       0x3c /opt/devkitpro/libctru/lib/libctru.a(cfgu.o)
                0x001168a4                cfguExit
 .text.fsInit   0x001168e0       0xd0 /opt/devkitpro/libctru/lib/libctru.a(fs.o)
                0x001168e0                fsInit
 .text.fsExit   0x001169b0       0x3c /opt/devkitpro/libctru/lib/libctru.a(fs.o)
                0x001169b0                fsExit
 .text.fsExemptFromSession
                0x001169ec       0x60 /opt/devkitpro/libctru/lib/libctru.a(fs.o)
                0x001169ec                fsExemptFromSession
 .text.fsUnexemptFromSession
                0x00116a4c       0x50 /opt/devkitpro/libctru/lib/libctru.a(fs.o)
                0x00116a4c                fsUnexemptFromSession
 .text.FSUSER_OpenFile
                0x00116a9c       0xcc /opt/devkitpro/libctru/lib/libctru.a(fs.o)
                0x00116a9c                FSUSER_OpenFile
 .text.FSUSER_DeleteFile
                0x00116b68       0xbc /opt/devkitpro/libctru/lib/libctru.a(fs.o)
                0x00116b68                FSUSER_DeleteFile
 .text.FSUSER_RenameFile
                0x00116c24       0xf8 /opt/devkitpro/libctru/lib/libctru.a(fs.o)
                0x00116c24                FSUSER_RenameFile
 .text.FSUSER_DeleteDirectory
                0x00116d1c       0xbc /opt/devkitpro/libctru/lib/libctru.a(fs.o)
                0x00116d1c                FSUSER_DeleteDirectory
 .text.FSUSER_CreateFile
                0x00116dd8       0xd4 /opt/devkitpro/libctru/lib/libctru.a(fs.o)
                0x00116dd8                FSUSER_CreateFile
 .text.FSUSER_CreateDirectory
                0x00116eac       0xc4 /opt/devkitpro/libctru/lib/libctru.a(fs.o)
                0x00116eac                FSUSER_CreateDirectory
 .text.FSUSER_RenameDirectory
                0x00116f70       0xf8 /opt/devkitpro/libctru/lib/libctru.a(fs.o)
                0x00116f70                FSUSER_RenameDirectory
 .text.FSUSER_OpenDirectory
                0x00117068       0xb4 /opt/devkitpro/libctru/lib/libctru.a(fs.o)
                0x00117068                FSUSER_OpenDirectory
 .text.FSUSER_OpenArchive
                0x0011711c       0x94 /opt/devkitpro/libctru/lib/libctru.a(fs.o)
                0x0011711c                FSUSER_OpenArchive
 .text.FSUSER_CloseArchive
                0x001171b0       0x8c /opt/devkitpro/libctru/lib/libctru.a(fs.o)
                0x001171b0                FSUSER_CloseArchive
 .text.FSUSER_GetSdmcArchiveResource
                0x0011723c       0x74 /opt/devkitpro/libctru/lib/libctru.a(fs.o)
                0x0011723c                FSUSER_GetSdmcArchiveResource
 .text.FSUSER_IsSdmcWritable
                0x001172b0       0x64 /opt/devkitpro/libctru/lib/libctru.a(fs.o)
                0x001172b0                FSUSER_IsSdmcWritable
 .text.FSFILE_Read
                0x00117314       0x58 /opt/devkitpro/libctru/lib/libctru.a(fs.o)
                0x00117314                FSFILE_Read
 .text.FSFILE_Write
                0x0011736c       0x60 /opt/devkitpro/libctru/lib/libctru.a(fs.o)
                0x0011736c                FSFILE_Write
 .text.FSFILE_GetSize
                0x001173cc       0x38 /opt/devkitpro/libctru/lib/libctru.a(fs.o)
                0x001173cc                FSFILE_GetSize
 .text.FSFILE_SetSize
                0x00117404       0x28 /opt/devkitpro/libctru/lib/libctru.a(fs.o)
                0x00117404                FSFILE_SetSize
 .text.FSFILE_Close
                0x0011742c       0x3c /opt/devkitpro/libctru/lib/libctru.a(fs.o)
                0x0011742c                FSFILE_Close
 .text.FSFILE_Flush
                0x00117468       0x24 /opt/devkitpro/libctru/lib/libctru.a(fs.o)
                0x00117468                FSFILE_Flush
 .text.FSDIR_Read
                0x0011748c       0x50 /opt/devkitpro/libctru/lib/libctru.a(fs.o)
                0x0011748c                FSDIR_Read
 .text.FSDIR_Close
                0x001174dc       0x3c /opt/devkitpro/libctru/lib/libctru.a(fs.o)
                0x001174dc                FSDIR_Close
 .text.gspHardwareInit
                0x00117518      0xc70 /opt/devkitpro/libctru/lib/libctru.a(gspgpu.o)
 .text.gspInit  0x00118188      0x248 /opt/devkitpro/libctru/lib/libctru.a(gspgpu.o)
                0x00118188                gspInit
 .text.gspExit  0x001183d0       0xe4 /opt/devkitpro/libctru/lib/libctru.a(gspgpu.o)
                0x001183d0                gspExit
 .text.gspHasGpuRight
                0x001184b4       0x10 /opt/devkitpro/libctru/lib/libctru.a(gspgpu.o)
                0x001184b4                gspHasGpuRight
 .text.gspPresentBuffer
                0x001184c4       0xa0 /opt/devkitpro/libctru/lib/libctru.a(gspgpu.o)
                0x001184c4                gspPresentBuffer
 .text.gspSetEventCallback
                0x00118564       0x30 /opt/devkitpro/libctru/lib/libctru.a(gspgpu.o)
                0x00118564                gspSetEventCallback
 .text.gspWaitForEvent
                0x00118594       0x44 /opt/devkitpro/libctru/lib/libctru.a(gspgpu.o)
                0x00118594                gspWaitForEvent
 .text.gspWaitForAnyEvent
                0x001185d8       0x4c /opt/devkitpro/libctru/lib/libctru.a(gspgpu.o)
                0x001185d8                gspWaitForAnyEvent
 .text.gspEventThreadMain
                0x00118624      0x160 /opt/devkitpro/libctru/lib/libctru.a(gspgpu.o)
 .text.gspSubmitGxCommand
                0x00118784      0x130 /opt/devkitpro/libctru/lib/libctru.a(gspgpu.o)
                0x00118784                gspSubmitGxCommand
 .text.GSPGPU_FlushDataCache
                0x001188b4       0x50 /opt/devkitpro/libctru/lib/libctru.a(gspgpu.o)
                0x001188b4                GSPGPU_FlushDataCache
 .text.GSPGPU_SetLcdForceBlack
                0x00118904       0x34 /opt/devkitpro/libctru/lib/libctru.a(gspgpu.o)
                0x00118904                GSPGPU_SetLcdForceBlack
 .text.GSPGPU_AcquireRight
                0x00118938       0x68 /opt/devkitpro/libctru/lib/libctru.a(gspgpu.o)
                0x00118938                GSPGPU_AcquireRight
 .text.GSPGPU_ReleaseRight
                0x001189a0       0x48 /opt/devkitpro/libctru/lib/libctru.a(gspgpu.o)
                0x001189a0                GSPGPU_ReleaseRight
 .text.GSPGPU_ImportDisplayCaptureInfo
                0x001189e8       0x7c /opt/devkitpro/libctru/lib/libctru.a(gspgpu.o)
                0x001189e8                GSPGPU_ImportDisplayCaptureInfo
 .text.GSPGPU_SaveVramSysArea
                0x00118a64       0x2c /opt/devkitpro/libctru/lib/libctru.a(gspgpu.o)
                0x00118a64                GSPGPU_SaveVramSysArea
 .text.GSPGPU_RestoreVramSysArea
                0x00118a90       0x2c /opt/devkitpro/libctru/lib/libctru.a(gspgpu.o)
                0x00118a90                GSPGPU_RestoreVramSysArea
 .text.hidShouldUseIrrst
                0x00118abc       0x24 /opt/devkitpro/libctru/lib/libctru.a(hid.o)
                0x00118abc                hidShouldUseIrrst
 .text.hidInit  0x00118ae0      0x18c /opt/devkitpro/libctru/lib/libctru.a(hid.o)
                0x00118ae0                hidInit
 .text.hidExit  0x00118c6c       0xe8 /opt/devkitpro/libctru/lib/libctru.a(hid.o)
                0x00118c6c                hidExit
 .text.hidScanInput
                0x00118d54      0x2a4 /opt/devkitpro/libctru/lib/libctru.a(hid.o)
                0x00118d54                hidScanInput
 .text.hidKeysHeld
                0x00118ff8       0x10 /opt/devkitpro/libctru/lib/libctru.a(hid.o)
                0x00118ff8                hidKeysHeld
 .text.hidKeysDown
                0x00119008       0x10 /opt/devkitpro/libctru/lib/libctru.a(hid.o)
                0x00119008                hidKeysDown
 .text.hidTouchRead
                0x00119018       0x18 /opt/devkitpro/libctru/lib/libctru.a(hid.o)
                0x00119018                hidTouchRead
 .text.irrstInit
                0x00119030      0x160 /opt/devkitpro/libctru/lib/libctru.a(irrst.o)
                0x00119030                irrstInit
 .text.irrstExit
                0x00119190       0xcc /opt/devkitpro/libctru/lib/libctru.a(irrst.o)
                0x00119190                irrstExit
 .text.irrstScanInput
                0x0011925c       0xb4 /opt/devkitpro/libctru/lib/libctru.a(irrst.o)
                0x0011925c                irrstScanInput
 .text.irrstKeysHeld
                0x00119310       0x24 /opt/devkitpro/libctru/lib/libctru.a(irrst.o)
                0x00119310                irrstKeysHeld
 .text.ptmSysmInit
                0x00119334       0x74 /opt/devkitpro/libctru/lib/libctru.a(ptmsysm.o)
                0x00119334                ptmSysmInit
 .text.ptmSysmExit
                0x001193a8       0x3c /opt/devkitpro/libctru/lib/libctru.a(ptmsysm.o)
                0x001193a8                ptmSysmExit
 .text.PTMSYSM_ConfigureNew3DSCPU
                0x001193e4       0x34 /opt/devkitpro/libctru/lib/libctru.a(ptmsysm.o)
                0x001193e4                PTMSYSM_ConfigureNew3DSCPU
 .text.rbtree_find
                0x00119418       0x74 /opt/devkitpro/libctru/lib/libctru.a(rbtree_find.o)
                0x00119418                rbtree_find
 .text.rbtree_init
                0x0011948c       0x10 /opt/devkitpro/libctru/lib/libctru.a(rbtree_init.o)
                0x0011948c                rbtree_init
 .text.do_insert
                0x0011949c      0x19c /opt/devkitpro/libctru/lib/libctru.a(rbtree_insert.o)
 .text.rbtree_insert
                0x00119638        0x8 /opt/devkitpro/libctru/lib/libctru.a(rbtree_insert.o)
                0x00119638                rbtree_insert
 .text.rbtree_remove
                0x00119640      0x310 /opt/devkitpro/libctru/lib/libctru.a(rbtree_remove.o)
                0x00119640                rbtree_remove
 .text.rbtree_rotate
                0x00119950       0x90 /opt/devkitpro/libctru/lib/libctru.a(rbtree_rotate.o)
                0x00119950                rbtree_rotate
 .text.decode_utf8
                0x001199e0      0x13c /opt/devkitpro/libctru/lib/libctru.a(decode_utf8.o)
                0x001199e0                decode_utf8
 .text.utf16_to_utf8
                0x00119b1c       0xe8 /opt/devkitpro/libctru/lib/libctru.a(utf16_to_utf8.o)
                0x00119b1c                utf16_to_utf8
 .text.utf8_to_utf16
                0x00119c04       0xc0 /opt/devkitpro/libctru/lib/libctru.a(utf8_to_utf16.o)
                0x00119c04                utf8_to_utf16
 *fill*         0x00119cc4        0x4 
 .text.__system_allocateHeaps
                0x00119cc8      0x1e0 /opt/devkitpro/libctru/lib/libctru.a(allocateHeaps.o)
                0x00119cc8                __system_allocateHeaps
 .text.__libctru_init
                0x00119ea8       0x38 /opt/devkitpro/libctru/lib/libctru.a(ctru_init.o)
                0x00119ea8                __libctru_init
 .text.__system_initArgv
                0x00119ee0      0x160 /opt/devkitpro/libctru/lib/libctru.a(initArgv.o)
                0x00119ee0                __system_initArgv
 .text.__syscall_getreent
                0x0011a040       0x30 /opt/devkitpro/libctru/lib/libctru.a(syscalls.o)
                0x0011a040                __syscall_getreent
 .text.__syscall_lock_acquire
                0x0011a070        0x4 /opt/devkitpro/libctru/lib/libctru.a(syscalls.o)
                0x0011a070                __syscall_lock_acquire
 .text.__syscall_lock_release
                0x0011a074        0x4 /opt/devkitpro/libctru/lib/libctru.a(syscalls.o)
                0x0011a074                __syscall_lock_release
 .text.__syscall_lock_acquire_recursive
                0x0011a078        0x4 /opt/devkitpro/libctru/lib/libctru.a(syscalls.o)
                0x0011a078                __syscall_lock_acquire_recursive
 .text.__syscall_lock_release_recursive
                0x0011a07c        0x4 /opt/devkitpro/libctru/lib/libctru.a(syscalls.o)
                0x0011a07c                __syscall_lock_release_recursive
 .text.__syscall_exit
                0x0011a080        0x4 /opt/devkitpro/libctru/lib/libctru.a(syscalls.o)
                0x0011a080                __syscall_exit
 .text.initThreadVars
                0x0011a084       0x50 /opt/devkitpro/libctru/lib/libctru.a(syscalls.o)
                0x0011a084                initThreadVars
 .text.__system_initSyscalls
                0x0011a0d4       0x80 /opt/devkitpro/libctru/lib/libctru.a(syscalls.o)
                0x0011a0d4                __system_initSyscalls
 .text.svcControlMemory
                0x0011a154       0x20 /opt/devkitpro/libctru/lib/libctru.a(svc.o)
                0x0011a154                svcControlMemory
 .text.svcQueryMemory
                0x0011a174       0x30 /opt/devkitpro/libctru/lib/libctru.a(svc.o)
                0x0011a174                svcQueryMemory
 .text.svcExitProcess
                0x0011a1a4        0x8 /opt/devkitpro/libctru/lib/libctru.a(svc.o)
                0x0011a1a4                svcExitProcess
 .text.svcCreateThread
                0x0011a1ac       0x20 /opt/devkitpro/libctru/lib/libctru.a(svc.o)
                0x0011a1ac                svcCreateThread
 .text.svcExitThread
                0x0011a1cc        0x8 /opt/devkitpro/libctru/lib/libctru.a(svc.o)
                0x0011a1cc                svcExitThread
 .text.svcSleepThread
                0x0011a1d4        0x8 /opt/devkitpro/libctru/lib/libctru.a(svc.o)
                0x0011a1d4                svcSleepThread
 .text.svcReleaseMutex
                0x0011a1dc        0x8 /opt/devkitpro/libctru/lib/libctru.a(svc.o)
                0x0011a1dc                svcReleaseMutex
 .text.svcCreateEvent
                0x0011a1e4       0x14 /opt/devkitpro/libctru/lib/libctru.a(svc.o)
                0x0011a1e4                svcCreateEvent
 .text.svcSignalEvent
                0x0011a1f8        0x8 /opt/devkitpro/libctru/lib/libctru.a(svc.o)
                0x0011a1f8                svcSignalEvent
 .text.svcClearEvent
                0x0011a200        0x8 /opt/devkitpro/libctru/lib/libctru.a(svc.o)
                0x0011a200                svcClearEvent
 .text.svcMapMemoryBlock
                0x0011a208        0x8 /opt/devkitpro/libctru/lib/libctru.a(svc.o)
                0x0011a208                svcMapMemoryBlock
 .text.svcUnmapMemoryBlock
                0x0011a210        0x8 /opt/devkitpro/libctru/lib/libctru.a(svc.o)
                0x0011a210                svcUnmapMemoryBlock
 .text.svcCreateAddressArbiter
                0x0011a218       0x14 /opt/devkitpro/libctru/lib/libctru.a(svc.o)
                0x0011a218                svcCreateAddressArbiter
 .text.svcArbitrateAddressNoTimeout
                0x0011a22c        0x8 /opt/devkitpro/libctru/lib/libctru.a(svc.o)
                0x0011a22c                svcArbitrateAddressNoTimeout
 .text.svcCloseHandle
                0x0011a234        0x8 /opt/devkitpro/libctru/lib/libctru.a(svc.o)
                0x0011a234                svcCloseHandle
 .text.svcWaitSynchronization
                0x0011a23c        0x8 /opt/devkitpro/libctru/lib/libctru.a(svc.o)
                0x0011a23c                svcWaitSynchronization
 .text.svcWaitSynchronizationN
                0x0011a244       0x28 /opt/devkitpro/libctru/lib/libctru.a(svc.o)
                0x0011a244                svcWaitSynchronizationN
 .text.svcDuplicateHandle
                0x0011a26c       0x14 /opt/devkitpro/libctru/lib/libctru.a(svc.o)
                0x0011a26c                svcDuplicateHandle
 .text.svcGetSystemTick
                0x0011a280        0x8 /opt/devkitpro/libctru/lib/libctru.a(svc.o)
                0x0011a280                svcGetSystemTick
 .text.svcConnectToPort
                0x0011a288       0x14 /opt/devkitpro/libctru/lib/libctru.a(svc.o)
                0x0011a288                svcConnectToPort
 .text.svcSendSyncRequest
                0x0011a29c        0x8 /opt/devkitpro/libctru/lib/libctru.a(svc.o)
                0x0011a29c                svcSendSyncRequest
 .text.svcGetResourceLimit
                0x0011a2a4       0x14 /opt/devkitpro/libctru/lib/libctru.a(svc.o)
                0x0011a2a4                svcGetResourceLimit
 .text.svcGetResourceLimitLimitValues
                0x0011a2b8        0x8 /opt/devkitpro/libctru/lib/libctru.a(svc.o)
                0x0011a2b8                svcGetResourceLimitLimitValues
 .text.svcGetResourceLimitCurrentValues
                0x0011a2c0        0x8 /opt/devkitpro/libctru/lib/libctru.a(svc.o)
                0x0011a2c0                svcGetResourceLimitCurrentValues
 .text.svcBreak
                0x0011a2c8        0x8 /opt/devkitpro/libctru/lib/libctru.a(svc.o)
                0x0011a2c8                svcBreak
 .text.__aeabi_read_tp
                0x0011a2d0        0xc /opt/devkitpro/libctru/lib/libctru.a(readtp.o)
                0x0011a2d0                __aeabi_read_tp
 .text.initSystem
                0x0011a2dc       0x50 /opt/devkitpro/libctru/lib/libctru.a(stack_adjust.o)