Archive member included to satisfy reference by file (symbol)

/opt/devkitpro/portlibs/3ds/lib/libbox2d.a(b2_polygon_shape.cpp.obj)
                              main.o (b2PolygonShape::SetAsBox(float, float))
/opt/devkitpro/portlibs/3ds/lib/libbox2d.a(b2_block_allocator.cpp.obj)
                              /opt/devkitpro/portlibs/3ds/lib/libbox2d.a(b2_polygon_shape.cpp.obj) (b2BlockAllocator::Allocate(int))
/opt/devkitpro/portlibs/3ds/lib/libbox2d.a(b2_settings.cpp.obj)
                              /opt/devkitpro/portlibs/3ds/lib/libbox2d.a(b2_block_allocator.cpp.obj) (b2Alloc_Default(int))
/opt/devkitpro/portlibs/3ds/lib/libbox2d.a(b2_body.cpp.obj)
                              main.o (b2Body::CreateFixture(b2FixtureDef const*))
/opt/devkitpro/portlibs/3ds/lib/libbox2d.a(b2_contact_manager.cpp.obj)
                              /opt/devkitpro/portlibs/3ds/lib/libbox2d.a(b2_body.cpp.obj) (b2ContactManager::Destroy(b2Contact*))
/opt/devkitpro/portlibs/3ds/lib/libbox2d.a(b2_fixture.cpp.obj)
                              /opt/devkitpro/portlibs/3ds/lib/libbox2d.a(b2_body.cpp.obj) (b2Fixture::b2Fixture())
/opt/devkitpro/portlibs/3ds/lib/libbox2d.a(b2_world.cpp.obj)
                              main.o (b2World::b2World(b2Vec2 const&))
/opt/devkitpro/portlibs/3ds/lib/libbox2d.a(b2_world_callbacks.cpp.obj)
                              /opt/devkitpro/portlibs/3ds/lib/libbox2d.a(b2_contact_manager.cpp.obj) (vtable for b2ContactFilter)
/opt/devkitpro/portlibs/3ds/lib/libbox2d.a(b2_broad_phase.cpp.obj)
                              /opt/devkitpro/portlibs/3ds/lib/libbox2d.a(b2_contact_manager.cpp.obj) (b2BroadPhase::b2BroadPhase())
/opt/devkitpro/portlibs/3ds/lib/libbox2d.a(b2_distance.cpp.obj)
                              /opt/devkitpro/portlibs/3ds/lib/libbox2d.a(b2_world.cpp.obj) (b2DistanceProxy::Set(b2Shape const*, int))
/opt/devkitpro/portlibs/3ds/lib/libbox2d.a(b2_dynamic_tree.cpp.obj)
                              /opt/devkitpro/portlibs/3ds/lib/libbox2d.a(b2_broad_phase.cpp.obj) (b2DynamicTree::b2DynamicTree())
/opt/devkitpro/portlibs/3ds/lib/libbox2d.a(b2_time_of_impact.cpp.obj)
                              /opt/devkitpro/portlibs/3ds/lib/libbox2d.a(b2_world.cpp.obj) (b2TimeOfImpact(b2TOIOutput*, b2TOIInput const*))
/opt/devkitpro/portlibs/3ds/lib/libbox2d.a(b2_draw.cpp.obj)
                              /opt/devkitpro/portlibs/3ds/lib/libbox2d.a(b2_world.cpp.obj) (b2Draw::GetFlags() const)
/opt/devkitpro/portlibs/3ds/lib/libbox2d.a(b2_math.cpp.obj)
                              /opt/devkitpro/portlibs/3ds/lib/libbox2d.a(b2_body.cpp.obj) (b2Vec2_zero)
/opt/devkitpro/portlibs/3ds/lib/libbox2d.a(b2_stack_allocator.cpp.obj)
                              /opt/devkitpro/portlibs/3ds/lib/libbox2d.a(b2_world.cpp.obj) (b2StackAllocator::b2StackAllocator())
/opt/devkitpro/portlibs/3ds/lib/libbox2d.a(b2_timer.cpp.obj)
                              /opt/devkitpro/portlibs/3ds/lib/libbox2d.a(b2_world.cpp.obj) (b2Timer::b2Timer())
/opt/devkitpro/portlibs/3ds/lib/libbox2d.a(b2_contact.cpp.obj)
                              /opt/devkitpro/portlibs/3ds/lib/libbox2d.a(b2_contact_manager.cpp.obj) (b2Contact::Create(b2Fixture*, int, b2Fixture*, int, b2BlockAllocator*))
/opt/devkitpro/portlibs/3ds/lib/libbox2d.a(b2_edge_circle_contact.cpp.obj)
                              /opt/devkitpro/portlibs/3ds/lib/libbox2d.a(b2_contact.cpp.obj) (b2EdgeAndCircleContact::Destroy(b2Contact*, b2BlockAllocator*))
/opt/devkitpro/portlibs/3ds/lib/libbox2d.a(b2_edge_polygon_contact.cpp.obj)
                              /opt/devkitpro/portlibs/3ds/lib/libbox2d.a(b2_contact.cpp.obj) (b2EdgeAndPolygonContact::Destroy(b2Contact*, b2BlockAllocator*))
/opt/devkitpro/portlibs/3ds/lib/libbox2d.a(b2_island.cpp.obj)
                              /opt/devkitpro/portlibs/3ds/lib/libbox2d.a(b2_world.cpp.obj) (b2Island::b2Island(int, int, int, b2StackAllocator*, b2ContactListener*))
/opt/devkitpro/portlibs/3ds/lib/libbox2d.a(b2_joint.cpp.obj)
                              /opt/devkitpro/portlibs/3ds/lib/libbox2d.a(b2_world.cpp.obj) (b2Joint::Create(b2JointDef const*, b2BlockAllocator*))
/opt/devkitpro/portlibs/3ds/lib/libbox2d.a(b2_motor_joint.cpp.obj)
                              /opt/devkitpro/portlibs/3ds/lib/libbox2d.a(b2_joint.cpp.obj) (b2MotorJoint::b2MotorJoint(b2MotorJointDef const*))
/opt/devkitpro/portlibs/3ds/lib/libbox2d.a(b2_mouse_joint.cpp.obj)
                              /opt/devkitpro/portlibs/3ds/lib/libbox2d.a(b2_joint.cpp.obj) (b2MouseJoint::b2MouseJoint(b2MouseJointDef const*))
/opt/devkitpro/portlibs/3ds/lib/libbox2d.a(b2_polygon_circle_contact.cpp.obj)
                              /opt/devkitpro/portlibs/3ds/lib/libbox2d.a(b2_contact.cpp.obj) (b2PolygonAndCircleContact::Destroy(b2Contact*, b2BlockAllocator*))
/opt/devkitpro/portlibs/3ds/lib/libbox2d.a(b2_polygon_contact.cpp.obj)
[...]
Memory Configuration

Name             Origin             Length             Attributes
*default*        0x00000000         0xffffffff

Linker script and memory map

                0x00000000                        __sync_synchronize = __sync_synchronize_dmb
                0x00100000                        PROVIDE (__start__ = 0x100000)
                0x00100000                        . = __start__

.text           0x00100000    0x2da3c
 *(.crt0)
 .crt0          0x00100000       0x94 /opt/devkitpro/devkitARM/bin/../lib/gcc/arm-none-eabi/14.2.0/../../../../arm-none-eabi/lib/armv6k/fpu/3dsx_crt0.o
                0x00100000                _start
                0x00100008                __service_ptr
                0x0010000c                __apt_appid
                0x00100010                __heap_size
                0x00100014                __linear_heap_size
                0x00100018                __system_arglist
                0x0010001c                __system_runflags
 *(.init)
 .init          0x00100094        0xc /opt/devkitpro/devkitARM/bin/../lib/gcc/arm-none-eabi/14.2.0/armv6k/fpu/crti.o
                0x00100094                _init
 .init          0x001000a0        0xc /opt/devkitpro/devkitARM/bin/../lib/gcc/arm-none-eabi/14.2.0/armv6k/fpu/crtn.o
                0x001000ac                        . = ALIGN (0x4)
 *(.text)
 .text          0x001000ac      0x20c /opt/devkitpro/devkitARM/bin/../lib/gcc/arm-none-eabi/14.2.0/armv6k/fpu/libgcc.a(_udivsi3.o)
                0x001000ac                __udivsi3
                0x001000ac                __aeabi_uidiv
                0x00100298                __aeabi_uidivmod
 .text          0x001002b8      0x240 /opt/devkitpro/devkitARM/bin/../lib/gcc/arm-none-eabi/14.2.0/armv6k/fpu/libgcc.a(_divsi3.o)
                0x001002b8                __aeabi_idiv
                0x001002b8                __divsi3
                0x001004d8                __aeabi_idivmod
 .text          0x001004f8        0x4 /opt/devkitpro/devkitARM/bin/../lib/gcc/arm-none-eabi/14.2.0/armv6k/fpu/libgcc.a(_dvmd_tls.o)
                0x001004f8                __aeabi_ldiv0
                0x001004f8                __aeabi_idiv0
 .text          0x001004fc      0x3c0 /opt/devkitpro/devkitARM/bin/../lib/gcc/arm-none-eabi/14.2.0/armv6k/fpu/libgcc.a(_arm_addsubdf3.o)
                0x001004fc                __aeabi_drsub
                0x00100504                __aeabi_dsub
                0x00100504                __subdf3
                0x00100508                __adddf3
                0x00100508                __aeabi_dadd
                0x001007b4                __aeabi_ui2d
                0x001007b4                __floatunsidf
                0x001007d8                __floatsidf
                0x001007d8                __aeabi_i2d
                0x00100800                __extendsfdf2
                0x00100800                __aeabi_f2d
                0x00100848                __aeabi_ul2d
                0x00100848                __floatundidf
                0x0010085c                __floatdidf
                0x0010085c                __aeabi_l2d
 .text          0x001008bc       0x3c /opt/devkitpro/devkitARM/bin/../lib/gcc/arm-none-eabi/14.2.0/armv6k/fpu/libgcc.a(_aeabi_uldivmod.o)
                0x001008bc                __aeabi_uldivmod
 .text          0x001008f8      0x1a8 /opt/devkitpro/devkitARM/bin/../lib/gcc/arm-none-eabi/14.2.0/armv6k/fpu/libgcc.a(libunwind.o)
                0x001008f8                __restore_core_regs
                0x001008f8                restore_core_regs
                0x0010090c                __gnu_Unwind_Restore_VFP
                0x00100914                __gnu_Unwind_Save_VFP
                0x0010091c                __gnu_Unwind_Restore_VFP_D
                0x00100924                __gnu_Unwind_Save_VFP_D
                0x0010092c                __gnu_Unwind_Restore_VFP_D_16_to_31
                0x00100934                __gnu_Unwind_Save_VFP_D_16_to_31
                0x0010093c                __gnu_Unwind_Restore_WMMXD
                0x00100980                __gnu_Unwind_Save_WMMXD
                0x001009c4                __gnu_Unwind_Restore_WMMXC
                0x001009d8                __gnu_Unwind_Save_WMMXC
                0x001009ec                ___Unwind_RaiseException
                0x001009ec                _Unwind_RaiseException
                0x00100a10                ___Unwind_Resume
                0x00100a10                _Unwind_Resume
                0x00100a34                _Unwind_Resume_or_Rethrow
                0x00100a34                ___Unwind_Resume_or_Rethrow
                0x00100a58                ___Unwind_ForcedUnwind
                0x00100a58                _Unwind_ForcedUnwind
                0x00100a7c                _Unwind_Backtrace
                0x00100a7c                ___Unwind_Backtrace
 .text          0x00100aa0      0x390 /opt/devkitpro/devkitARM/bin/../lib/gcc/arm-none-eabi/14.2.0/../../../../arm-none-eabi/lib/armv6k/fpu/libg.a(libc_a-strcmp.o)
                0x00100aa8                strcmp
 *(.text.*)
 .text.__do_global_dtors_aux
                0x00100e30       0x40 /opt/devkitpro/devkitARM/bin/../lib/gcc/arm-none-eabi/14.2.0/armv6k/fpu/crtbegin.o
 .text.frame_dummy
                0x00100e70       0x2c /opt/devkitpro/devkitARM/bin/../lib/gcc/arm-none-eabi/14.2.0/armv6k/fpu/crtbegin.o
 *fill*         0x00100e9c        0x4 
 .text.startup.main
                0x00100ea0      0x7ac main.o
                0x00100ea0                main
 .text._ZNK14b2PolygonShape13GetChildCountEv
                0x0010164c        0x8 /opt/devkitpro/portlibs/3ds/lib/libbox2d.a(b2_polygon_shape.cpp.obj)
                0x0010164c                b2PolygonShape::GetChildCount() const
 .text._ZNK14b2PolygonShape9TestPointERK11b2TransformRK6b2Vec2
                0x00101654       0x90 /opt/devkitpro/portlibs/3ds/lib/libbox2d.a(b2_polygon_shape.cpp.obj)
                0x00101654                b2PolygonShape::TestPoint(b2Transform const&, b2Vec2 const&) const
 .text._ZN14b2PolygonShapeD2Ev
                0x001016e4        0x4 /opt/devkitpro/portlibs/3ds/lib/libbox2d.a(b2_polygon_shape.cpp.obj)
                0x001016e4                b2PolygonShape::~b2PolygonShape()
                0x001016e4                b2PolygonShape::~b2PolygonShape()
 .text._ZNK14b2PolygonShape5CloneEP16b2BlockAllocator
                0x001016e8       0xd0 /opt/devkitpro/portlibs/3ds/lib/libbox2d.a(b2_polygon_shape.cpp.obj)
                0x001016e8                b2PolygonShape::Clone(b2BlockAllocator*) const
 .text._ZNK14b2PolygonShape11ComputeMassEP10b2MassDataf
                0x001017b8      0x190 /opt/devkitpro/portlibs/3ds/lib/libbox2d.a(b2_polygon_shape.cpp.obj)
                0x001017b8                b2PolygonShape::ComputeMass(b2MassData*, float) const
 .text._ZNK14b2PolygonShape7RayCastEP15b2RayCastOutputRK14b2RayCastInputRK11b2Transformi
                0x00101948      0x1bc /opt/devkitpro/portlibs/3ds/lib/libbox2d.a(b2_polygon_shape.cpp.obj)
                0x00101948                b2PolygonShape::RayCast(b2RayCastOutput*, b2RayCastInput const&, b2Transform const&, int) const
 .text._ZN14b2PolygonShapeD0Ev
                0x00101b04       0x14 /opt/devkitpro/portlibs/3ds/lib/libbox2d.a(b2_polygon_shape.cpp.obj)
                0x00101b04                b2PolygonShape::~b2PolygonShape()
 .text._ZNK14b2PolygonShape11ComputeAABBEP6b2AABBRK11b2Transformi
                0x00101b18       0xe0 /opt/devkitpro/portlibs/3ds/lib/libbox2d.a(b2_polygon_shape.cpp.obj)
                0x00101b18                b2PolygonShape::ComputeAABB(b2AABB*, b2Transform const&, int) const
 .text._ZN14b2PolygonShape8SetAsBoxEff
                0x00101bf8       0x6c /opt/devkitpro/portlibs/3ds/lib/libbox2d.a(b2_polygon_shape.cpp.obj)
                0x00101bf8                b2PolygonShape::SetAsBox(float, float)
 .text._ZN16b2BlockAllocatorC2Ev
                0x00101c64       0x48 /opt/devkitpro/portlibs/3ds/lib/libbox2d.a(b2_block_allocator.cpp.obj)
                0x00101c64                b2BlockAllocator::b2BlockAllocator()
                0x00101c64                b2BlockAllocator::b2BlockAllocator()
 .text._ZN16b2BlockAllocatorD2Ev
                0x00101cac       0x48 /opt/devkitpro/portlibs/3ds/lib/libbox2d.a(b2_block_allocator.cpp.obj)
                0x00101cac                b2BlockAllocator::~b2BlockAllocator()
                0x00101cac                b2BlockAllocator::~b2BlockAllocator()
 .text._ZN16b2BlockAllocator8AllocateEi
                0x00101cf4      0x1a0 /opt/devkitpro/portlibs/3ds/lib/libbox2d.a(b2_block_allocator.cpp.obj)
                0x00101cf4                b2BlockAllocator::Allocate(int)
 .text._ZN16b2BlockAllocator4FreeEPvi
                0x00101e94       0x88 /opt/devkitpro/portlibs/3ds/lib/libbox2d.a(b2_block_allocator.cpp.obj)
                0x00101e94                b2BlockAllocator::Free(void*, int)
 .text.startup._GLOBAL__sub_I__ZN16b2BlockAllocatorC2Ev
                0x00101f1c       0x78 /opt/devkitpro/portlibs/3ds/lib/libbox2d.a(b2_block_allocator.cpp.obj)
 .text._Z15b2Alloc_Defaulti
                0x00101f94        0x4 /opt/devkitpro/portlibs/3ds/lib/libbox2d.a(b2_settings.cpp.obj)
                0x00101f94                b2Alloc_Default(int)
 .text._Z14b2Free_DefaultPv
                0x00101f98        0x4 /opt/devkitpro/portlibs/3ds/lib/libbox2d.a(b2_settings.cpp.obj)
                0x00101f98                b2Free_Default(void*)
 .text._ZN6b2BodyC2EPK9b2BodyDefP7b2World
                0x00101f9c      0x2a8 /opt/devkitpro/portlibs/3ds/lib/libbox2d.a(b2_body.cpp.obj)
                0x00101f9c                b2Body::b2Body(b2BodyDef const*, b2World*)
                0x00101f9c                b2Body::b2Body(b2BodyDef const*, b2World*)
 .text._ZN6b2BodyD2Ev
                0x00102244        0x4 /opt/devkitpro/portlibs/3ds/lib/libbox2d.a(b2_body.cpp.obj)
                0x00102244                b2Body::~b2Body()
                0x00102244                b2Body::~b2Body()
 .text._ZN6b2Body13ResetMassDataEv
                0x00102248      0x22c /opt/devkitpro/portlibs/3ds/lib/libbox2d.a(b2_body.cpp.obj)
                0x00102248                b2Body::ResetMassData()
 .text._ZN6b2Body13CreateFixtureEPK12b2FixtureDef
                0x00102474       0xd8 /opt/devkitpro/portlibs/3ds/lib/libbox2d.a(b2_body.cpp.obj)
                0x00102474                b2Body::CreateFixture(b2FixtureDef const*)
 .text._ZN6b2Body13CreateFixtureEPK7b2Shapef
                0x0010254c       0x58 /opt/devkitpro/portlibs/3ds/lib/libbox2d.a(b2_body.cpp.obj)
                0x0010254c                b2Body::CreateFixture(b2Shape const*, float)
 .text._ZNK6b2Body13ShouldCollideEPKS_
                0x001025a4       0x6c /opt/devkitpro/portlibs/3ds/lib/libbox2d.a(b2_body.cpp.obj)
                0x001025a4                b2Body::ShouldCollide(b2Body const*) const
 .text._ZN6b2Body19SynchronizeFixturesEv
                0x00102610       0xec /opt/devkitpro/portlibs/3ds/lib/libbox2d.a(b2_body.cpp.obj)
                0x00102610                b2Body::SynchronizeFixtures()
 .text._ZN17b2ContactListenerD2Ev
                0x001026fc        0x4 /opt/devkitpro/portlibs/3ds/lib/libbox2d.a(b2_contact_manager.cpp.obj)
                0x001026fc                b2ContactListener::~b2ContactListener()
                0x001026fc                b2ContactListener::~b2ContactListener()
 .text._ZN17b2ContactListener12BeginContactEP9b2Contact
                0x00102700        0x4 /opt/devkitpro/portlibs/3ds/lib/libbox2d.a(b2_contact_manager.cpp.obj)
                0x00102700                b2ContactListener::BeginContact(b2Contact*)
 .text._ZN17b2ContactListener10EndContactEP9b2Contact
                0x00102704        0x4 /opt/devkitpro/portlibs/3ds/lib/libbox2d.a(b2_contact_manager.cpp.obj)
                0x00102704                b2ContactListener::EndContact(b2Contact*)
 .text._ZN17b2ContactListener8PreSolveEP9b2ContactPK10b2Manifold
                0x00102708        0x4 /opt/devkitpro/portlibs/3ds/lib/libbox2d.a(b2_contact_manager.cpp.obj)
                0x00102708                b2ContactListener::PreSolve(b2Contact*, b2Manifold const*)
 .text._ZN17b2ContactListener9PostSolveEP9b2ContactPK16b2ContactImpulse
                0x0010270c        0x4 /opt/devkitpro/portlibs/3ds/lib/libbox2d.a(b2_contact_manager.cpp.obj)
                0x0010270c                b2ContactListener::PostSolve(b2Contact*, b2ContactImpulse const*)
 .text._ZN17b2ContactListenerD0Ev
                0x00102710       0x14 /opt/devkitpro/portlibs/3ds/lib/libbox2d.a(b2_contact_manager.cpp.obj)
                0x00102710                b2ContactListener::~b2ContactListener()
 .text._ZN16b2ContactManagerC2Ev
                0x00102724       0x3c /opt/devkitpro/portlibs/3ds/lib/libbox2d.a(b2_contact_manager.cpp.obj)
                0x00102724                b2ContactManager::b2ContactManager()
                0x00102724                b2ContactManager::b2ContactManager()
 .text._ZN16b2ContactManager7DestroyEP9b2Contact
                0x00102760       0xec /opt/devkitpro/portlibs/3ds/lib/libbox2d.a(b2_contact_manager.cpp.obj)
                0x00102760                b2ContactManager::Destroy(b2Contact*)
 .text._ZN16b2ContactManager7CollideEv
                0x0010284c      0x1d0 /opt/devkitpro/portlibs/3ds/lib/libbox2d.a(b2_contact_manager.cpp.obj)
                0x0010284c                b2ContactManager::Collide()
 .text._ZN16b2ContactManager7AddPairEPvS0_
                0x00102a1c      0x184 /opt/devkitpro/portlibs/3ds/lib/libbox2d.a(b2_contact_manager.cpp.obj)
                0x00102a1c                b2ContactManager::AddPair(void*, void*)
 .text._ZNK13b2DynamicTree5QueryI12b2BroadPhaseEEvPT_RK6b2AABB
                0x00102ba0      0x208 /opt/devkitpro/portlibs/3ds/lib/libbox2d.a(b2_contact_manager.cpp.obj)
                0x00102ba0                void b2DynamicTree::Query<b2BroadPhase>(b2BroadPhase*, b2AABB const&) const
 .text._ZN12b2BroadPhase11UpdatePairsI16b2ContactManagerEEvPT_
                0x00102da8      0x1ac /opt/devkitpro/portlibs/3ds/lib/libbox2d.a(b2_contact_manager.cpp.obj)
                0x00102da8                void b2BroadPhase::UpdatePairs<b2ContactManager>(b2ContactManager*)
 .text._ZN16b2ContactManager15FindNewContactsEv
                0x00102f54       0x10 /opt/devkitpro/portlibs/3ds/lib/libbox2d.a(b2_contact_manager.cpp.obj)
                0x00102f54                b2ContactManager::FindNewContacts()
 .text._ZN9b2FixtureC2Ev
                0x00102f64       0x38 /opt/devkitpro/portlibs/3ds/lib/libbox2d.a(b2_fixture.cpp.obj)
                0x00102f64                b2Fixture::b2Fixture()
                0x00102f64                b2Fixture::b2Fixture()
 .text._ZN9b2Fixture6CreateEP16b2BlockAllocatorP6b2BodyPK12b2FixtureDef
                0x00102f9c       0xd0 /opt/devkitpro/portlibs/3ds/lib/libbox2d.a(b2_fixture.cpp.obj)
                0x00102f9c                b2Fixture::Create(b2BlockAllocator*, b2Body*, b2FixtureDef const*)
 .text._ZN9b2Fixture7DestroyEP16b2BlockAllocator
                0x0010306c      0x138 /opt/devkitpro/portlibs/3ds/lib/libbox2d.a(b2_fixture.cpp.obj)
                0x0010306c                b2Fixture::Destroy(b2BlockAllocator*)
 .text._ZN9b2Fixture13CreateProxiesEP12b2BroadPhaseRK11b2Transform
                0x001031a4       0xb0 /opt/devkitpro/portlibs/3ds/lib/libbox2d.a(b2_fixture.cpp.obj)
                0x001031a4                b2Fixture::CreateProxies(b2BroadPhase*, b2Transform const&)
 .text._ZN9b2Fixture14DestroyProxiesEP12b2BroadPhase
                0x00103254       0x5c /opt/devkitpro/portlibs/3ds/lib/libbox2d.a(b2_fixture.cpp.obj)
                0x00103254                b2Fixture::DestroyProxies(b2BroadPhase*)
 .text._ZN9b2Fixture11SynchronizeEP12b2BroadPhaseRK11b2TransformS4_
                0x001032b0      0x150 /opt/devkitpro/portlibs/3ds/lib/libbox2d.a(b2_fixture.cpp.obj)
                0x001032b0                b2Fixture::Synchronize(b2BroadPhase*, b2Transform const&, b2Transform const&)
 .text._ZN7b2WorldC2ERK6b2Vec2
                0x00103400       0xb0 /opt/devkitpro/portlibs/3ds/lib/libbox2d.a(b2_world.cpp.obj)
                0x00103400                b2World::b2World(b2Vec2 const&)
                0x00103400                b2World::b2World(b2Vec2 const&)
 .text._ZN7b2WorldD2Ev
                0x001034b0       0x74 /opt/devkitpro/portlibs/3ds/lib/libbox2d.a(b2_world.cpp.obj)
                0x001034b0                b2World::~b2World()
                0x001034b0                b2World::~b2World()
 .text._ZN7b2World10CreateBodyEPK9b2BodyDef
                0x00103524       0x80 /opt/devkitpro/portlibs/3ds/lib/libbox2d.a(b2_world.cpp.obj)
                0x00103524                b2World::CreateBody(b2BodyDef const*)
 .text._ZN7b2World12DestroyJointEP7b2Joint
                0x001035a4      0x18c /opt/devkitpro/portlibs/3ds/lib/libbox2d.a(b2_world.cpp.obj)
                0x001035a4                b2World::DestroyJoint(b2Joint*)
 .text._ZN7b2World11DestroyBodyEP6b2Body
                0x00103730      0x1b4 /opt/devkitpro/portlibs/3ds/lib/libbox2d.a(b2_world.cpp.obj)
                0x00103730                b2World::DestroyBody(b2Body*)
 .text._ZN7b2World5SolveERK10b2TimeStep
                0x001038e4      0x4b0 /opt/devkitpro/portlibs/3ds/lib/libbox2d.a(b2_world.cpp.obj)
                0x001038e4                b2World::Solve(b2TimeStep const&)
 .text._ZN7b2World8SolveTOIERK10b2TimeStep
                0x00103d94      0xc34 /opt/devkitpro/portlibs/3ds/lib/libbox2d.a(b2_world.cpp.obj)
                0x00103d94                b2World::SolveTOI(b2TimeStep const&)
 .text._ZN7b2World4StepEfii
                0x001049c8      0x198 /opt/devkitpro/portlibs/3ds/lib/libbox2d.a(b2_world.cpp.obj)
                0x001049c8                b2World::Step(float, int, int)
 .text._ZN15b2ContactFilterD2Ev
                0x00104b60        0x4 /opt/devkitpro/portlibs/3ds/lib/libbox2d.a(b2_world_callbacks.cpp.obj)
                0x00104b60                b2ContactFilter::~b2ContactFilter()
                0x00104b60                b2ContactFilter::~b2ContactFilter()
 .text._ZN15b2ContactFilter13ShouldCollideEP9b2FixtureS1_
                0x00104b64       0x5c /opt/devkitpro/portlibs/3ds/lib/libbox2d.a(b2_world_callbacks.cpp.obj)
                0x00104b64                b2ContactFilter::ShouldCollide(b2Fixture*, b2Fixture*)
 .text._ZN15b2ContactFilterD0Ev
                0x00104bc0       0x14 /opt/devkitpro/portlibs/3ds/lib/libbox2d.a(b2_world_callbacks.cpp.obj)
                0x00104bc0                b2ContactFilter::~b2ContactFilter()
 .text._ZN12b2BroadPhaseC2Ev
                0x00104bd4       0x58 /opt/devkitpro/portlibs/3ds/lib/libbox2d.a(b2_broad_phase.cpp.obj)
                0x00104bd4                b2BroadPhase::b2BroadPhase()
                0x00104bd4                b2BroadPhase::b2BroadPhase()
 .text._ZN12b2BroadPhaseD2Ev
                0x00104c2c       0x28 /opt/devkitpro/portlibs/3ds/lib/libbox2d.a(b2_broad_phase.cpp.obj)
                0x00104c2c                b2BroadPhase::~b2BroadPhase()
                0x00104c2c                b2BroadPhase::~b2BroadPhase()
 .text._ZN12b2BroadPhase11CreateProxyERK6b2AABBPv
                0x00104c54       0x80 /opt/devkitpro/portlibs/3ds/lib/libbox2d.a(b2_broad_phase.cpp.obj)
                0x00104c54                b2BroadPhase::CreateProxy(b2AABB const&, void*)
 .text._ZN12b2BroadPhase12DestroyProxyEi
                0x00104cd4       0x50 /opt/devkitpro/portlibs/3ds/lib/libbox2d.a(b2_broad_phase.cpp.obj)
                0x00104cd4                b2BroadPhase::DestroyProxy(int)
 .text._ZN12b2BroadPhase10BufferMoveEi
                0x00104d24       0x6c /opt/devkitpro/portlibs/3ds/lib/libbox2d.a(b2_broad_phase.cpp.obj)
                0x00104d24                b2BroadPhase::BufferMove(int)
 .text._ZN12b2BroadPhase9MoveProxyEiRK6b2AABBRK6b2Vec2
                0x00104d90       0x28 /opt/devkitpro/portlibs/3ds/lib/libbox2d.a(b2_broad_phase.cpp.obj)
                0x00104d90                b2BroadPhase::MoveProxy(int, b2AABB const&, b2Vec2 const&)
 .text._ZN12b2BroadPhase13QueryCallbackEi
                0x00104db8       0xf4 /opt/devkitpro/portlibs/3ds/lib/libbox2d.a(b2_broad_phase.cpp.obj)
                0x00104db8                b2BroadPhase::QueryCallback(int)
 .text._ZNK15b2DistanceProxy9GetVertexEi.part.0
                0x00104eac       0x24 /opt/devkitpro/portlibs/3ds/lib/libbox2d.a(b2_distance.cpp.obj)
 .text._ZN15b2DistanceProxy3SetEPK7b2Shapei
                0x00104ed0      0x10c /opt/devkitpro/portlibs/3ds/lib/libbox2d.a(b2_distance.cpp.obj)
                0x00104ed0                b2DistanceProxy::Set(b2Shape const*, int)
 .text._ZN9b2Simplex9ReadCacheEPK14b2SimplexCachePK15b2DistanceProxyRK11b2TransformS5_S8_
                0x00104fdc      0x2fc /opt/devkitpro/portlibs/3ds/lib/libbox2d.a(b2_distance.cpp.obj)
                0x00104fdc                b2Simplex::ReadCache(b2SimplexCache const*, b2DistanceProxy const*, b2Transform const&, b2DistanceProxy const*, b2Transform const&)
 .text._ZN9b2Simplex6Solve2Ev
                0x001052d8       0xb8 /opt/devkitpro/portlibs/3ds/lib/libbox2d.a(b2_distance.cpp.obj)
                0x001052d8                b2Simplex::Solve2()
 .text._ZN9b2Simplex6Solve3Ev
                0x00105390      0x264 /opt/devkitpro/portlibs/3ds/lib/libbox2d.a(b2_distance.cpp.obj)
                0x00105390                b2Simplex::Solve3()
 .text._Z10b2DistanceP16b2DistanceOutputP14b2SimplexCachePK15b2DistanceInput
                0x001055f4      0x738 /opt/devkitpro/portlibs/3ds/lib/libbox2d.a(b2_distance.cpp.obj)
                0x001055f4                b2Distance(b2DistanceOutput*, b2SimplexCache*, b2DistanceInput const*)
 .text._ZN13b2DynamicTreeC2Ev
                0x00105d2c       0xa4 /opt/devkitpro/portlibs/3ds/lib/libbox2d.a(b2_dynamic_tree.cpp.obj)
                0x00105d2c                b2DynamicTree::b2DynamicTree()
                0x00105d2c                b2DynamicTree::b2DynamicTree()
 .text._ZN13b2DynamicTreeD2Ev
                0x00105dd0       0x18 /opt/devkitpro/portlibs/3ds/lib/libbox2d.a(b2_dynamic_tree.cpp.obj)
                0x00105dd0                b2DynamicTree::~b2DynamicTree()
                0x00105dd0                b2DynamicTree::~b2DynamicTree()
 .text._ZN13b2DynamicTree12AllocateNodeEv
                0x00105de8      0x12c /opt/devkitpro/portlibs/3ds/lib/libbox2d.a(b2_dynamic_tree.cpp.obj)
                0x00105de8                b2DynamicTree::AllocateNode()
 .text._ZN13b2DynamicTree8FreeNodeEi
                0x00105f14       0x88 /opt/devkitpro/portlibs/3ds/lib/libbox2d.a(b2_dynamic_tree.cpp.obj)
                0x00105f14                b2DynamicTree::FreeNode(int)
 .text._ZN13b2DynamicTree7BalanceEi
                0x00105f9c      0x658 /opt/devkitpro/portlibs/3ds/lib/libbox2d.a(b2_dynamic_tree.cpp.obj)
                0x00105f9c                b2DynamicTree::Balance(int)
 .text._ZN13b2DynamicTree10InsertLeafEi
                0x001065f4      0x4b4 /opt/devkitpro/portlibs/3ds/lib/libbox2d.a(b2_dynamic_tree.cpp.obj)
                0x001065f4                b2DynamicTree::InsertLeaf(int)
 .text._ZN13b2DynamicTree11CreateProxyERK6b2AABBPv
                0x00106aa8       0x84 /opt/devkitpro/portlibs/3ds/lib/libbox2d.a(b2_dynamic_tree.cpp.obj)
                0x00106aa8                b2DynamicTree::CreateProxy(b2AABB const&, void*)
 .text._ZN13b2DynamicTree10RemoveLeafEi
                0x00106b2c      0x150 /opt/devkitpro/portlibs/3ds/lib/libbox2d.a(b2_dynamic_tree.cpp.obj)
                0x00106b2c                b2DynamicTree::RemoveLeaf(int)
 .text._ZN13b2DynamicTree12DestroyProxyEi
                0x00106c7c       0xe4 /opt/devkitpro/portlibs/3ds/lib/libbox2d.a(b2_dynamic_tree.cpp.obj)
                0x00106c7c                b2DynamicTree::DestroyProxy(int)
 .text._ZN13b2DynamicTree9MoveProxyEiRK6b2AABBRK6b2Vec2
                0x00106d60      0x1ac /opt/devkitpro/portlibs/3ds/lib/libbox2d.a(b2_dynamic_tree.cpp.obj)
                0x00106d60                b2DynamicTree::MoveProxy(int, b2AABB const&, b2Vec2 const&)
 .text._ZNK15b2DistanceProxy9GetVertexEi.part.0
                0x00106f0c       0x24 /opt/devkitpro/portlibs/3ds/lib/libbox2d.a(b2_time_of_impact.cpp.obj)
 .text._ZNK20b2SeparationFunction17FindMinSeparationEPiS0_f
                0x00106f30      0x4bc /opt/devkitpro/portlibs/3ds/lib/libbox2d.a(b2_time_of_impact.cpp.obj)
                0x00106f30                b2SeparationFunction::FindMinSeparation(int*, int*, float) const
 .text._ZNK20b2SeparationFunction8EvaluateEiif
                0x001073ec      0x304 /opt/devkitpro/portlibs/3ds/lib/libbox2d.a(b2_time_of_impact.cpp.obj)
                0x001073ec                b2SeparationFunction::Evaluate(int, int, float) const
 .text._Z14b2TimeOfImpactP11b2TOIOutputPK10b2TOIInput
                0x001076f0      0xaf0 /opt/devkitpro/portlibs/3ds/lib/libbox2d.a(b2_time_of_impact.cpp.obj)
                0x001076f0                b2TimeOfImpact(b2TOIOutput*, b2TOIInput const*)
 .text.startup._GLOBAL__sub_I_b2Vec2_zero
                0x001081e0       0x18 /opt/devkitpro/portlibs/3ds/lib/libbox2d.a(b2_math.cpp.obj)
 .text._ZN16b2StackAllocatorC2Ev
                0x001081f8       0x1c /opt/devkitpro/portlibs/3ds/lib/libbox2d.a(b2_stack_allocator.cpp.obj)
                0x001081f8                b2StackAllocator::b2StackAllocator()
                0x001081f8                b2StackAllocator::b2StackAllocator()
 .text._ZN16b2StackAllocatorD2Ev
                0x00108214       0x58 /opt/devkitpro/portlibs/3ds/lib/libbox2d.a(b2_stack_allocator.cpp.obj)
                0x00108214                b2StackAllocator::~b2StackAllocator()
                0x00108214                b2StackAllocator::~b2StackAllocator()
 .text._ZN16b2StackAllocator8AllocateEi
                0x0010826c       0xb0 /opt/devkitpro/portlibs/3ds/lib/libbox2d.a(b2_stack_allocator.cpp.obj)
                0x0010826c                b2StackAllocator::Allocate(int)
 .text._ZN16b2StackAllocator4FreeEPv
                0x0010831c       0xb0 /opt/devkitpro/portlibs/3ds/lib/libbox2d.a(b2_stack_allocator.cpp.obj)
                0x0010831c                b2StackAllocator::Free(void*)
 .text._ZN7b2TimerC2Ev
                0x001083cc        0x4 /opt/devkitpro/portlibs/3ds/lib/libbox2d.a(b2_timer.cpp.obj)
                0x001083cc                b2Timer::b2Timer()
                0x001083cc                b2Timer::b2Timer()
 .text._ZN7b2Timer5ResetEv
                0x001083d0        0x4 /opt/devkitpro/portlibs/3ds/lib/libbox2d.a(b2_timer.cpp.obj)
                0x001083d0                b2Timer::Reset()
 .text._ZNK7b2Timer15GetMillisecondsEv
                0x001083d4        0xc /opt/devkitpro/portlibs/3ds/lib/libbox2d.a(b2_timer.cpp.obj)
                0x001083d4                b2Timer::GetMilliseconds() const
 .text._ZN9b2Contact19InitializeRegistersEv
                0x001083e0      0x118 /opt/devkitpro/portlibs/3ds/lib/libbox2d.a(b2_contact.cpp.obj)
                0x001083e0                b2Contact::InitializeRegisters()
 .text._ZN9b2Contact6CreateEP9b2FixtureiS1_iP16b2BlockAllocator
                0x001084f8      0x10c /opt/devkitpro/portlibs/3ds/lib/libbox2d.a(b2_contact.cpp.obj)
                0x001084f8                b2Contact::Create(b2Fixture*, int, b2Fixture*, int, b2BlockAllocator*)
 .text._ZN9b2Contact7DestroyEPS_P16b2BlockAllocator
                0x00108604      0x120 /opt/devkitpro/portlibs/3ds/lib/libbox2d.a(b2_contact.cpp.obj)
                0x00108604                b2Contact::Destroy(b2Contact*, b2BlockAllocator*)
 .text._ZN9b2ContactC2EP9b2FixtureiS1_i
                0x00108724       0xd8 /opt/devkitpro/portlibs/3ds/lib/libbox2d.a(b2_contact.cpp.obj)
                0x00108724                b2Contact::b2Contact(b2Fixture*, int, b2Fixture*, int)
                0x00108724                b2Contact::b2Contact(b2Fixture*, int, b2Fixture*, int)
 .text._ZN9b2Contact6UpdateEP17b2ContactListener
                0x001087fc      0x280 /opt/devkitpro/portlibs/3ds/lib/libbox2d.a(b2_contact.cpp.obj)
                0x001087fc                b2Contact::Update(b2ContactListener*)
 .text._ZN22b2EdgeAndCircleContactD2Ev
                0x00108a7c        0x4 /opt/devkitpro/portlibs/3ds/lib/libbox2d.a(b2_edge_circle_contact.cpp.obj)
                0x00108a7c                b2EdgeAndCircleContact::~b2EdgeAndCircleContact()
                0x00108a7c                b2EdgeAndCircleContact::~b2EdgeAndCircleContact()
 .text._ZN22b2EdgeAndCircleContactD0Ev
                0x00108a80       0x14 /opt/devkitpro/portlibs/3ds/lib/libbox2d.a(b2_edge_circle_contact.cpp.obj)
                0x00108a80                b2EdgeAndCircleContact::~b2EdgeAndCircleContact()
 .text._ZN22b2EdgeAndCircleContact8EvaluateEP10b2ManifoldRK11b2TransformS4_
                0x00108a94       0x34 /opt/devkitpro/portlibs/3ds/lib/libbox2d.a(b2_edge_circle_contact.cpp.obj)
                0x00108a94                b2EdgeAndCircleContact::Evaluate(b2Manifold*, b2Transform const&, b2Transform const&)
 .text._ZN22b2EdgeAndCircleContact7DestroyEP9b2ContactP16b2BlockAllocator
                0x00108ac8       0x40 /opt/devkitpro/portlibs/3ds/lib/libbox2d.a(b2_edge_circle_contact.cpp.obj)
                0x00108ac8                b2EdgeAndCircleContact::Destroy(b2Contact*, b2BlockAllocator*)
 .text._ZN22b2EdgeAndCircleContactC2EP9b2FixtureS1_
                0x00108b08       0x94 /opt/devkitpro/portlibs/3ds/lib/libbox2d.a(b2_edge_circle_contact.cpp.obj)
                0x00108b08                b2EdgeAndCircleContact::b2EdgeAndCircleContact(b2Fixture*, b2Fixture*)
                0x00108b08                b2EdgeAndCircleContact::b2EdgeAndCircleContact(b2Fixture*, b2Fixture*)
 .text._ZN22b2EdgeAndCircleContact6CreateEP9b2FixtureiS1_iP16b2BlockAllocator
                0x00108b9c       0x38 /opt/devkitpro/portlibs/3ds/lib/libbox2d.a(b2_edge_circle_contact.cpp.obj)
                0x00108b9c                b2EdgeAndCircleContact::Create(b2Fixture*, int, b2Fixture*, int, b2BlockAllocator*)
 .text._ZN23b2EdgeAndPolygonContactD2Ev
                0x00108bd4        0x4 /opt/devkitpro/portlibs/3ds/lib/libbox2d.a(b2_edge_polygon_contact.cpp.obj)
                0x00108bd4                b2EdgeAndPolygonContact::~b2EdgeAndPolygonContact()
                0x00108bd4                b2EdgeAndPolygonContact::~b2EdgeAndPolygonContact()
 .text._ZN23b2EdgeAndPolygonContactD0Ev
                0x00108bd8       0x14 /opt/devkitpro/portlibs/3ds/lib/libbox2d.a(b2_edge_polygon_contact.cpp.obj)
                0x00108bd8                b2EdgeAndPolygonContact::~b2EdgeAndPolygonContact()
 .text._ZN23b2EdgeAndPolygonContact8EvaluateEP10b2ManifoldRK11b2TransformS4_
                0x00108bec       0x34 /opt/devkitpro/portlibs/3ds/lib/libbox2d.a(b2_edge_polygon_contact.cpp.obj)
                0x00108bec                b2EdgeAndPolygonContact::Evaluate(b2Manifold*, b2Transform const&, b2Transform const&)
 .text._ZN23b2EdgeAndPolygonContact7DestroyEP9b2ContactP16b2BlockAllocator
                0x00108c20       0x40 /opt/devkitpro/portlibs/3ds/lib/libbox2d.a(b2_edge_polygon_contact.cpp.obj)
                0x00108c20                b2EdgeAndPolygonContact::Destroy(b2Contact*, b2BlockAllocator*)
 .text._ZN23b2EdgeAndPolygonContactC2EP9b2FixtureS1_
                0x00108c60       0x94 /opt/devkitpro/portlibs/3ds/lib/libbox2d.a(b2_edge_polygon_contact.cpp.obj)
                0x00108c60                b2EdgeAndPolygonContact::b2EdgeAndPolygonContact(b2Fixture*, b2Fixture*)
                0x00108c60                b2EdgeAndPolygonContact::b2EdgeAndPolygonContact(b2Fixture*, b2Fixture*)
 .text._ZN23b2EdgeAndPolygonContact6CreateEP9b2FixtureiS1_iP16b2BlockAllocator
                0x00108cf4       0x38 /opt/devkitpro/portlibs/3ds/lib/libbox2d.a(b2_edge_polygon_contact.cpp.obj)
                0x00108cf4                b2EdgeAndPolygonContact::Create(b2Fixture*, int, b2Fixture*, int, b2BlockAllocator*)
 .text._ZN8b2Island6ReportEPK27b2ContactVelocityConstraint.part.0
                0x00108d2c       0xa8 /opt/devkitpro/portlibs/3ds/lib/libbox2d.a(b2_island.cpp.obj)
 .text._ZN8b2IslandC2EiiiP16b2StackAllocatorP17b2ContactListener
                0x00108dd4       0xb0 /opt/devkitpro/portlibs/3ds/lib/libbox2d.a(b2_island.cpp.obj)
                0x00108dd4                b2Island::b2Island(int, int, int, b2StackAllocator*, b2ContactListener*)
                0x00108dd4                b2Island::b2Island(int, int, int, b2StackAllocator*, b2ContactListener*)
 .text._ZN8b2IslandD2Ev
                0x00108e84       0x4c /opt/devkitpro/portlibs/3ds/lib/libbox2d.a(b2_island.cpp.obj)
                0x00108e84                b2Island::~b2Island()
                0x00108e84                b2Island::~b2Island()
 .text._ZN8b2Island5SolveEP9b2ProfileRK10b2TimeStepRK6b2Vec2b
                0x00108ed0      0x634 /opt/devkitpro/portlibs/3ds/lib/libbox2d.a(b2_island.cpp.obj)
                0x00108ed0                b2Island::Solve(b2Profile*, b2TimeStep const&, b2Vec2 const&, bool)
 .text._ZN8b2Island8SolveTOIERK10b2TimeStepii
                0x00109504      0x360 /opt/devkitpro/portlibs/3ds/lib/libbox2d.a(b2_island.cpp.obj)
                0x00109504                b2Island::SolveTOI(b2TimeStep const&, int, int)
 .text._ZN7b2Joint7DestroyEPS_P16b2BlockAllocator
                0x00109864      0x140 /opt/devkitpro/portlibs/3ds/lib/libbox2d.a(b2_joint.cpp.obj)
                0x00109864                b2Joint::Destroy(b2Joint*, b2BlockAllocator*)
 .text._ZN25b2PolygonAndCircleContactD2Ev
                0x001099a4        0x4 /opt/devkitpro/portlibs/3ds/lib/libbox2d.a(b2_polygon_circle_contact.cpp.obj)
                0x001099a4                b2PolygonAndCircleContact::~b2PolygonAndCircleContact()
                0x001099a4                b2PolygonAndCircleContact::~b2PolygonAndCircleContact()
 .text._ZN25b2PolygonAndCircleContactD0Ev
                0x001099a8       0x14 /opt/devkitpro/portlibs/3ds/lib/libbox2d.a(b2_polygon_circle_contact.cpp.obj)
                0x001099a8                b2PolygonAndCircleContact::~b2PolygonAndCircleContact()
 .text._ZN25b2PolygonAndCircleContact8EvaluateEP10b2ManifoldRK11b2TransformS4_
                0x001099bc       0x34 /opt/devkitpro/portlibs/3ds/lib/libbox2d.a(b2_polygon_circle_contact.cpp.obj)
                0x001099bc                b2PolygonAndCircleContact::Evaluate(b2Manifold*, b2Transform const&, b2Transform const&)
 .text._ZN25b2PolygonAndCircleContact7DestroyEP9b2ContactP16b2BlockAllocator
                0x001099f0       0x40 /opt/devkitpro/portlibs/3ds/lib/libbox2d.a(b2_polygon_circle_contact.cpp.obj)
                0x001099f0                b2PolygonAndCircleContact::Destroy(b2Contact*, b2BlockAllocator*)
 .text._ZN25b2PolygonAndCircleContactC2EP9b2FixtureS1_
                0x00109a30       0x94 /opt/devkitpro/portlibs/3ds/lib/libbox2d.a(b2_polygon_circle_contact.cpp.obj)
                0x00109a30                b2PolygonAndCircleContact::b2PolygonAndCircleContact(b2Fixture*, b2Fixture*)
                0x00109a30                b2PolygonAndCircleContact::b2PolygonAndCircleContact(b2Fixture*, b2Fixture*)
 .text._ZN25b2PolygonAndCircleContact6CreateEP9b2FixtureiS1_iP16b2BlockAllocator
                0x00109ac4       0x38 /opt/devkitpro/portlibs/3ds/lib/libbox2d.a(b2_polygon_circle_contact.cpp.obj)
                0x00109ac4                b2PolygonAndCircleContact::Create(b2Fixture*, int, b2Fixture*, int, b2BlockAllocator*)
 .text._ZN16b2PolygonContactD2Ev
                0x00109afc        0x4 /opt/devkitpro/portlibs/3ds/lib/libbox2d.a(b2_polygon_contact.cpp.obj)
                0x00109afc                b2PolygonContact::~b2PolygonContact()
                0x00109afc                b2PolygonContact::~b2PolygonContact()
 .text._ZN16b2PolygonContactD0Ev
                0x00109b00       0x14 /opt/devkitpro/portlibs/3ds/lib/libbox2d.a(b2_polygon_contact.cpp.obj)
                0x00109b00                b2PolygonContact::~b2PolygonContact()
 .text._ZN16b2PolygonContact8EvaluateEP10b2ManifoldRK11b2TransformS4_
                0x00109b14       0x34 /opt/devkitpro/portlibs/3ds/lib/libbox2d.a(b2_polygon_contact.cpp.obj)
                0x00109b14                b2PolygonContact::Evaluate(b2Manifold*, b2Transform const&, b2Transform const&)
 .text._ZN16b2PolygonContact7DestroyEP9b2ContactP16b2BlockAllocator
                0x00109b48       0x40 /opt/devkitpro/portlibs/3ds/lib/libbox2d.a(b2_polygon_contact.cpp.obj)
                0x00109b48                b2PolygonContact::Destroy(b2Contact*, b2BlockAllocator*)
 .text._ZN16b2PolygonContactC2EP9b2FixtureS1_
                0x00109b88       0x94 /opt/devkitpro/portlibs/3ds/lib/libbox2d.a(b2_polygon_contact.cpp.obj)
                0x00109b88                b2PolygonContact::b2PolygonContact(b2Fixture*, b2Fixture*)
                0x00109b88                b2PolygonContact::b2PolygonContact(b2Fixture*, b2Fixture*)
 .text._ZN16b2PolygonContact6CreateEP9b2FixtureiS1_iP16b2BlockAllocator
                0x00109c1c       0x38 /opt/devkitpro/portlibs/3ds/lib/libbox2d.a(b2_polygon_contact.cpp.obj)
                0x00109c1c                b2PolygonContact::Create(b2Fixture*, int, b2Fixture*, int, b2BlockAllocator*)
 .text._Z16b2CollideCirclesP10b2ManifoldPK13b2CircleShapeRK11b2TransformS3_S6_
                0x00109c54       0xdc /opt/devkitpro/portlibs/3ds/lib/libbox2d.a(b2_collide_circle.cpp.obj)
                0x00109c54                b2CollideCircles(b2Manifold*, b2CircleShape const*, b2Transform const&, b2CircleShape const*, b2Transform const&)
 .text._Z25b2CollidePolygonAndCircleP10b2ManifoldPK14b2PolygonShapeRK11b2TransformPK13b2CircleShapeS6_
                0x00109d30      0x39c /opt/devkitpro/portlibs/3ds/lib/libbox2d.a(b2_collide_circle.cpp.obj)
                0x00109d30                b2CollidePolygonAndCircle(b2Manifold*, b2PolygonShape const*, b2Transform const&, b2CircleShape const*, b2Transform const&)
 .text._Z22b2CollideEdgeAndCircleP10b2ManifoldPK11b2EdgeShapeRK11b2TransformPK13b2CircleShapeS6_
                0x0010a0cc      0x310 /opt/devkitpro/portlibs/3ds/lib/libbox2d.a(b2_collide_edge.cpp.obj)
                0x0010a0cc                b2CollideEdgeAndCircle(b2Manifold*, b2EdgeShape const*, b2Transform const&, b2CircleShape const*, b2Transform const&)
 .text._Z23b2CollideEdgeAndPolygonP10b2ManifoldPK11b2EdgeShapeRK11b2TransformPK14b2PolygonShapeS6_
                0x0010a3dc      0x840 /opt/devkitpro/portlibs/3ds/lib/libbox2d.a(b2_collide_edge.cpp.obj)
                0x0010a3dc                b2CollideEdgeAndPolygon(b2Manifold*, b2EdgeShape const*, b2Transform const&, b2PolygonShape const*, b2Transform const&)
 .text._ZL19b2FindMaxSeparationPiPK14b2PolygonShapeRK11b2TransformS2_S5_.constprop.0
                0x0010ac1c      0x130 /opt/devkitpro/portlibs/3ds/lib/libbox2d.a(b2_collide_polygon.cpp.obj)
 .text._Z17b2CollidePolygonsP10b2ManifoldPK14b2PolygonShapeRK11b2TransformS3_S6_
                0x0010ad4c      0x4c8 /opt/devkitpro/portlibs/3ds/lib/libbox2d.a(b2_collide_polygon.cpp.obj)
                0x0010ad4c                b2CollidePolygons(b2Manifold*, b2PolygonShape const*, b2Transform const&, b2PolygonShape const*, b2Transform const&)
 .text._ZN15b2WorldManifold10InitializeEPK10b2ManifoldRK11b2TransformfS5_f
                0x0010b214      0x3e8 /opt/devkitpro/portlibs/3ds/lib/libbox2d.a(b2_collision.cpp.obj)
                0x0010b214                b2WorldManifold::Initialize(b2Manifold const*, b2Transform const&, float, b2Transform const&, float)
 .text._Z19b2ClipSegmentToLineP12b2ClipVertexPKS_RK6b2Vec2fi
                0x0010b5fc      0x108 /opt/devkitpro/portlibs/3ds/lib/libbox2d.a(b2_collision.cpp.obj)
                0x0010b5fc                b2ClipSegmentToLine(b2ClipVertex*, b2ClipVertex const*, b2Vec2 const&, float, int)
 .text._Z13b2TestOverlapPK7b2ShapeiS1_iRK11b2TransformS4_
                0x0010b704       0xb8 /opt/devkitpro/portlibs/3ds/lib/libbox2d.a(b2_collision.cpp.obj)
                0x0010b704                b2TestOverlap(b2Shape const*, int, b2Shape const*, int, b2Transform const&, b2Transform const&)
 .text._ZN23b2ChainAndCircleContactD2Ev
                0x0010b7bc        0x4 /opt/devkitpro/portlibs/3ds/lib/libbox2d.a(b2_chain_circle_contact.cpp.obj)
                0x0010b7bc                b2ChainAndCircleContact::~b2ChainAndCircleContact()
                0x0010b7bc                b2ChainAndCircleContact::~b2ChainAndCircleContact()
 .text._ZN23b2ChainAndCircleContactD0Ev
                0x0010b7c0       0x14 /opt/devkitpro/portlibs/3ds/lib/libbox2d.a(b2_chain_circle_contact.cpp.obj)
                0x0010b7c0                b2ChainAndCircleContact::~b2ChainAndCircleContact()
 .text._ZN23b2ChainAndCircleContact8EvaluateEP10b2ManifoldRK11b2TransformS4_
                0x0010b7d4       0x8c /opt/devkitpro/portlibs/3ds/lib/libbox2d.a(b2_chain_circle_contact.cpp.obj)
                0x0010b7d4                b2ChainAndCircleContact::Evaluate(b2Manifold*, b2Transform const&, b2Transform const&)
 .text._ZN23b2ChainAndCircleContact6CreateEP9b2FixtureiS1_iP16b2BlockAllocator
                0x0010b860       0xb8 /opt/devkitpro/portlibs/3ds/lib/libbox2d.a(b2_chain_circle_contact.cpp.obj)
                0x0010b860                b2ChainAndCircleContact::Create(b2Fixture*, int, b2Fixture*, int, b2BlockAllocator*)
 .text._ZN23b2ChainAndCircleContact7DestroyEP9b2ContactP16b2BlockAllocator
                0x0010b918       0x40 /opt/devkitpro/portlibs/3ds/lib/libbox2d.a(b2_chain_circle_contact.cpp.obj)
                0x0010b918                b2ChainAndCircleContact::Destroy(b2Contact*, b2BlockAllocator*)
 .text._ZN24b2ChainAndPolygonContactD2Ev
                0x0010b958        0x4 /opt/devkitpro/portlibs/3ds/lib/libbox2d.a(b2_chain_polygon_contact.cpp.obj)
                0x0010b958                b2ChainAndPolygonContact::~b2ChainAndPolygonContact()
                0x0010b958                b2ChainAndPolygonContact::~b2ChainAndPolygonContact()
 .text._ZN24b2ChainAndPolygonContactD0Ev
                0x0010b95c       0x14 /opt/devkitpro/portlibs/3ds/lib/libbox2d.a(b2_chain_polygon_contact.cpp.obj)
                0x0010b95c                b2ChainAndPolygonContact::~b2ChainAndPolygonContact()
 .text._ZN24b2ChainAndPolygonContact8EvaluateEP10b2ManifoldRK11b2TransformS4_
                0x0010b970       0x8c /opt/devkitpro/portlibs/3ds/lib/libbox2d.a(b2_chain_polygon_contact.cpp.obj)
                0x0010b970                b2ChainAndPolygonContact::Evaluate(b2Manifold*, b2Transform const&, b2Transform const&)
 .text._ZN24b2ChainAndPolygonContact6CreateEP9b2FixtureiS1_iP16b2BlockAllocator
                0x0010b9fc       0xb8 /opt/devkitpro/portlibs/3ds/lib/libbox2d.a(b2_chain_polygon_contact.cpp.obj)
                0x0010b9fc                b2ChainAndPolygonContact::Create(b2Fixture*, int, b2Fixture*, int, b2BlockAllocator*)
 .text._ZN24b2ChainAndPolygonContact7DestroyEP9b2ContactP16b2BlockAllocator
                0x0010bab4       0x40 /opt/devkitpro/portlibs/3ds/lib/libbox2d.a(b2_chain_polygon_contact.cpp.obj)
                0x0010bab4                b2ChainAndPolygonContact::Destroy(b2Contact*, b2BlockAllocator*)
 .text._ZN15b2CircleContactD2Ev
                0x0010baf4        0x4 /opt/devkitpro/portlibs/3ds/lib/libbox2d.a(b2_circle_contact.cpp.obj)
                0x0010baf4                b2CircleContact::~b2CircleContact()
                0x0010baf4                b2CircleContact::~b2CircleContact()
 .text._ZN15b2CircleContactD0Ev
                0x0010baf8       0x14 /opt/devkitpro/portlibs/3ds/lib/libbox2d.a(b2_circle_contact.cpp.obj)
                0x0010baf8                b2CircleContact::~b2CircleContact()
 .text._ZN15b2CircleContact8EvaluateEP10b2ManifoldRK11b2TransformS4_
                0x0010bb0c       0x34 /opt/devkitpro/portlibs/3ds/lib/libbox2d.a(b2_circle_contact.cpp.obj)
                0x0010bb0c                b2CircleContact::Evaluate(b2Manifold*, b2Transform const&, b2Transform const&)
 .text._ZN15b2CircleContact7DestroyEP9b2ContactP16b2BlockAllocator
                0x0010bb40       0x40 /opt/devkitpro/portlibs/3ds/lib/libbox2d.a(b2_circle_contact.cpp.obj)
                0x0010bb40                b2CircleContact::Destroy(b2Contact*, b2BlockAllocator*)
 .text._ZN15b2CircleContactC2EP9b2FixtureS1_
                0x0010bb80       0x94 /opt/devkitpro/portlibs/3ds/lib/libbox2d.a(b2_circle_contact.cpp.obj)
                0x0010bb80                b2CircleContact::b2CircleContact(b2Fixture*, b2Fixture*)
                0x0010bb80                b2CircleContact::b2CircleContact(b2Fixture*, b2Fixture*)
 .text._ZN15b2CircleContact6CreateEP9b2FixtureiS1_iP16b2BlockAllocator
                0x0010bc14       0x38 /opt/devkitpro/portlibs/3ds/lib/libbox2d.a(b2_circle_contact.cpp.obj)
                0x0010bc14                b2CircleContact::Create(b2Fixture*, int, b2Fixture*, int, b2BlockAllocator*)
 .text._ZN15b2ContactSolverC2EP18b2ContactSolverDef
                0x0010bc4c      0x2b0 /opt/devkitpro/portlibs/3ds/lib/libbox2d.a(b2_contact_solver.cpp.obj)
                0x0010bc4c                b2ContactSolver::b2ContactSolver(b2ContactSolverDef*)
                0x0010bc4c                b2ContactSolver::b2ContactSolver(b2ContactSolverDef*)
 .text._ZN15b2ContactSolverD2Ev
                0x0010befc       0x24 /opt/devkitpro/portlibs/3ds/lib/libbox2d.a(b2_contact_solver.cpp.obj)
                0x0010befc                b2ContactSolver::~b2ContactSolver()
                0x0010befc                b2ContactSolver::~b2ContactSolver()
 .text._ZN15b2ContactSolver29InitializeVelocityConstraintsEv
                0x0010bf20      0x444 /opt/devkitpro/portlibs/3ds/lib/libbox2d.a(b2_contact_solver.cpp.obj)
                0x0010bf20                b2ContactSolver::InitializeVelocityConstraints()
 .text._ZN15b2ContactSolver9WarmStartEv
                0x0010c364      0x114 /opt/devkitpro/portlibs/3ds/lib/libbox2d.a(b2_contact_solver.cpp.obj)
                0x0010c364                b2ContactSolver::WarmStart()
 .text._ZN15b2ContactSolver24SolveVelocityConstraintsEv
                0x0010c478      0x570 /opt/devkitpro/portlibs/3ds/lib/libbox2d.a(b2_contact_solver.cpp.obj)
                0x0010c478                b2ContactSolver::SolveVelocityConstraints()
 .text._ZN15b2ContactSolver13StoreImpulsesEv
                0x0010c9e8       0x68 /opt/devkitpro/portlibs/3ds/lib/libbox2d.a(b2_contact_solver.cpp.obj)
                0x0010c9e8                b2ContactSolver::StoreImpulses()
 .text._ZN24b2PositionSolverManifold10InitializeEP27b2ContactPositionConstraintRK11b2TransformS4_i
                0x0010ca50      0x304 /opt/devkitpro/portlibs/3ds/lib/libbox2d.a(b2_contact_solver.cpp.obj)
                0x0010ca50                b2PositionSolverManifold::Initialize(b2ContactPositionConstraint*, b2Transform const&, b2Transform const&, int)
 .text._ZN15b2ContactSolver24SolvePositionConstraintsEv
                0x0010cd54      0x2a4 /opt/devkitpro/portlibs/3ds/lib/libbox2d.a(b2_contact_solver.cpp.obj)
                0x0010cd54                b2ContactSolver::SolvePositionConstraints()
 .text._ZN15b2ContactSolver27SolveTOIPositionConstraintsEii
                0x0010cff8      0x2d8 /opt/devkitpro/portlibs/3ds/lib/libbox2d.a(b2_contact_solver.cpp.obj)
                0x0010cff8                b2ContactSolver::SolveTOIPositionConstraints(int, int)
 .text._ZNK12b2ChainShape12GetChildEdgeEP11b2EdgeShapei
                0x0010d2d0       0xb8 /opt/devkitpro/portlibs/3ds/lib/libbox2d.a(b2_chain_shape.cpp.obj)
                0x0010d2d0                b2ChainShape::GetChildEdge(b2EdgeShape*, int) const
 .text._ZNK11b2EdgeShape13GetChildCountEv
                0x0010d388        0x8 /opt/devkitpro/portlibs/3ds/lib/libbox2d.a(b2_edge_shape.cpp.obj)
                0x0010d388                b2EdgeShape::GetChildCount() const
 .text._ZNK11b2EdgeShape9TestPointERK11b2TransformRK6b2Vec2
                0x0010d390        0x8 /opt/devkitpro/portlibs/3ds/lib/libbox2d.a(b2_edge_shape.cpp.obj)
                0x0010d390                b2EdgeShape::TestPoint(b2Transform const&, b2Vec2 const&) const
 .text._ZNK11b2EdgeShape11ComputeMassEP10b2MassDataf
                0x0010d398       0x40 /opt/devkitpro/portlibs/3ds/lib/libbox2d.a(b2_edge_shape.cpp.obj)
                0x0010d398                b2EdgeShape::ComputeMass(b2MassData*, float) const
 .text._ZN11b2EdgeShapeD2Ev
                0x0010d3d8        0x4 /opt/devkitpro/portlibs/3ds/lib/libbox2d.a(b2_edge_shape.cpp.obj)
                0x0010d3d8                b2EdgeShape::~b2EdgeShape()
                0x0010d3d8                b2EdgeShape::~b2EdgeShape()
 .text._ZNK11b2EdgeShape5CloneEP16b2BlockAllocator
                0x0010d3dc       0xb8 /opt/devkitpro/portlibs/3ds/lib/libbox2d.a(b2_edge_shape.cpp.obj)
                0x0010d3dc                b2EdgeShape::Clone(b2BlockAllocator*) const
 .text._ZN11b2EdgeShapeD0Ev
                0x0010d494       0x14 /opt/devkitpro/portlibs/3ds/lib/libbox2d.a(b2_edge_shape.cpp.obj)
                0x0010d494                b2EdgeShape::~b2EdgeShape()
 .text._ZNK11b2EdgeShape7RayCastEP15b2RayCastOutputRK14b2RayCastInputRK11b2Transformi
                0x0010d4a8      0x1cc /opt/devkitpro/portlibs/3ds/lib/libbox2d.a(b2_edge_shape.cpp.obj)
                0x0010d4a8                b2EdgeShape::RayCast(b2RayCastOutput*, b2RayCastInput const&, b2Transform const&, int) const
 .text._ZNK11b2EdgeShape11ComputeAABBEP6b2AABBRK11b2Transformi
                0x0010d674       0xb0 /opt/devkitpro/portlibs/3ds/lib/libbox2d.a(b2_edge_shape.cpp.obj)
                0x0010d674                b2EdgeShape::ComputeAABB(b2AABB*, b2Transform const&, int) const
 .text.C2Di_FrameEndHook
                0x0010d724       0x44 /opt/devkitpro/libctru/lib/libcitro2d.a(base.o)
 .text.C2D_Init
                0x0010d768      0x36c /opt/devkitpro/libctru/lib/libcitro2d.a(base.o)
                0x0010d768                C2D_Init
 .text.C2D_Fini
                0x0010dad4       0x4c /opt/devkitpro/libctru/lib/libcitro2d.a(base.o)
                0x0010dad4                C2D_Fini
 .text.C2D_Prepare
                0x0010db20       0xb8 /opt/devkitpro/libctru/lib/libcitro2d.a(base.o)
                0x0010db20                C2D_Prepare
 .text.C2D_Flush
                0x0010dbd8       0x48 /opt/devkitpro/libctru/lib/libcitro2d.a(base.o)
                0x0010dbd8                C2D_Flush
 .text.C2D_SceneSize
                0x0010dc20      0x104 /opt/devkitpro/libctru/lib/libcitro2d.a(base.o)
                0x0010dc20                C2D_SceneSize
 .text.C2D_CreateScreenTarget
                0x0010dd24       0x58 /opt/devkitpro/libctru/lib/libcitro2d.a(base.o)
                0x0010dd24                C2D_CreateScreenTarget
 .text.C2D_TargetClear
                0x0010dd7c       0x64 /opt/devkitpro/libctru/lib/libcitro2d.a(base.o)
                0x0010dd7c                C2D_TargetClear
 .text.C2Di_AppendQuad
                0x0010dde0       0x58 /opt/devkitpro/libctru/lib/libcitro2d.a(base.o)
                0x0010dde0                C2Di_AppendQuad
 .text.C2Di_AppendVtx
                0x0010de38       0x40 /opt/devkitpro/libctru/lib/libcitro2d.a(base.o)
                0x0010de38                C2Di_AppendVtx
 .text.C2Di_Update
                0x0010de78      0x550 /opt/devkitpro/libctru/lib/libcitro2d.a(base.o)
                0x0010de78                C2Di_Update
 .text.C2D_DrawRectangle
                0x0010e3c8      0x158 /opt/devkitpro/libctru/lib/libcitro2d.a(base.o)
                0x0010e3c8                C2D_DrawRectangle
 .text.C2Di_GlyphComp
                0x0010e520       0x18 /opt/devkitpro/libctru/lib/libcitro2d.a(text.o)
 .text.C2Di_CalcLineWidths
                0x0010e538      0x140 /opt/devkitpro/libctru/lib/libcitro2d.a(text.o)
 .text.C2D_TextBufNew
                0x0010e678      0x1dc /opt/devkitpro/libctru/lib/libcitro2d.a(text.o)
                0x0010e678                C2D_TextBufNew
 .text.C2D_TextBufDelete
                0x0010e854        0x4 /opt/devkitpro/libctru/lib/libcitro2d.a(text.o)
                0x0010e854                C2D_TextBufDelete
 .text.C2D_TextBufClear
                0x0010e858        0xc /opt/devkitpro/libctru/lib/libcitro2d.a(text.o)
                0x0010e858                C2D_TextBufClear
 .text.C2D_TextFontParseLine
                0x0010e864      0x1c8 /opt/devkitpro/libctru/lib/libcitro2d.a(text.o)
                0x0010e864                C2D_TextFontParseLine
 .text.C2D_TextFontParse
                0x0010ea2c       0xa8 /opt/devkitpro/libctru/lib/libcitro2d.a(text.o)
                0x0010ea2c                C2D_TextFontParse
 .text.C2D_TextParse
                0x0010ead4       0x14 /opt/devkitpro/libctru/lib/libcitro2d.a(text.o)
                0x0010ead4                C2D_TextParse
 .text.C2D_TextOptimize
                0x0010eae8       0x30 /opt/devkitpro/libctru/lib/libcitro2d.a(text.o)
                0x0010eae8                C2D_TextOptimize
 .text.C2D_DrawText
                0x0010eb18      0xf6c /opt/devkitpro/libctru/lib/libcitro2d.a(text.o)
                0x0010eb18                C2D_DrawText
 .text.C2D_FontGlyphIndexFromCodePoint
                0x0010fa84       0x44 /opt/devkitpro/libctru/lib/libcitro2d.a(font.o)
                0x0010fa84                C2D_FontGlyphIndexFromCodePoint
 .text.C2D_FontCalcGlyphPos
                0x0010fac8       0x78 /opt/devkitpro/libctru/lib/libcitro2d.a(font.o)
                0x0010fac8                C2D_FontCalcGlyphPos
 .text.AttrInfo_Init
                0x0010fb40       0x28 /opt/devkitpro/libctru/lib/libcitro3d.a(attribs.o)
                0x0010fb40                AttrInfo_Init
 .text.AttrInfo_AddLoader
                0x0010fb68       0x94 /opt/devkitpro/libctru/lib/libcitro3d.a(attribs.o)
                0x0010fb68                AttrInfo_AddLoader
 .text.C3D_SetAttrInfo
                0x0010fbfc       0x54 /opt/devkitpro/libctru/lib/libcitro3d.a(attribs.o)
                0x0010fbfc                C3D_SetAttrInfo
 .text.C3Di_AttrInfoBind
                0x0010fc50       0x80 /opt/devkitpro/libctru/lib/libcitro3d.a(attribs.o)
                0x0010fc50                C3Di_AttrInfoBind
 .text.C3Di_LightEnvUpdate
                0x0010fcd0        0x4 /opt/devkitpro/libctru/lib/libcitro3d.a(base.o)
                0x0010fcd0                C3Di_LightEnvUpdate
 .text.C3Di_LightEnvDirty
                0x0010fcd4        0x4 /opt/devkitpro/libctru/lib/libcitro3d.a(base.o)
                0x0010fcd4                C3Di_LightEnvDirty
 .text.C3Di_AptEventHook
                0x0010fcd8       0xb4 /opt/devkitpro/libctru/lib/libcitro3d.a(base.o)
 .text.C3Di_GasUpdate
                0x0010fd8c        0x4 /opt/devkitpro/libctru/lib/libcitro3d.a(base.o)
                0x0010fd8c                C3Di_GasUpdate
 .text.C3D_Init
                0x0010fd90      0x1d0 /opt/devkitpro/libctru/lib/libcitro3d.a(base.o)
                0x0010fd90                C3D_Init
 .text.C3D_SetViewport
                0x0010ff60       0x98 /opt/devkitpro/libctru/lib/libcitro3d.a(base.o)
                0x0010ff60                C3D_SetViewport
 .text.C3Di_UpdateContext
                0x0010fff8      0x4e8 /opt/devkitpro/libctru/lib/libcitro3d.a(base.o)
                0x0010fff8                C3Di_UpdateContext
 .text.C3Di_SplitFrame
                0x001104e0       0xe0 /opt/devkitpro/libctru/lib/libcitro3d.a(base.o)
                0x001104e0                C3Di_SplitFrame
 .text.C3D_Fini
                0x001105c0       0x44 /opt/devkitpro/libctru/lib/libcitro3d.a(base.o)
                0x001105c0                C3D_Fini
 .text.C3D_BindProgram
                0x00110604      0x194 /opt/devkitpro/libctru/lib/libcitro3d.a(base.o)
                0x00110604                C3D_BindProgram
 .text.BufInfo_Init
                0x00110798       0x24 /opt/devkitpro/libctru/lib/libcitro3d.a(buffers.o)
                0x00110798                BufInfo_Init
 .text.BufInfo_Add
                0x001107bc       0x80 /opt/devkitpro/libctru/lib/libcitro3d.a(buffers.o)
                0x001107bc                BufInfo_Add
 .text.C3D_SetBufInfo
                0x0011083c       0x3c /opt/devkitpro/libctru/lib/libcitro3d.a(buffers.o)
                0x0011083c                C3D_SetBufInfo
 .text.C3Di_BufInfoBind
                0x00110878       0x48 /opt/devkitpro/libctru/lib/libcitro3d.a(buffers.o)
                0x00110878                C3Di_BufInfoBind
 .text.C3D_DrawElements
                0x001108c0      0x21c /opt/devkitpro/libctru/lib/libcitro3d.a(drawElements.o)
                0x001108c0                C3D_DrawElements
 .text.C3D_DepthMap
                0x00110adc       0x40 /opt/devkitpro/libctru/lib/libcitro3d.a(effect.o)
                0x00110adc                C3D_DepthMap
 .text.C3D_CullFace
                0x00110b1c       0x1c /opt/devkitpro/libctru/lib/libcitro3d.a(effect.o)
                0x00110b1c                C3D_CullFace
 .text.C3D_StencilTest
                0x00110b38       0x40 /opt/devkitpro/libctru/lib/libcitro3d.a(effect.o)
                0x00110b38                C3D_StencilTest
 .text.C3D_StencilOp
                0x00110b78       0x24 /opt/devkitpro/libctru/lib/libcitro3d.a(effect.o)
                0x00110b78                C3D_StencilOp
 .text.C3D_BlendingColor
                0x00110b9c       0x1c /opt/devkitpro/libctru/lib/libcitro3d.a(effect.o)
                0x00110b9c                C3D_BlendingColor
 .text.C3D_EarlyDepthTest
                0x00110bb8       0x24 /opt/devkitpro/libctru/lib/libcitro3d.a(effect.o)
                0x00110bb8                C3D_EarlyDepthTest
 .text.C3D_DepthTest
                0x00110bdc       0x2c /opt/devkitpro/libctru/lib/libcitro3d.a(effect.o)
                0x00110bdc                C3D_DepthTest
 .text.C3D_AlphaTest
                0x00110c08       0x2c /opt/devkitpro/libctru/lib/libcitro3d.a(effect.o)
                0x00110c08                C3D_AlphaTest
 .text.C3D_AlphaBlend
                0x00110c34       0x50 /opt/devkitpro/libctru/lib/libcitro3d.a(effect.o)
                0x00110c34                C3D_AlphaBlend
 .text.C3D_FragOpMode
                0x00110c84       0x30 /opt/devkitpro/libctru/lib/libcitro3d.a(effect.o)
                0x00110c84                C3D_FragOpMode
 .text.C3D_FragOpShadow
                0x00110cb4       0x44 /opt/devkitpro/libctru/lib/libcitro3d.a(effect.o)
                0x00110cb4                C3D_FragOpShadow
 .text.C3Di_EffectBind
                0x00110cf8      0x1ac /opt/devkitpro/libctru/lib/libcitro3d.a(effect.o)
                0x00110cf8                C3Di_EffectBind
 .text.C3D_CalcColorBufSize
                0x00110ea4       0x1c /opt/devkitpro/libctru/lib/libcitro3d.a(framebuffer.o)
                0x00110ea4                C3D_CalcColorBufSize
 .text.C3D_CalcDepthBufSize
                0x00110ec0       0x1c /opt/devkitpro/libctru/lib/libcitro3d.a(framebuffer.o)
                0x00110ec0                C3D_CalcDepthBufSize
 .text.C3D_SetFrameBuf
                0x00110edc       0x44 /opt/devkitpro/libctru/lib/libcitro3d.a(framebuffer.o)
                0x00110edc                C3D_SetFrameBuf
 .text.C3Di_FrameBufBind
                0x00110f20      0x16c /opt/devkitpro/libctru/lib/libcitro3d.a(framebuffer.o)
                0x00110f20                C3Di_FrameBufBind
 .text.C3D_FrameBufClear
                0x0011108c       0xc8 /opt/devkitpro/libctru/lib/libcitro3d.a(framebuffer.o)
                0x0011108c                C3D_FrameBufClear
 .text.C3D_FrameBufTransfer
                0x00111154       0x44 /opt/devkitpro/libctru/lib/libcitro3d.a(framebuffer.o)
                0x00111154                C3D_FrameBufTransfer
 .text.C3D_ImmSendAttrib
                0x00111198       0xa8 /opt/devkitpro/libctru/lib/libcitro3d.a(immediate.o)
                0x00111198                C3D_ImmSendAttrib
 .text.C3D_ProcTexInit
                0x00111240       0x70 /opt/devkitpro/libctru/lib/libcitro3d.a(proctex.o)
                0x00111240                C3D_ProcTexInit
 .text.C3D_ProcTexBind
                0x001112b0       0x54 /opt/devkitpro/libctru/lib/libcitro3d.a(proctex.o)
                0x001112b0                C3D_ProcTexBind
 .text.C3D_ProcTexLutBind
                0x00111304       0x5c /opt/devkitpro/libctru/lib/libcitro3d.a(proctex.o)
                0x00111304                C3D_ProcTexLutBind
 .text.ProcTexLut_FromArray
                0x00111360       0xa4 /opt/devkitpro/libctru/lib/libcitro3d.a(proctex.o)
                0x00111360                ProcTexLut_FromArray
 .text.C3Di_ProcTexUpdate
                0x00111404      0x178 /opt/devkitpro/libctru/lib/libcitro3d.a(proctex.o)
                0x00111404                C3Di_ProcTexUpdate
 .text.C3Di_ProcTexDirty
                0x0011157c       0x68 /opt/devkitpro/libctru/lib/libcitro3d.a(proctex.o)
                0x0011157c                C3Di_ProcTexDirty
 .text.onVBlank0
                0x001115e4       0x4c /opt/devkitpro/libctru/lib/libcitro3d.a(renderqueue.o)
 .text.onVBlank1
                0x00111630       0x4c /opt/devkitpro/libctru/lib/libcitro3d.a(renderqueue.o)
 .text.C3Di_RenderTargetDestroy
                0x0011167c       0x80 /opt/devkitpro/libctru/lib/libcitro3d.a(renderqueue.o)
 .text.onQueueFinish
                0x001116fc       0xf4 /opt/devkitpro/libctru/lib/libcitro3d.a(renderqueue.o)
 .text.C3Di_RenderQueueEnableVBlank
                0x001117f0       0x38 /opt/devkitpro/libctru/lib/libcitro3d.a(renderqueue.o)
                0x001117f0                C3Di_RenderQueueEnableVBlank
 .text.C3Di_RenderQueueDisableVBlank
                0x00111828       0x30 /opt/devkitpro/libctru/lib/libcitro3d.a(renderqueue.o)
                0x00111828                C3Di_RenderQueueDisableVBlank
 .text.C3Di_RenderQueueInit
                0x00111858       0x60 /opt/devkitpro/libctru/lib/libcitro3d.a(renderqueue.o)
                0x00111858                C3Di_RenderQueueInit
 .text.C3Di_RenderQueueExit
                0x001118b8       0xb4 /opt/devkitpro/libctru/lib/libcitro3d.a(renderqueue.o)
                0x001118b8                C3Di_RenderQueueExit
 .text.C3Di_RenderQueueWaitDone
                0x0011196c       0x34 /opt/devkitpro/libctru/lib/libcitro3d.a(renderqueue.o)
                0x0011196c                C3Di_RenderQueueWaitDone
 .text.C3D_FrameBegin
                0x001119a0       0xe8 /opt/devkitpro/libctru/lib/libcitro3d.a(renderqueue.o)
                0x001119a0                C3D_FrameBegin
 .text.C3D_FrameDrawOn
                0x00111a88       0x48 /opt/devkitpro/libctru/lib/libcitro3d.a(renderqueue.o)
                0x00111a88                C3D_FrameDrawOn
 .text.C3D_FrameSplit
                0x00111ad0       0x58 /opt/devkitpro/libctru/lib/libcitro3d.a(renderqueue.o)
                0x00111ad0                C3D_FrameSplit
 .text.C3D_FrameEnd
                0x00111b28      0x1d0 /opt/devkitpro/libctru/lib/libcitro3d.a(renderqueue.o)
                0x00111b28                C3D_FrameEnd
 .text.C3D_FrameEndHook
                0x00111cf8       0x1c /opt/devkitpro/libctru/lib/libcitro3d.a(renderqueue.o)
                0x00111cf8                C3D_FrameEndHook
 .text.C3D_RenderTargetCreate
                0x00111d14      0x170 /opt/devkitpro/libctru/lib/libcitro3d.a(renderqueue.o)
                0x00111d14                C3D_RenderTargetCreate
 .text.C3D_RenderTargetSetOutput
                0x00111e84       0xa8 /opt/devkitpro/libctru/lib/libcitro3d.a(renderqueue.o)
                0x00111e84                C3D_RenderTargetSetOutput
 .text.C3D_GetTexEnv
                0x00111f2c       0x34 /opt/devkitpro/libctru/lib/libcitro3d.a(texenv.o)
                0x00111f2c                C3D_GetTexEnv
 .text.C3Di_TexEnvBind
                0x00111f60       0x24 /opt/devkitpro/libctru/lib/libcitro3d.a(texenv.o)
                0x00111f60                C3Di_TexEnvBind
 .text.C3D_TexBind
                0x00111f84       0x44 /opt/devkitpro/libctru/lib/libcitro3d.a(texture.o)
                0x00111f84                C3D_TexBind
 .text.C3Di_SetTex
                0x00111fc8      0x14c /opt/devkitpro/libctru/lib/libcitro3d.a(texture.o)
                0x00111fc8                C3Di_SetTex
 .text.C3D_UpdateUniforms
                0x00112114      0x290 /opt/devkitpro/libctru/lib/libcitro3d.a(uniforms.o)
                0x00112114                C3D_UpdateUniforms
 .text.C3Di_DirtyUniforms
                0x001123a4       0xc0 /opt/devkitpro/libctru/lib/libcitro3d.a(uniforms.o)
                0x001123a4                C3Di_DirtyUniforms
 .text.C3Di_LoadShaderUniforms
                0x00112464       0xd8 /opt/devkitpro/libctru/lib/libcitro3d.a(uniforms.o)
                0x00112464                C3Di_LoadShaderUniforms
 .text.C3Di_ClearShaderUniforms
                0x0011253c       0x28 /opt/devkitpro/libctru/lib/libcitro3d.a(uniforms.o)
                0x0011253c                C3Di_ClearShaderUniforms
 .text.Mtx_Ortho
                0x00112564       0xcc /opt/devkitpro/libctru/lib/libcitro3d.a(mtx_ortho.o)
                0x00112564                Mtx_Ortho
 .text.Mtx_OrthoTilt
                0x00112630       0xcc /opt/devkitpro/libctru/lib/libcitro3d.a(mtx_orthotilt.o)
                0x00112630                Mtx_OrthoTilt
 .text._ZL21addrMapNodeComparatorPK11rbtree_nodeS1_
                0x001126fc       0x24 /opt/devkitpro/libctru/lib/libctru.a(linear.o)
 .text._ZL21addrMapNodeDestructorP11rbtree_node
                0x00112720        0x4 /opt/devkitpro/libctru/lib/libctru.a(linear.o)
 .text.linearMemAlign
                0x00112724      0x120 /opt/devkitpro/libctru/lib/libctru.a(linear.o)
                0x00112724                linearMemAlign
 .text.linearAlloc
                0x00112844        0x8 /opt/devkitpro/libctru/lib/libctru.a(linear.o)
                0x00112844                linearAlloc
 .text.linearFree
                0x0011284c       0x5c /opt/devkitpro/libctru/lib/libctru.a(linear.o)
                0x0011284c                linearFree
 .text._ZN7MemPool13CoalesceRightEP8MemBlock
                0x001128a8       0x84 /opt/devkitpro/libctru/lib/libctru.a(mem_pool.o)
                0x001128a8                MemPool::CoalesceRight(MemBlock*)
 .text._ZN7MemPool8AllocateER8MemChunkmi
                0x0011292c      0x150 /opt/devkitpro/libctru/lib/libctru.a(mem_pool.o)
                0x0011292c                MemPool::Allocate(MemChunk&, unsigned long, int)
 .text._ZN7MemPool10DeallocateERK8MemChunk
                0x00112a7c       0xfc /opt/devkitpro/libctru/lib/libctru.a(mem_pool.o)
                0x00112a7c                MemPool::Deallocate(MemChunk const&)
 .text._ZN7MemPool12GetFreeSpaceEv
                0x00112b78       0x30 /opt/devkitpro/libctru/lib/libctru.a(mem_pool.o)
                0x00112b78                MemPool::GetFreeSpace()
 .text._ZL21addrMapNodeComparatorPK11rbtree_nodeS1_
                0x00112ba8       0x24 /opt/devkitpro/libctru/lib/libctru.a(vram.o)
 .text._ZL21addrMapNodeDestructorP11rbtree_node
                0x00112bcc        0x4 /opt/devkitpro/libctru/lib/libctru.a(vram.o)
 .text.vramMemAlignAt
                0x00112bd0      0x244 /opt/devkitpro/libctru/lib/libctru.a(vram.o)
                0x00112bd0                vramMemAlignAt
 .text.vramAlloc
                0x00112e14        0xc /opt/devkitpro/libctru/lib/libctru.a(vram.o)
                0x00112e14                vramAlloc
 .text.vramAllocAt
                0x00112e20        0xc /opt/devkitpro/libctru/lib/libctru.a(vram.o)
                0x00112e20                vramAllocAt
 .text.vramFree
                0x00112e2c       0x90 /opt/devkitpro/libctru/lib/libctru.a(vram.o)
                0x00112e2c                vramFree
 .text.fontEnsureMapped
                0x00112ebc       0x94 /opt/devkitpro/libctru/lib/libctru.a(font.o)
                0x00112ebc                fontEnsureMapped
 .text.fontGlyphIndexFromCodePoint
                0x00112f50      0x100 /opt/devkitpro/libctru/lib/libctru.a(font.o)
                0x00112f50                fontGlyphIndexFromCodePoint
 .text.fontCalcGlyphPos
                0x00113050      0x1ec /opt/devkitpro/libctru/lib/libctru.a(font.o)
                0x00113050                fontCalcGlyphPos
 .text.gfxPresentFramebuffer
                0x0011323c       0xd0 /opt/devkitpro/libctru/lib/libctru.a(gfx.o)
 .text.gfxIsWide
                0x0011330c       0x1c /opt/devkitpro/libctru/lib/libctru.a(gfx.o)
                0x0011330c                gfxIsWide
 .text.gfxSetScreenFormat
                0x00113328       0xec /opt/devkitpro/libctru/lib/libctru.a(gfx.o)
                0x00113328                gfxSetScreenFormat
 .text.gfxInit  0x00113414       0xd8 /opt/devkitpro/libctru/lib/libctru.a(gfx.o)
                0x00113414                gfxInit
 .text.gfxInitDefault
                0x001134ec       0x10 /opt/devkitpro/libctru/lib/libctru.a(gfx.o)
                0x001134ec                gfxInitDefault
 .text.gfxExit  0x001134fc       0xb4 /opt/devkitpro/libctru/lib/libctru.a(gfx.o)
                0x001134fc                gfxExit
 .text.gfxGetFramebuffer
                0x001135b0       0xa0 /opt/devkitpro/libctru/lib/libctru.a(gfx.o)
                0x001135b0                gfxGetFramebuffer
 .text.gfxScreenSwapBuffers
                0x00113650       0x30 /opt/devkitpro/libctru/lib/libctru.a(gfx.o)
                0x00113650                gfxScreenSwapBuffers
 .text.osConvertVirtToPhys
                0x00113680       0x74 /opt/devkitpro/libctru/lib/libctru.a(os.o)
                0x00113680                osConvertVirtToPhys
 .text.__ctru_speedup_config
                0x001136f4       0x34 /opt/devkitpro/libctru/lib/libctru.a(os.o)
                0x001136f4                __ctru_speedup_config
 .text.GPUCMD_Add
                0x00113728      0x13c /opt/devkitpro/libctru/lib/libctru.a(gpu.o)
                0x00113728                GPUCMD_Add
 .text.GPUCMD_Split
                0x00113864       0xb0 /opt/devkitpro/libctru/lib/libctru.a(gpu.o)
                0x00113864                GPUCMD_Split
 .text.f32tof16
                0x00113914       0x34 /opt/devkitpro/libctru/lib/libctru.a(gpu.o)
                0x00113914                f32tof16
 .text.f32tof24
                0x00113948       0x34 /opt/devkitpro/libctru/lib/libctru.a(gpu.o)
                0x00113948                f32tof24
 .text.f32tof31
                0x0011397c       0x38 /opt/devkitpro/libctru/lib/libctru.a(gpu.o)
                0x0011397c                f32tof31
 .text.GX_BindQueue
                0x001139b4       0x10 /opt/devkitpro/libctru/lib/libctru.a(gx.o)
                0x001139b4                GX_BindQueue
 .text.GX_ProcessCommandList
                0x001139c4       0x78 /opt/devkitpro/libctru/lib/libctru.a(gx.o)
                0x001139c4                GX_ProcessCommandList
 .text.GX_MemoryFill
                0x00113a3c       0x74 /opt/devkitpro/libctru/lib/libctru.a(gx.o)
                0x00113a3c                GX_MemoryFill
 .text.GX_DisplayTransfer
                0x00113ab0       0x70 /opt/devkitpro/libctru/lib/libctru.a(gx.o)
                0x00113ab0                GX_DisplayTransfer
 .text.gxCmdQueueDoCommands.part.0
                0x00113b20       0x68 /opt/devkitpro/libctru/lib/libctru.a(gxqueue.o)
 .text.gxCmdQueueInterrupt
                0x00113b88       0xc8 /opt/devkitpro/libctru/lib/libctru.a(gxqueue.o)
                0x00113b88                gxCmdQueueInterrupt
 .text.gxCmdQueueClear
                0x00113c50       0x4c /opt/devkitpro/libctru/lib/libctru.a(gxqueue.o)
                0x00113c50                gxCmdQueueClear
 .text.gxCmdQueueAdd
                0x00113c9c       0xf8 /opt/devkitpro/libctru/lib/libctru.a(gxqueue.o)
                0x00113c9c                gxCmdQueueAdd
 .text.gxCmdQueueRun
                0x00113d94       0x80 /opt/devkitpro/libctru/lib/libctru.a(gxqueue.o)
                0x00113d94                gxCmdQueueRun
 .text.gxCmdQueueStop
                0x00113e14       0x60 /opt/devkitpro/libctru/lib/libctru.a(gxqueue.o)
                0x00113e14                gxCmdQueueStop
 .text.gxCmdQueueWait
                0x00113e74       0x8c /opt/devkitpro/libctru/lib/libctru.a(gxqueue.o)
                0x00113e74                gxCmdQueueWait
 .text.shaderInstanceInit
                0x00113f00      0x1d0 /opt/devkitpro/libctru/lib/libctru.a(shaderProgram.o)
                0x00113f00                shaderInstanceInit
 .text.shaderInstanceGetUniformLocation
                0x001140d0       0x18 /opt/devkitpro/libctru/lib/libctru.a(shaderProgram.o)
                0x001140d0                shaderInstanceGetUniformLocation
 .text.shaderProgramInit
                0x001140e8       0x1c /opt/devkitpro/libctru/lib/libctru.a(shaderProgram.o)
                0x001140e8                shaderProgramInit
 .text.shaderProgramFree
                0x00114104       0x64 /opt/devkitpro/libctru/lib/libctru.a(shaderProgram.o)
                0x00114104                shaderProgramFree
 .text.shaderProgramSetVsh
                0x00114168       0x80 /opt/devkitpro/libctru/lib/libctru.a(shaderProgram.o)
                0x00114168                shaderProgramSetVsh
 .text.shaderProgramConfigure
                0x001141e8      0x8d0 /opt/devkitpro/libctru/lib/libctru.a(shaderProgram.o)
                0x001141e8                shaderProgramConfigure
 .text.DVLE_GenerateOutmap.part.0
                0x00114ab8      0x1dc /opt/devkitpro/libctru/lib/libctru.a(shbin.o)
 .text.DVLB_ParseFile
                0x00114c94      0x1b0 /opt/devkitpro/libctru/lib/libctru.a(shbin.o)
                0x00114c94                DVLB_ParseFile
 .text.DVLB_Free
                0x00114e44       0x38 /opt/devkitpro/libctru/lib/libctru.a(shbin.o)
                0x00114e44                DVLB_Free
 .text.DVLE_GetUniformRegister
                0x00114e7c       0x74 /opt/devkitpro/libctru/lib/libctru.a(shbin.o)
                0x00114e7c                DVLE_GetUniformRegister
 .text.aptConvertScreenForCapture
                0x00114ef0      0x1b0 /opt/devkitpro/libctru/lib/libctru.a(apt.o)
 .text.aptDspSleep
                0x001150a0        0x8 /opt/devkitpro/libctru/lib/libctru.a(apt.o)
                0x001150a0                aptDspSleep
 .text.aptDspWakeup
                0x001150a8        0x4 /opt/devkitpro/libctru/lib/libctru.a(apt.o)
                0x001150a8                aptDspWakeup
 .text.aptDspCancel
                0x001150ac        0x4 /opt/devkitpro/libctru/lib/libctru.a(apt.o)
                0x001150ac                aptDspCancel
 .text.aptSendCommand
                0x001150b0      0x158 /opt/devkitpro/libctru/lib/libctru.a(apt.o)
                0x001150b0                aptSendCommand
 .text.aptExitProcess
                0x00115208       0x44 /opt/devkitpro/libctru/lib/libctru.a(apt.o)
 .text.aptExit  0x0011524c      0x380 /opt/devkitpro/libctru/lib/libctru.a(apt.o)
                0x0011524c                aptExit
 .text.aptHandleSleep
                0x001155cc       0xd8 /opt/devkitpro/libctru/lib/libctru.a(apt.o)
                0x001155cc                aptHandleSleep
 .text.aptHook  0x001156a4       0x30 /opt/devkitpro/libctru/lib/libctru.a(apt.o)
                0x001156a4                aptHook
 .text.aptUnhook
                0x001156d4       0x30 /opt/devkitpro/libctru/lib/libctru.a(apt.o)
                0x001156d4                aptUnhook
 .text.APT_SleepIfShellClosed
                0x00115704       0x84 /opt/devkitpro/libctru/lib/libctru.a(apt.o)
                0x00115704                APT_SleepIfShellClosed
 .text.aptSetSleepAllowed
                0x00115788       0x78 /opt/devkitpro/libctru/lib/libctru.a(apt.o)
                0x00115788                aptSetSleepAllowed
 .text.APT_UnlockTransition
                0x00115800       0x84 /opt/devkitpro/libctru/lib/libctru.a(apt.o)
                0x00115800                APT_UnlockTransition
 *fill*         0x00115884        0x4 
 .text.aptEventHandler
                0x00115888      0x478 /opt/devkitpro/libctru/lib/libctru.a(apt.o)
 .text.APT_ReceiveParameter
                0x00115d00       0xb0 /opt/devkitpro/libctru/lib/libctru.a(apt.o)
                0x00115d00                APT_ReceiveParameter
 .text.aptReceiveParameter.constprop.0
                0x00115db0       0xac /opt/devkitpro/libctru/lib/libctru.a(apt.o)
 *fill*         0x00115e5c        0x4 
 .text.aptScreenTransfer
                0x00115e60      0x294 /opt/devkitpro/libctru/lib/libctru.a(apt.o)
 .text.aptWaitForWakeUp.isra.0
                0x001160f4      0x2c8 /opt/devkitpro/libctru/lib/libctru.a(apt.o)
 .text.aptJumpToHomeMenu
                0x001163bc       0xf4 /opt/devkitpro/libctru/lib/libctru.a(apt.o)
                0x001163bc                aptJumpToHomeMenu
 .text.aptMainLoop
                0x001164b0       0x48 /opt/devkitpro/libctru/lib/libctru.a(apt.o)
                0x001164b0                aptMainLoop
 .text.aptInit  0x001164f8      0x22c /opt/devkitpro/libctru/lib/libctru.a(apt.o)
                0x001164f8                aptInit
 .text.APT_CheckNew3DS
                0x00116724       0x7c /opt/devkitpro/libctru/lib/libctru.a(apt.o)
                0x00116724                APT_CheckNew3DS
 .text.APT_GetSharedFont
                0x001167a0       0x48 /opt/devkitpro/libctru/lib/libctru.a(apt.o)
                0x001167a0                APT_GetSharedFont
 .text.cfguInit
                0x001167e8       0xa4 /opt/devkitpro/libctru/lib/libctru.a(cfgu.o)
                0x001167e8                cfguInit
 .text.cfguExit
                0x0011688c       0x3c /opt/devkitpro/libctru/lib/libctru.a(cfgu.o)
                0x0011688c                cfguExit
 .text.fsInit   0x001168c8       0xd0 /opt/devkitpro/libctru/lib/libctru.a(fs.o)
                0x001168c8                fsInit
 .text.fsExit   0x00116998       0x3c /opt/devkitpro/libctru/lib/libctru.a(fs.o)
                0x00116998                fsExit
 .text.fsExemptFromSession
                0x001169d4       0x60 /opt/devkitpro/libctru/lib/libctru.a(fs.o)
                0x001169d4                fsExemptFromSession
 .text.fsUnexemptFromSession
                0x00116a34       0x50 /opt/devkitpro/libctru/lib/libctru.a(fs.o)
                0x00116a34                fsUnexemptFromSession
 .text.FSUSER_OpenFile
                0x00116a84       0xcc /opt/devkitpro/libctru/lib/libctru.a(fs.o)
                0x00116a84                FSUSER_OpenFile
 .text.FSUSER_DeleteFile
                0x00116b50       0xbc /opt/devkitpro/libctru/lib/libctru.a(fs.o)
                0x00116b50                FSUSER_DeleteFile
 .text.FSUSER_RenameFile
                0x00116c0c       0xf8 /opt/devkitpro/libctru/lib/libctru.a(fs.o)
                0x00116c0c                FSUSER_RenameFile
 .text.FSUSER_DeleteDirectory
                0x00116d04       0xbc /opt/devkitpro/libctru/lib/libctru.a(fs.o)
                0x00116d04                FSUSER_DeleteDirectory
 .text.FSUSER_CreateFile
                0x00116dc0       0xd4 /opt/devkitpro/libctru/lib/libctru.a(fs.o)
                0x00116dc0                FSUSER_CreateFile
 .text.FSUSER_CreateDirectory
                0x00116e94       0xc4 /opt/devkitpro/libctru/lib/libctru.a(fs.o)
                0x00116e94                FSUSER_CreateDirectory
 .text.FSUSER_RenameDirectory
                0x00116f58       0xf8 /opt/devkitpro/libctru/lib/libctru.a(fs.o)
                0x00116f58                FSUSER_RenameDirectory
 .text.FSUSER_OpenDirectory
                0x00117050       0xb4 /opt/devkitpro/libctru/lib/libctru.a(fs.o)
                0x00117050                FSUSER_OpenDirectory
 .text.FSUSER_OpenArchive
                0x00117104       0x94 /opt/devkitpro/libctru/lib/libctru.a(fs.o)
                0x00117104                FSUSER_OpenArchive
 .text.FSUSER_CloseArchive
                0x00117198       0x8c /opt/devkitpro/libctru/lib/libctru.a(fs.o)
                0x00117198                FSUSER_CloseArchive
 .text.FSUSER_GetSdmcArchiveResource
                0x00117224       0x74 /opt/devkitpro/libctru/lib/libctru.a(fs.o)
                0x00117224                FSUSER_GetSdmcArchiveResource
 .text.FSUSER_IsSdmcWritable
                0x00117298       0x64 /opt/devkitpro/libctru/lib/libctru.a(fs.o)
                0x00117298                FSUSER_IsSdmcWritable
 .text.FSFILE_Read
                0x001172fc       0x58 /opt/devkitpro/libctru/lib/libctru.a(fs.o)
                0x001172fc                FSFILE_Read
 .text.FSFILE_Write
                0x00117354       0x60 /opt/devkitpro/libctru/lib/libctru.a(fs.o)
                0x00117354                FSFILE_Write
 .text.FSFILE_GetSize
                0x001173b4       0x38 /opt/devkitpro/libctru/lib/libctru.a(fs.o)
                0x001173b4                FSFILE_GetSize
 .text.FSFILE_SetSize
                0x001173ec       0x28 /opt/devkitpro/libctru/lib/libctru.a(fs.o)
                0x001173ec                FSFILE_SetSize
 .text.FSFILE_Close
                0x00117414       0x3c /opt/devkitpro/libctru/lib/libctru.a(fs.o)
                0x00117414                FSFILE_Close
 .text.FSFILE_Flush
                0x00117450       0x24 /opt/devkitpro/libctru/lib/libctru.a(fs.o)
                0x00117450                FSFILE_Flush
 .text.FSDIR_Read
                0x00117474       0x50 /opt/devkitpro/libctru/lib/libctru.a(fs.o)
                0x00117474                FSDIR_Read
 .text.FSDIR_Close
                0x001174c4       0x3c /opt/devkitpro/libctru/lib/libctru.a(fs.o)
                0x001174c4                FSDIR_Close
 .text.gspHardwareInit
                0x00117500      0xc70 /opt/devkitpro/libctru/lib/libctru.a(gspgpu.o)
 .text.gspInit  0x00118170      0x248 /opt/devkitpro/libctru/lib/libctru.a(gspgpu.o)
                0x00118170                gspInit
 .text.gspExit  0x001183b8       0xe4 /opt/devkitpro/libctru/lib/libctru.a(gspgpu.o)
                0x001183b8                gspExit
 .text.gspHasGpuRight
                0x0011849c       0x10 /opt/devkitpro/libctru/lib/libctru.a(gspgpu.o)
                0x0011849c                gspHasGpuRight
 .text.gspPresentBuffer
                0x001184ac       0xa0 /opt/devkitpro/libctru/lib/libctru.a(gspgpu.o)
                0x001184ac                gspPresentBuffer
 .text.gspSetEventCallback
                0x0011854c       0x30 /opt/devkitpro/libctru/lib/libctru.a(gspgpu.o)
                0x0011854c                gspSetEventCallback
 .text.gspWaitForEvent
                0x0011857c       0x44 /opt/devkitpro/libctru/lib/libctru.a(gspgpu.o)
                0x0011857c                gspWaitForEvent
 .text.gspWaitForAnyEvent
                0x001185c0       0x4c /opt/devkitpro/libctru/lib/libctru.a(gspgpu.o)
                0x001185c0                gspWaitForAnyEvent
 .text.gspEventThreadMain
                0x0011860c      0x160 /opt/devkitpro/libctru/lib/libctru.a(gspgpu.o)
 .text.gspSubmitGxCommand
                0x0011876c      0x130 /opt/devkitpro/libctru/lib/libctru.a(gspgpu.o)
                0x0011876c                gspSubmitGxCommand
 .text.GSPGPU_FlushDataCache
                0x0011889c       0x50 /opt/devkitpro/libctru/lib/libctru.a(gspgpu.o)
                0x0011889c                GSPGPU_FlushDataCache
 .text.GSPGPU_SetLcdForceBlack
                0x001188ec       0x34 /opt/devkitpro/libctru/lib/libctru.a(gspgpu.o)
                0x001188ec                GSPGPU_SetLcdForceBlack
 .text.GSPGPU_AcquireRight
                0x00118920       0x68 /opt/devkitpro/libctru/lib/libctru.a(gspgpu.o)
                0x00118920                GSPGPU_AcquireRight
 .text.GSPGPU_ReleaseRight
                0x00118988       0x48 /opt/devkitpro/libctru/lib/libctru.a(gspgpu.o)
                0x00118988                GSPGPU_ReleaseRight
 .text.GSPGPU_ImportDisplayCaptureInfo
                0x001189d0       0x7c /opt/devkitpro/libctru/lib/libctru.a(gspgpu.o)
                0x001189d0                GSPGPU_ImportDisplayCaptureInfo
 .text.GSPGPU_SaveVramSysArea
                0x00118a4c       0x2c /opt/devkitpro/libctru/lib/libctru.a(gspgpu.o)
                0x00118a4c                GSPGPU_SaveVramSysArea
 .text.GSPGPU_RestoreVramSysArea
                0x00118a78       0x2c /opt/devkitpro/libctru/lib/libctru.a(gspgpu.o)
                0x00118a78                GSPGPU_RestoreVramSysArea
 .text.hidShouldUseIrrst
                0x00118aa4       0x24 /opt/devkitpro/libctru/lib/libctru.a(hid.o)
                0x00118aa4                hidShouldUseIrrst
 .text.hidInit  0x00118ac8      0x18c /opt/devkitpro/libctru/lib/libctru.a(hid.o)
                0x00118ac8                hidInit
 .text.hidExit  0x00118c54       0xe8 /opt/devkitpro/libctru/lib/libctru.a(hid.o)
                0x00118c54                hidExit
 .text.hidScanInput
                0x00118d3c      0x2a4 /opt/devkitpro/libctru/lib/libctru.a(hid.o)
                0x00118d3c                hidScanInput
 .text.hidKeysHeld
                0x00118fe0       0x10 /opt/devkitpro/libctru/lib/libctru.a(hid.o)
                0x00118fe0                hidKeysHeld
 .text.hidKeysDown
                0x00118ff0       0x10 /opt/devkitpro/libctru/lib/libctru.a(hid.o)
                0x00118ff0                hidKeysDown
 .text.hidTouchRead
                0x00119000       0x18 /opt/devkitpro/libctru/lib/libctru.a(hid.o)
                0x00119000                hidTouchRead
 .text.irrstInit
                0x00119018      0x160 /opt/devkitpro/libctru/lib/libctru.a(irrst.o)
                0x00119018                irrstInit
 .text.irrstExit
                0x00119178       0xcc /opt/devkitpro/libctru/lib/libctru.a(irrst.o)
                0x00119178                irrstExit
 .text.irrstScanInput
                0x00119244       0xb4 /opt/devkitpro/libctru/lib/libctru.a(irrst.o)
                0x00119244                irrstScanInput
 .text.irrstKeysHeld
                0x001192f8       0x24 /opt/devkitpro/libctru/lib/libctru.a(irrst.o)
                0x001192f8                irrstKeysHeld
 .text.ptmSysmInit
                0x0011931c       0x74 /opt/devkitpro/libctru/lib/libctru.a(ptmsysm.o)
                0x0011931c                ptmSysmInit
 .text.ptmSysmExit
                0x00119390       0x3c /opt/devkitpro/libctru/lib/libctru.a(ptmsysm.o)
                0x00119390                ptmSysmExit
 .text.PTMSYSM_ConfigureNew3DSCPU
                0x001193cc       0x34 /opt/devkitpro/libctru/lib/libctru.a(ptmsysm.o)
                0x001193cc                PTMSYSM_ConfigureNew3DSCPU
 .text.rbtree_find
                0x00119400       0x74 /opt/devkitpro/libctru/lib/libctru.a(rbtree_find.o)
                0x00119400                rbtree_find
 .text.rbtree_init
                0x00119474       0x10 /opt/devkitpro/libctru/lib/libctru.a(rbtree_init.o)
                0x00119474                rbtree_init
 .text.do_insert
                0x00119484      0x19c /opt/devkitpro/libctru/lib/libctru.a(rbtree_insert.o)
 .text.rbtree_insert
                0x00119620        0x8 /opt/devkitpro/libctru/lib/libctru.a(rbtree_insert.o)
                0x00119620                rbtree_insert
 .text.rbtree_remove
                0x00119628      0x310 /opt/devkitpro/libctru/lib/libctru.a(rbtree_remove.o)
                0x00119628                rbtree_remove
 .text.rbtree_rotate
                0x00119938       0x90 /opt/devkitpro/libctru/lib/libctru.a(rbtree_rotate.o)
                0x00119938                rbtree_rotate
 .text.decode_utf8
                0x001199c8      0x13c /opt/devkitpro/libctru/lib/libctru.a(decode_utf8.o)
                0x001199c8                decode_utf8
 .text.utf16_to_utf8
                0x00119b04       0xe8 /opt/devkitpro/libctru/lib/libctru.a(utf16_to_utf8.o)
                0x00119b04                utf16_to_utf8
 .text.utf8_to_utf16
                0x00119bec       0xc0 /opt/devkitpro/libctru/lib/libctru.a(utf8_to_utf16.o)
                0x00119bec                utf8_to_utf16
 *fill*         0x00119cac        0x4 
 .text.__system_allocateHeaps
                0x00119cb0      0x1e0 /opt/devkitpro/libctru/lib/libctru.a(allocateHeaps.o)
                0x00119cb0                __system_allocateHeaps
 .text.__libctru_init
                0x00119e90       0x38 /opt/devkitpro/libctru/lib/libctru.a(ctru_init.o)
                0x00119e90                __libctru_init
 .text.__system_initArgv
                0x00119ec8      0x160 /opt/devkitpro/libctru/lib/libctru.a(initArgv.o)
                0x00119ec8                __system_initArgv
 .text.__syscall_getreent
                0x0011a028       0x30 /opt/devkitpro/libctru/lib/libctru.a(syscalls.o)
                0x0011a028                __syscall_getreent
 .text.__syscall_lock_acquire
                0x0011a058        0x4 /opt/devkitpro/libctru/lib/libctru.a(syscalls.o)
                0x0011a058                __syscall_lock_acquire
 .text.__syscall_lock_release
                0x0011a05c        0x4 /opt/devkitpro/libctru/lib/libctru.a(syscalls.o)
                0x0011a05c                __syscall_lock_release
 .text.__syscall_lock_acquire_recursive
                0x0011a060        0x4 /opt/devkitpro/libctru/lib/libctru.a(syscalls.o)
                0x0011a060                __syscall_lock_acquire_recursive
 .text.__syscall_lock_release_recursive
                0x0011a064        0x4 /opt/devkitpro/libctru/lib/libctru.a(syscalls.o)
                0x0011a064                __syscall_lock_release_recursive
 .text.__syscall_exit
                0x0011a068        0x4 /opt/devkitpro/libctru/lib/libctru.a(syscalls.o)
                0x0011a068                __syscall_exit
 .text.initThreadVars
                0x0011a06c       0x50 /opt/devkitpro/libctru/lib/libctru.a(syscalls.o)
                0x0011a06c                initThreadVars
 .text.__system_initSyscalls
                0x0011a0bc       0x80 /opt/devkitpro/libctru/lib/libctru.a(syscalls.o)
                0x0011a0bc                __system_initSyscalls
 .text.svcControlMemory
                0x0011a13c       0x20 /opt/devkitpro/libctru/lib/libctru.a(svc.o)
                0x0011a13c                svcControlMemory
 .text.svcQueryMemory
                0x0011a15c       0x30 /opt/devkitpro/libctru/lib/libctru.a(svc.o)
                0x0011a15c                svcQueryMemory
 .text.svcExitProcess
                0x0011a18c        0x8 /opt/devkitpro/libctru/lib/libctru.a(svc.o)
                0x0011a18c                svcExitProcess
 .text.svcCreateThread
                0x0011a194       0x20 /opt/devkitpro/libctru/lib/libctru.a(svc.o)
                0x0011a194                svcCreateThread
 .text.svcExitThread
                0x0011a1b4        0x8 /opt/devkitpro/libctru/lib/libctru.a(svc.o)
                0x0011a1b4                svcExitThread
 .text.svcSleepThread
                0x0011a1bc        0x8 /opt/devkitpro/libctru/lib/libctru.a(svc.o)
                0x0011a1bc                svcSleepThread
 .text.svcReleaseMutex
                0x0011a1c4        0x8 /opt/devkitpro/libctru/lib/libctru.a(svc.o)
                0x0011a1c4                svcReleaseMutex
 .text.svcCreateEvent
                0x0011a1cc       0x14 /opt/devkitpro/libctru/lib/libctru.a(svc.o)
                0x0011a1cc                svcCreateEvent
 .text.svcSignalEvent
                0x0011a1e0        0x8 /opt/devkitpro/libctru/lib/libctru.a(svc.o)
                0x0011a1e0                svcSignalEvent
 .text.svcClearEvent
                0x0011a1e8        0x8 /opt/devkitpro/libctru/lib/libctru.a(svc.o)
                0x0011a1e8                svcClearEvent
 .text.svcMapMemoryBlock
                0x0011a1f0        0x8 /opt/devkitpro/libctru/lib/libctru.a(svc.o)
                0x0011a1f0                svcMapMemoryBlock
 .text.svcUnmapMemoryBlock
                0x0011a1f8        0x8 /opt/devkitpro/libctru/lib/libctru.a(svc.o)
                0x0011a1f8                svcUnmapMemoryBlock
 .text.svcCreateAddressArbiter
                0x0011a200       0x14 /opt/devkitpro/libctru/lib/libctru.a(svc.o)
                0x0011a200                svcCreateAddressArbiter
 .text.svcArbitrateAddressNoTimeout
                0x0011a214        0x8 /opt/devkitpro/libctru/lib/libctru.a(svc.o)
                0x0011a214                svcArbitrateAddressNoTimeout
 .text.svcCloseHandle
                0x0011a21c        0x8 /opt/devkitpro/libctru/lib/libctru.a(svc.o)
                0x0011a21c                svcCloseHandle
 .text.svcWaitSynchronization
                0x0011a224        0x8 /opt/devkitpro/libctru/lib/libctru.a(svc.o)
                0x0011a224                svcWaitSynchronization
 .text.svcWaitSynchronizationN
                0x0011a22c       0x28 /opt/devkitpro/libctru/lib/libctru.a(svc.o)
                0x0011a22c                svcWaitSynchronizationN
 .text.svcDuplicateHandle
                0x0011a254       0x14 /opt/devkitpro/libctru/lib/libctru.a(svc.o)
                0x0011a254                svcDuplicateHandle
 .text.svcGetSystemTick
                0x0011a268        0x8 /opt/devkitpro/libctru/lib/libctru.a(svc.o)
                0x0011a268                svcGetSystemTick
 .text.svcConnectToPort
                0x0011a270       0x14 /opt/devkitpro/libctru/lib/libctru.a(svc.o)
                0x0011a270                svcConnectToPort
 .text.svcSendSyncRequest
                0x0011a284        0x8 /opt/devkitpro/libctru/lib/libctru.a(svc.o)
                0x0011a284                svcSendSyncRequest
 .text.svcGetResourceLimit
                0x0011a28c       0x14 /opt/devkitpro/libctru/lib/libctru.a(svc.o)
                0x0011a28c                svcGetResourceLimit
 .text.svcGetResourceLimitLimitValues
                0x0011a2a0        0x8 /opt/devkitpro/libctru/lib/libctru.a(svc.o)
                0x0011a2a0                svcGetResourceLimitLimitValues
 .text.svcGetResourceLimitCurrentValues
                0x0011a2a8        0x8 /opt/devkitpro/libctru/lib/libctru.a(svc.o)
                0x0011a2a8                svcGetResourceLimitCurrentValues
 .text.svcBreak
                0x0011a2b0        0x8 /opt/devkitpro/libctru/lib/libctru.a(svc.o)
                0x0011a2b0                svcBreak
 .text.__aeabi_read_tp
                0x0011a2b8        0xc /opt/devkitpro/libctru/lib/libctru.a(readtp.o)
                0x0011a2b8                __aeabi_read_tp
 .text.initSystem
                0x0011a2c4       0x50 /opt/devkitpro/libctru/lib/libctru.a(stack_adjust.o)